Archive member included to satisfy reference by file (symbol)

c:/nxp/mcuxpressoide_11.9.0_2144/ide/plugins/com.nxp.mcuxpresso.tools.win32_11.9.0.202307121226/tools/bin/../lib/gcc/arm-none-eabi/12.3.1/../../../../arm-none-eabi/lib/thumb/v7e-m+fp/hard\libcr_semihost_nf.a(_cr__main.o)
                              ./startup/startup_mk64f12.o (__main)
c:/nxp/mcuxpressoide_11.9.0_2144/ide/plugins/com.nxp.mcuxpresso.tools.win32_11.9.0.202307121226/tools/bin/../lib/gcc/arm-none-eabi/12.3.1/../../../../arm-none-eabi/lib/thumb/v7e-m+fp/hard\libcr_semihost_nf.a(_cr_assert.o)
                              ./source/PIT.o (__assertion_failed)
c:/nxp/mcuxpressoide_11.9.0_2144/ide/plugins/com.nxp.mcuxpresso.tools.win32_11.9.0.202307121226/tools/bin/../lib/gcc/arm-none-eabi/12.3.1/../../../../arm-none-eabi/lib/thumb/v7e-m+fp/hard\libcr_semihost_nf.a(__ciob.o)
                              c:/nxp/mcuxpressoide_11.9.0_2144/ide/plugins/com.nxp.mcuxpresso.tools.win32_11.9.0.202307121226/tools/bin/../lib/gcc/arm-none-eabi/12.3.1/../../../../arm-none-eabi/lib/thumb/v7e-m+fp/hard\libcr_semihost_nf.a(_cr_assert.o) (__Ciob)
c:/nxp/mcuxpressoide_11.9.0_2144/ide/plugins/com.nxp.mcuxpresso.tools.win32_11.9.0.202307121226/tools/bin/../lib/gcc/arm-none-eabi/12.3.1/../../../../arm-none-eabi/lib/thumb/v7e-m+fp/hard\libcr_semihost_nf.a(__sys_appexit.o)
                              c:/nxp/mcuxpressoide_11.9.0_2144/ide/plugins/com.nxp.mcuxpresso.tools.win32_11.9.0.202307121226/tools/bin/../lib/gcc/arm-none-eabi/12.3.1/../../../../arm-none-eabi/lib/thumb/v7e-m+fp/hard\libcr_semihost_nf.a(_cr_assert.o) (__sys_appexit)
c:/nxp/mcuxpressoide_11.9.0_2144/ide/plugins/com.nxp.mcuxpresso.tools.win32_11.9.0.202307121226/tools/bin/../lib/gcc/arm-none-eabi/12.3.1/../../../../arm-none-eabi/lib/thumb/v7e-m+fp/hard\libcr_c.a(memcpy.o)
                              ./utilities/fsl_str.o (memcpy)
c:/nxp/mcuxpressoide_11.9.0_2144/ide/plugins/com.nxp.mcuxpresso.tools.win32_11.9.0.202307121226/tools/bin/../lib/gcc/arm-none-eabi/12.3.1/../../../../arm-none-eabi/lib/thumb/v7e-m+fp/hard\libcr_c.a(memset.o)
                              ./drivers/fsl_adc16.o (memset)
c:/nxp/mcuxpressoide_11.9.0_2144/ide/plugins/com.nxp.mcuxpresso.tools.win32_11.9.0.202307121226/tools/bin/../lib/gcc/arm-none-eabi/12.3.1/../../../../arm-none-eabi/lib/thumb/v7e-m+fp/hard\libcr_c.a(_deferredlazyseek.o)
                              c:/nxp/mcuxpressoide_11.9.0_2144/ide/plugins/com.nxp.mcuxpresso.tools.win32_11.9.0.202307121226/tools/bin/../lib/gcc/arm-none-eabi/12.3.1/../../../../arm-none-eabi/lib/thumb/v7e-m+fp/hard\libcr_semihost_nf.a(_cr_assert.o) (__flsbuf)
c:/nxp/mcuxpressoide_11.9.0_2144/ide/plugins/com.nxp.mcuxpresso.tools.win32_11.9.0.202307121226/tools/bin/../lib/gcc/arm-none-eabi/12.3.1/../../../../arm-none-eabi/lib/thumb/v7e-m+fp/hard\libcr_c.a(_fflush.o)
                              c:/nxp/mcuxpressoide_11.9.0_2144/ide/plugins/com.nxp.mcuxpresso.tools.win32_11.9.0.202307121226/tools/bin/../lib/gcc/arm-none-eabi/12.3.1/../../../../arm-none-eabi/lib/thumb/v7e-m+fp/hard\libcr_c.a(_deferredlazyseek.o) (_fflush)
c:/nxp/mcuxpressoide_11.9.0_2144/ide/plugins/com.nxp.mcuxpresso.tools.win32_11.9.0.202307121226/tools/bin/../lib/gcc/arm-none-eabi/12.3.1/../../../../arm-none-eabi/lib/thumb/v7e-m+fp/hard\libcr_c.a(_writebuf.o)
                              c:/nxp/mcuxpressoide_11.9.0_2144/ide/plugins/com.nxp.mcuxpresso.tools.win32_11.9.0.202307121226/tools/bin/../lib/gcc/arm-none-eabi/12.3.1/../../../../arm-none-eabi/lib/thumb/v7e-m+fp/hard\libcr_c.a(_deferredlazyseek.o) (_Cwritebuf)
c:/nxp/mcuxpressoide_11.9.0_2144/ide/plugins/com.nxp.mcuxpresso.tools.win32_11.9.0.202307121226/tools/bin/../lib/gcc/arm-none-eabi/12.3.1/../../../../arm-none-eabi/lib/thumb/v7e-m+fp/hard\libcr_c.a(alloc.o)
                              ./drivers/fsl_common.o (malloc)
c:/nxp/mcuxpressoide_11.9.0_2144/ide/plugins/com.nxp.mcuxpresso.tools.win32_11.9.0.202307121226/tools/bin/../lib/gcc/arm-none-eabi/12.3.1/../../../../arm-none-eabi/lib/thumb/v7e-m+fp/hard\libcr_c.a(errno.o)
                              ./utilities/fsl_str.o (errno)
c:/nxp/mcuxpressoide_11.9.0_2144/ide/plugins/com.nxp.mcuxpresso.tools.win32_11.9.0.202307121226/tools/bin/../lib/gcc/arm-none-eabi/12.3.1/../../../../arm-none-eabi/lib/thumb/v7e-m+fp/hard\libcr_c.a(fputs.o)
                              c:/nxp/mcuxpressoide_11.9.0_2144/ide/plugins/com.nxp.mcuxpresso.tools.win32_11.9.0.202307121226/tools/bin/../lib/gcc/arm-none-eabi/12.3.1/../../../../arm-none-eabi/lib/thumb/v7e-m+fp/hard\libcr_semihost_nf.a(_cr_assert.o) (fputs)
c:/nxp/mcuxpressoide_11.9.0_2144/ide/plugins/com.nxp.mcuxpresso.tools.win32_11.9.0.202307121226/tools/bin/../lib/gcc/arm-none-eabi/12.3.1/../../../../arm-none-eabi/lib/thumb/v7e-m+fp/hard\libcr_c.a(fseek.o)
[...]
Memory Configuration

Name             Origin             Length             Attributes
PROGRAM_FLASH    0x00000000         0x00100000         xr
SRAM_UPPER       0x20000000         0x00030000         xrw
SRAM_LOWER       0x1fff0000         0x00010000         xrw
FLEX_RAM         0x14000000         0x00001000         xrw
*default*        0x00000000         0xffffffff

Linker script and memory map

LOAD ./utilities/fsl_debug_console.o
LOAD ./utilities/fsl_str.o
LOAD ./startup/startup_mk64f12.o
LOAD ./source/CLOCK.o
LOAD ./source/NVIC.o
LOAD ./source/PIT.o
LOAD ./source/SPI.o
LOAD ./source/lcd_driver.o
LOAD ./source/main.o
LOAD ./source/semihost_hardfault.o
LOAD ./drivers/fsl_adc16.o
LOAD ./drivers/fsl_clock.o
LOAD ./drivers/fsl_common.o
LOAD ./drivers/fsl_common_arm.o
LOAD ./drivers/fsl_dspi.o
LOAD ./drivers/fsl_gpio.o
LOAD ./drivers/fsl_i2c.o
LOAD ./drivers/fsl_pit.o
LOAD ./drivers/fsl_smc.o
LOAD ./drivers/fsl_uart.o
LOAD ./device/system_MK64F12.o
LOAD ./component/uart/fsl_adapter_uart.o
LOAD ./component/serial_manager/fsl_component_serial_manager.o
LOAD ./component/serial_manager/fsl_component_serial_port_uart.o
LOAD ./component/lists/fsl_component_generic_list.o
LOAD ./board/board.o
LOAD ./board/clock_config.o
LOAD ./board/peripherals.o
LOAD ./board/pin_mux.o
START GROUP
LOAD c:/nxp/mcuxpressoide_11.9.0_2144/ide/plugins/com.nxp.mcuxpresso.tools.win32_11.9.0.202307121226/tools/bin/../lib/gcc/arm-none-eabi/12.3.1/../../../../arm-none-eabi/lib/thumb/v7e-m+fp/hard\libcr_semihost_nf.a
LOAD c:/nxp/mcuxpressoide_11.9.0_2144/ide/plugins/com.nxp.mcuxpresso.tools.win32_11.9.0.202307121226/tools/bin/../lib/gcc/arm-none-eabi/12.3.1/../../../../arm-none-eabi/lib/thumb/v7e-m+fp/hard\libcr_c.a
LOAD c:/nxp/mcuxpressoide_11.9.0_2144/ide/plugins/com.nxp.mcuxpresso.tools.win32_11.9.0.202307121226/tools/bin/../lib/gcc/arm-none-eabi/12.3.1/thumb/v7e-m+fp/hard\libcr_eabihelpers.a
LOAD c:/nxp/mcuxpressoide_11.9.0_2144/ide/plugins/com.nxp.mcuxpresso.tools.win32_11.9.0.202307121226/tools/bin/../lib/gcc/arm-none-eabi/12.3.1/thumb/v7e-m+fp/hard\libgcc.a
END GROUP
                0x00000000                        __base_PROGRAM_FLASH = 0x0
                0x00000000                        __base_Flash = 0x0
                0x00100000                        __top_PROGRAM_FLASH = 0x100000
                0x00100000                        __top_Flash = 0x100000
                0x20000000                        __base_SRAM_UPPER = 0x20000000
                0x20000000                        __base_RAM = 0x20000000
                0x20030000                        __top_SRAM_UPPER = 0x20030000
                0x20030000                        __top_RAM = 0x20030000
                0x1fff0000                        __base_SRAM_LOWER = 0x1fff0000
                0x1fff0000                        __base_RAM2 = 0x1fff0000
                0x20000000                        __top_SRAM_LOWER = 0x20000000
                0x20000000                        __top_RAM2 = 0x20000000
                0x14000000                        __base_FLEX_RAM = 0x14000000
                0x14000000                        __base_RAM3 = 0x14000000
                0x14001000                        __top_FLEX_RAM = 0x14001000
                0x14001000                        __top_RAM3 = 0x14001000

.text           0x00000000     0x4968
 FILL mask 0xff
                0x00000000                        __vectors_start__ = ABSOLUTE (.)
 *(SORT_BY_ALIGNMENT(.isr_vector))
 .isr_vector    0x00000000      0x198 ./startup/startup_mk64f12.o
                0x00000000                g_pfnVectors
                0x00000000                __Vectors
                0x00000198                        . = ALIGN (0x4)
                0x00000198                        __section_table_start = .
                0x00000198                        __data_section_table = .
                0x00000198        0x4 LONG 0x4968 LOADADDR (.data)
                0x0000019c        0x4 LONG 0x20000000 ADDR (.data)
                0x000001a0        0x4 LONG 0x10 SIZEOF (.data)
                0x000001a4        0x4 LONG 0x4968 LOADADDR (.data_RAM2)
                0x000001a8        0x4 LONG 0x1fff0000 ADDR (.data_RAM2)
                0x000001ac        0x4 LONG 0x0 SIZEOF (.data_RAM2)
                0x000001b0        0x4 LONG 0x4968 LOADADDR (.data_RAM3)
                0x000001b4        0x4 LONG 0x14000000 ADDR (.data_RAM3)
                0x000001b8        0x4 LONG 0x0 SIZEOF (.data_RAM3)
                0x000001bc                        __data_section_table_end = .
                0x000001bc                        __bss_section_table = .
                0x000001bc        0x4 LONG 0x20000010 ADDR (.bss)
                0x000001c0        0x4 LONG 0x120 SIZEOF (.bss)
                0x000001c4        0x4 LONG 0x1fff0000 ADDR (.bss_RAM2)
                0x000001c8        0x4 LONG 0x0 SIZEOF (.bss_RAM2)
                0x000001cc        0x4 LONG 0x14000000 ADDR (.bss_RAM3)
                0x000001d0        0x4 LONG 0x0 SIZEOF (.bss_RAM3)
                0x000001d4                        __bss_section_table_end = .
                0x000001d4                        __section_table_end = .
 *(SORT_BY_ALIGNMENT(.after_vectors*))
 .after_vectors.reset
                0x000001d4       0x4c ./startup/startup_mk64f12.o
                0x000001d4                ResetISR
 .after_vectors.init_data
                0x00000220       0x1e ./startup/startup_mk64f12.o
                0x00000220                data_init
 .after_vectors.init_bss
                0x0000023e       0x12 ./startup/startup_mk64f12.o
                0x0000023e                bss_init
 .after_vectors
                0x00000250       0x14 ./startup/startup_mk64f12.o
                0x00000250                NMI_Handler
                0x00000254                MemManage_Handler
                0x00000256                BusFault_Handler
                0x00000258                UsageFault_Handler
                0x0000025a                SVC_Handler
                0x0000025c                DebugMon_Handler
                0x0000025e                PendSV_Handler
                0x00000262                DMA_Error_DriverIRQHandler
                0x00000262                FTM1_DriverIRQHandler
                0x00000262                FTM2_DriverIRQHandler
                0x00000262                PIT2_DriverIRQHandler
                0x00000262                SDHC_DriverIRQHandler
                0x00000262                I2S0_Tx_DriverIRQHandler
                0x00000262                RTC_Seconds_DriverIRQHandler
                0x00000262                DMA6_DriverIRQHandler
                0x00000262                LLWU_DriverIRQHandler
                0x00000262                MCM_DriverIRQHandler
                0x00000262                MCG_DriverIRQHandler
                0x00000262                ENET_1588_Timer_DriverIRQHandler
                0x00000262                DAC1_DriverIRQHandler
                0x00000262                LPTMR0_DriverIRQHandler
                0x00000262                CMP1_DriverIRQHandler
                0x00000262                FTM0_DriverIRQHandler
                0x00000262                IntDefaultHandler
                0x00000262                USB0_DriverIRQHandler
                0x00000262                UART5_ERR_DriverIRQHandler
                0x00000262                PORTC_DriverIRQHandler
                0x00000262                DMA11_DriverIRQHandler
                0x00000262                DAC0_DriverIRQHandler
                0x00000262                DMA10_DriverIRQHandler
                0x00000262                CMP2_DriverIRQHandler
                0x00000262                UART2_ERR_DriverIRQHandler
                0x00000262                LVD_LVW_DriverIRQHandler
                0x00000262                PIT0_DriverIRQHandler
                0x00000262                RNG_DriverIRQHandler
                0x00000262                DMA12_DriverIRQHandler
                0x00000262                DMA4_DriverIRQHandler
                0x00000262                USBDCD_DriverIRQHandler
                0x00000262                UART3_ERR_DriverIRQHandler
                0x00000262                DMA3_DriverIRQHandler
                0x00000262                DMA8_DriverIRQHandler
                0x00000262                DMA9_DriverIRQHandler
                0x00000262                UART0_ERR_DriverIRQHandler
                0x00000262                CMT_DriverIRQHandler
                0x00000262                Reserved71_DriverIRQHandler
                0x00000262                ADC1_DriverIRQHandler
                0x00000262                PORTA_DriverIRQHandler
                0x00000262                DMA14_DriverIRQHandler
                0x00000262                PIT3_DriverIRQHandler
                0x00000262                PIT1_DriverIRQHandler
                0x00000262                WDOG_EWM_DriverIRQHandler
                0x00000262                PDB0_DriverIRQHandler
                0x00000262                RTC_DriverIRQHandler
                0x00000262                I2S0_Rx_DriverIRQHandler
                0x00000262                Read_Collision_DriverIRQHandler
                0x00000262                SWI_DriverIRQHandler
                0x00000262                UART4_ERR_DriverIRQHandler
                0x00000262                PORTB_DriverIRQHandler
                0x00000262                UART0_LON_DriverIRQHandler
                0x00000262                DMA0_DriverIRQHandler
                0x00000262                DMA1_DriverIRQHandler
                0x00000262                ENET_Receive_DriverIRQHandler
                0x00000262                DMA13_DriverIRQHandler
                0x00000262                ENET_Error_DriverIRQHandler
                0x00000262                DMA15_DriverIRQHandler
                0x00000262                ADC0_DriverIRQHandler
                0x00000262                CMP0_DriverIRQHandler
                0x00000262                CAN0_DriverIRQHandler
                0x00000262                FTM3_DriverIRQHandler
                0x00000262                DMA5_DriverIRQHandler
                0x00000262                UART1_ERR_DriverIRQHandler
                0x00000262                DMA2_DriverIRQHandler
                0x00000262                ENET_Transmit_DriverIRQHandler
                0x00000262                PORTD_DriverIRQHandler
                0x00000262                PORTE_DriverIRQHandler
                0x00000262                FTFE_DriverIRQHandler
                0x00000262                DMA7_DriverIRQHandler
                0x00000400                        . = 0x400
 *fill*         0x00000264      0x19c ff
                0x00000400                        PROVIDE (__FLASH_CONFIG_START__ = .)
 *(SORT_BY_ALIGNMENT(.FlashConfig))
 .FlashConfig   0x00000400       0x10 ./startup/startup_mk64f12.o
                0x00000400                Flash_Config
                0x00000410                        PROVIDE (__FLASH_CONFIG_END__ = .)
                0x00000001                        ASSERT (! ((__FLASH_CONFIG_START__ == __FLASH_CONFIG_END__)), Linker Flash Config Support Enabled, but no .FlashConfig section provided within application)
 *(SORT_BY_ALIGNMENT(.text*))
 .text.clock_to_vector
                0x00000410       0xe0 ./source/CLOCK.o
                0x00000410                clock_to_vector
 .text.__NVIC_EnableIRQ
                0x000004f0       0x3c ./source/NVIC.o
 .text.__NVIC_SetPriority
                0x0000052c       0x54 ./source/NVIC.o
 .text.PIT_GetDefaultConfig
                0x00000580       0x28 ./source/PIT.o
 .text.PIT_SetTimerPeriod
                0x000005a8       0x38 ./source/PIT.o
 .text.PIT0_IRQHandler
                0x000005e0       0x28 ./source/PIT.o
                0x000005e0                PIT0_IRQHandler
 .text.PIT_clear_irq_status
                0x00000608       0x20 ./source/PIT.o
                0x00000608                PIT_clear_irq_status
 .text.PIT_get_irq_status
                0x00000628       0x20 ./source/PIT.o
                0x00000628                PIT_get_irq_status
 .text.PIT_init
                0x00000648       0xdc ./source/PIT.o
                0x00000648                PIT_init
 .text.SPI_Init
                0x00000724       0x78 ./source/SPI.o
                0x00000724                SPI_Init
 .text.SPI_SendData
                0x0000079c       0x34 ./source/SPI.o
                0x0000079c                SPI_SendData
 .text.LCD_begin
                0x000007d0      0x120 ./source/lcd_driver.o
                0x000007d0                LCD_begin
 .text.setContrast
                0x000008f0       0x48 ./source/lcd_driver.o
                0x000008f0                setContrast
 .text.draw     0x00000938       0x44 ./source/lcd_driver.o
                0x00000938                draw
 .text.setCursor
                0x0000097c       0x80 ./source/lcd_driver.o
                0x0000097c                setCursor
 .text.LCD5110_make
                0x000009fc       0x30 ./source/lcd_driver.o
                0x000009fc                LCD5110_make
 .text.clearLCD
                0x00000a2c       0x7c ./source/lcd_driver.o
                0x00000a2c                clearLCD
 .text.CLOCK_SetSimSafeDivs
                0x00000aa8       0x20 ./source/main.o
 .text.SysTick_Handler
                0x00000ac8       0x24 ./source/main.o
                0x00000ac8                SysTick_Handler
 .text.main     0x00000aec      0x118 ./source/main.o
                0x00000aec                main
 .text.CLOCK_SetEr32kClock
                0x00000c04       0x30 ./drivers/fsl_clock.o
 .text.CLOCK_SetPllFllSelClock
                0x00000c34       0x38 ./drivers/fsl_clock.o
 .text.CLOCK_GetMcgExtClkFreq
                0x00000c6c       0x7c ./drivers/fsl_clock.o
 .text.CLOCK_GetFllExtRefClkFreq
                0x00000ce8       0xb0 ./drivers/fsl_clock.o
 .text.CLOCK_GetInternalRefClkSelectFreq
                0x00000d98       0x4c ./drivers/fsl_clock.o
 .text.CLOCK_GetFllRefClkFreq
                0x00000de4       0x34 ./drivers/fsl_clock.o
 .text.CLOCK_GetOscRangeFromFreq
                0x00000e18       0x3c ./drivers/fsl_clock.o
 .text.CLOCK_GetOsc0ErClkFreq
                0x00000e54       0x44 ./drivers/fsl_clock.o
                0x00000e54                CLOCK_GetOsc0ErClkFreq
 .text.CLOCK_GetEr32kClkFreq
                0x00000e98       0x74 ./drivers/fsl_clock.o
                0x00000e98                CLOCK_GetEr32kClkFreq
 .text.CLOCK_GetPllFllSelClkFreq
                0x00000f0c       0x54 ./drivers/fsl_clock.o
                0x00000f0c                CLOCK_GetPllFllSelClkFreq
 .text.CLOCK_GetFreq
                0x00000f60      0x140 ./drivers/fsl_clock.o
                0x00000f60                CLOCK_GetFreq
 .text.CLOCK_SetSimConfig
                0x000010a0       0x34 ./drivers/fsl_clock.o
                0x000010a0                CLOCK_SetSimConfig
 .text.CLOCK_GetOutClkFreq
                0x000010d4       0x64 ./drivers/fsl_clock.o
                0x000010d4                CLOCK_GetOutClkFreq
 .text.CLOCK_GetFllFreq
                0x00001138       0x84 ./drivers/fsl_clock.o
                0x00001138                CLOCK_GetFllFreq
 .text.CLOCK_GetInternalRefClkFreq
                0x000011bc       0x30 ./drivers/fsl_clock.o
                0x000011bc                CLOCK_GetInternalRefClkFreq
 .text.CLOCK_GetPll0Freq
                0x000011ec       0x78 ./drivers/fsl_clock.o
                0x000011ec                CLOCK_GetPll0Freq
 .text.CLOCK_SetExternalRefClkConfig
                0x00001264       0x6c ./drivers/fsl_clock.o
                0x00001264                CLOCK_SetExternalRefClkConfig
 .text.CLOCK_SetInternalRefClkConfig
                0x000012d0      0x104 ./drivers/fsl_clock.o
                0x000012d0                CLOCK_SetInternalRefClkConfig
 .text.CLOCK_EnablePll0
                0x000013d4       0x88 ./drivers/fsl_clock.o
                0x000013d4                CLOCK_EnablePll0
 .text.CLOCK_InitOsc0
                0x0000145c       0x8c ./drivers/fsl_clock.o
                0x0000145c                CLOCK_InitOsc0
 .text.CLOCK_SetPbeMode
                0x000014e8       0xa8 ./drivers/fsl_clock.o
                0x000014e8                CLOCK_SetPbeMode
 .text.CLOCK_BootToPeeMode
                0x00001590       0x64 ./drivers/fsl_clock.o
                0x00001590                CLOCK_BootToPeeMode
 .text.DSPI_GetInstance
                0x000015f4       0x4c ./drivers/fsl_dspi.o
                0x000015f4                DSPI_GetInstance
 .text.DSPI_GetDummyDataInstance
                0x00001640       0x24 ./drivers/fsl_dspi.o
                0x00001640                DSPI_GetDummyDataInstance
 .text.DSPI_SetDummyData
                0x00001664       0x2c ./drivers/fsl_dspi.o
                0x00001664                DSPI_SetDummyData
 .text.DSPI_MasterInit
                0x00001690      0x16c ./drivers/fsl_dspi.o
                0x00001690                DSPI_MasterInit
 .text.DSPI_MasterSetBaudRate
                0x000017fc      0x12c ./drivers/fsl_dspi.o
                0x000017fc                DSPI_MasterSetBaudRate
 .text.DSPI_MasterSetDelayScaler
                0x00001928       0xe8 ./drivers/fsl_dspi.o
                0x00001928                DSPI_MasterSetDelayScaler
 .text.DSPI_MasterSetDelayTimes
                0x00001a10      0x130 ./drivers/fsl_dspi.o
                0x00001a10                DSPI_MasterSetDelayTimes
 .text.DSPI_MasterTransferBlocking
                0x00001b40      0x488 ./drivers/fsl_dspi.o
                0x00001b40                DSPI_MasterTransferBlocking
 .text.DSPI_CommonIRQHandler
                0x00001fc8       0x44 ./drivers/fsl_dspi.o
 .text.SPI0_DriverIRQHandler
                0x0000200c       0x30 ./drivers/fsl_dspi.o
                0x0000200c                SPI0_DriverIRQHandler
 .text.SPI1_DriverIRQHandler
                0x0000203c       0x30 ./drivers/fsl_dspi.o
                0x0000203c                SPI1_DriverIRQHandler
 .text.SPI2_DriverIRQHandler
                0x0000206c       0x30 ./drivers/fsl_dspi.o
                0x0000206c                SPI2_DriverIRQHandler
 .text.GPIO_PinInit
                0x0000209c       0x64 ./drivers/fsl_gpio.o
                0x0000209c                GPIO_PinInit
 .text.I2C_TransferCommonIRQHandler
                0x00002100       0x58 ./drivers/fsl_i2c.o
 .text.I2C0_DriverIRQHandler
                0x00002158       0x1c ./drivers/fsl_i2c.o
                0x00002158                I2C0_DriverIRQHandler
 .text.I2C1_DriverIRQHandler
                0x00002174       0x1c ./drivers/fsl_i2c.o
                0x00002174                I2C1_DriverIRQHandler
 .text.I2C2_DriverIRQHandler
                0x00002190       0x1c ./drivers/fsl_i2c.o
                0x00002190                I2C2_DriverIRQHandler
 .text.PIT_GetInstance
                0x000021ac       0x44 ./drivers/fsl_pit.o
 .text.PIT_Init
                0x000021f0       0x94 ./drivers/fsl_pit.o
                0x000021f0                PIT_Init
 .text.UART0_DriverIRQHandler
                0x00002284       0x28 ./drivers/fsl_uart.o
                0x00002284                UART0_DriverIRQHandler
 .text.UART1_DriverIRQHandler
                0x000022ac       0x28 ./drivers/fsl_uart.o
                0x000022ac                UART1_DriverIRQHandler
 .text.UART2_DriverIRQHandler
                0x000022d4       0x28 ./drivers/fsl_uart.o
                0x000022d4                UART2_DriverIRQHandler
 .text.UART3_DriverIRQHandler
                0x000022fc       0x28 ./drivers/fsl_uart.o
                0x000022fc                UART3_DriverIRQHandler
 .text.UART4_DriverIRQHandler
                0x00002324       0x28 ./drivers/fsl_uart.o
                0x00002324                UART4_DriverIRQHandler
 .text.UART5_DriverIRQHandler
                0x0000234c       0x28 ./drivers/fsl_uart.o
                0x0000234c                UART5_DriverIRQHandler
 .text.SystemInit
                0x00002374       0x3c ./device/system_MK64F12.o
                0x00002374                SystemInit
 .text.CLOCK_SetSimSafeDivs
                0x000023b0       0x20 ./board/clock_config.o
 .text.CLOCK_SetXtal0Freq
                0x000023d0       0x20 ./board/clock_config.o
 .text.CLOCK_CONFIG_SetFllExtRefDiv
                0x000023f0       0x3c ./board/clock_config.o
 .text.BOARD_BootClockRUN
                0x0000242c       0x60 ./board/clock_config.o
                0x0000242c                BOARD_BootClockRUN
 .text.BOARD_InitPins
                0x0000248c       0x78 ./board/pin_mux.o
                0x0000248c                BOARD_InitPins
 .text.__assertion_failed
                0x00002504       0x4c c:/nxp/mcuxpressoide_11.9.0_2144/ide/plugins/com.nxp.mcuxpresso.tools.win32_11.9.0.202307121226/tools/bin/../lib/gcc/arm-none-eabi/12.3.1/../../../../arm-none-eabi/lib/thumb/v7e-m+fp/hard\libcr_semihost_nf.a(_cr_assert.o)
                0x00002504                __assertion_failed
 .text.__sys_appexit
                0x00002550        0xc c:/nxp/mcuxpressoide_11.9.0_2144/ide/plugins/com.nxp.mcuxpresso.tools.win32_11.9.0.202307121226/tools/bin/../lib/gcc/arm-none-eabi/12.3.1/../../../../arm-none-eabi/lib/thumb/v7e-m+fp/hard\libcr_semihost_nf.a(__sys_appexit.o)
                0x00002550                __sys_appexit
                0x00002550                __exit
 .text._Cwritebuf
                0x0000255c       0x6c c:/nxp/mcuxpressoide_11.9.0_2144/ide/plugins/com.nxp.mcuxpresso.tools.win32_11.9.0.202307121226/tools/bin/../lib/gcc/arm-none-eabi/12.3.1/../../../../arm-none-eabi/lib/thumb/v7e-m+fp/hard\libcr_c.a(_writebuf.o)
                0x0000255c                _Cwritebuf
 .text.malloc   0x000025c8       0xe8 c:/nxp/mcuxpressoide_11.9.0_2144/ide/plugins/com.nxp.mcuxpresso.tools.win32_11.9.0.202307121226/tools/bin/../lib/gcc/arm-none-eabi/12.3.1/../../../../arm-none-eabi/lib/thumb/v7e-m+fp/hard\libcr_c.a(alloc.o)
                0x000025c8                malloc
 .text._Csys_alloc
                0x000026b0       0x20 c:/nxp/mcuxpressoide_11.9.0_2144/ide/plugins/com.nxp.mcuxpresso.tools.win32_11.9.0.202307121226/tools/bin/../lib/gcc/arm-none-eabi/12.3.1/../../../../arm-none-eabi/lib/thumb/v7e-m+fp/hard\libcr_c.a(alloc.o)
                0x000026b0                _Csys_alloc
 .text.fseek    0x000026d0       0xf8 c:/nxp/mcuxpressoide_11.9.0_2144/ide/plugins/com.nxp.mcuxpresso.tools.win32_11.9.0.202307121226/tools/bin/../lib/gcc/arm-none-eabi/12.3.1/../../../../arm-none-eabi/lib/thumb/v7e-m+fp/hard\libcr_c.a(fseek.o)
                0x000026d0                fseek
 .text.ftell    0x000027c8       0x44 c:/nxp/mcuxpressoide_11.9.0_2144/ide/plugins/com.nxp.mcuxpresso.tools.win32_11.9.0.202307121226/tools/bin/../lib/gcc/arm-none-eabi/12.3.1/../../../../arm-none-eabi/lib/thumb/v7e-m+fp/hard\libcr_c.a(ftell.o)
                0x000027c8                ftell
 .text._initio  0x0000280c       0x78 c:/nxp/mcuxpressoide_11.9.0_2144/ide/plugins/com.nxp.mcuxpresso.tools.win32_11.9.0.202307121226/tools/bin/../lib/gcc/arm-none-eabi/12.3.1/../../../../arm-none-eabi/lib/thumb/v7e-m+fp/hard\libcr_c.a(initio.o)
                0x0000280c                _initio
 .text.__vfprintf
                0x00002884      0xb80 c:/nxp/mcuxpressoide_11.9.0_2144/ide/plugins/com.nxp.mcuxpresso.tools.win32_11.9.0.202307121226/tools/bin/../lib/gcc/arm-none-eabi/12.3.1/../../../../arm-none-eabi/lib/thumb/v7e-m+fp/hard\libcr_c.a(printf.o)
                0x00002884                __vfprintf
 .text._vsnprintf
                0x00003404       0x68 c:/nxp/mcuxpressoide_11.9.0_2144/ide/plugins/com.nxp.mcuxpresso.tools.win32_11.9.0.202307121226/tools/bin/../lib/gcc/arm-none-eabi/12.3.1/../../../../arm-none-eabi/lib/thumb/v7e-m+fp/hard\libcr_c.a(printf.o)
                0x00003404                _vsnprintf
 .text._printf  0x0000346c       0x54 c:/nxp/mcuxpressoide_11.9.0_2144/ide/plugins/com.nxp.mcuxpresso.tools.win32_11.9.0.202307121226/tools/bin/../lib/gcc/arm-none-eabi/12.3.1/../../../../arm-none-eabi/lib/thumb/v7e-m+fp/hard\libcr_c.a(printf.o)
                0x0000346c                _printf
 .text._sbrk    0x000034c0       0x3c c:/nxp/mcuxpressoide_11.9.0_2144/ide/plugins/com.nxp.mcuxpresso.tools.win32_11.9.0.202307121226/tools/bin/../lib/gcc/arm-none-eabi/12.3.1/../../../../arm-none-eabi/lib/thumb/v7e-m+fp/hard\libcr_c.a(_cr_sbrk.o)
                0x000034c0                _sbrk
 .text.fflush   0x000034fc       0x3c c:/nxp/mcuxpressoide_11.9.0_2144/ide/plugins/com.nxp.mcuxpresso.tools.win32_11.9.0.202307121226/tools/bin/../lib/gcc/arm-none-eabi/12.3.1/../../../../arm-none-eabi/lib/thumb/v7e-m+fp/hard\libcr_c.a(fflush.o)
                0x000034fc                fflush
 .text.__check_heap_overflow
                0x00003538       0x18 c:/nxp/mcuxpressoide_11.9.0_2144/ide/plugins/com.nxp.mcuxpresso.tools.win32_11.9.0.202307121226/tools/bin/../lib/gcc/arm-none-eabi/12.3.1/../../../../arm-none-eabi/lib/thumb/v7e-m+fp/hard\libcr_c.a(_cr_check_heap.o)
                0x00003538                __check_heap_overflow
 .text.DMA0_IRQHandler
                0x00003550        0x8 ./startup/startup_mk64f12.o
                0x00003550                DMA0_IRQHandler
 .text.DMA1_IRQHandler
                0x00003558        0x8 ./startup/startup_mk64f12.o
                0x00003558                DMA1_IRQHandler
 .text.DMA2_IRQHandler
                0x00003560        0x8 ./startup/startup_mk64f12.o
                0x00003560                DMA2_IRQHandler
 .text.DMA3_IRQHandler
                0x00003568        0x8 ./startup/startup_mk64f12.o
                0x00003568                DMA3_IRQHandler
 .text.DMA4_IRQHandler
                0x00003570        0x8 ./startup/startup_mk64f12.o
                0x00003570                DMA4_IRQHandler
 .text.DMA5_IRQHandler
                0x00003578        0x8 ./startup/startup_mk64f12.o
                0x00003578                DMA5_IRQHandler
 .text.DMA6_IRQHandler
                0x00003580        0x8 ./startup/startup_mk64f12.o
                0x00003580                DMA6_IRQHandler
 .text.DMA7_IRQHandler
                0x00003588        0x8 ./startup/startup_mk64f12.o
                0x00003588                DMA7_IRQHandler
 .text.DMA8_IRQHandler
                0x00003590        0x8 ./startup/startup_mk64f12.o
                0x00003590                DMA8_IRQHandler
 .text.DMA9_IRQHandler
                0x00003598        0x8 ./startup/startup_mk64f12.o
                0x00003598                DMA9_IRQHandler
 .text.DMA10_IRQHandler
                0x000035a0        0x8 ./startup/startup_mk64f12.o
                0x000035a0                DMA10_IRQHandler
 .text.DMA11_IRQHandler
                0x000035a8        0x8 ./startup/startup_mk64f12.o
                0x000035a8                DMA11_IRQHandler
 .text.DMA12_IRQHandler
                0x000035b0        0x8 ./startup/startup_mk64f12.o
                0x000035b0                DMA12_IRQHandler
 .text.DMA13_IRQHandler
                0x000035b8        0x8 ./startup/startup_mk64f12.o
                0x000035b8                DMA13_IRQHandler
 .text.DMA14_IRQHandler
                0x000035c0        0x8 ./startup/startup_mk64f12.o
                0x000035c0                DMA14_IRQHandler
 .text.DMA15_IRQHandler
                0x000035c8        0x8 ./startup/startup_mk64f12.o
                0x000035c8                DMA15_IRQHandler
 .text.DMA_Error_IRQHandler
                0x000035d0        0x8 ./startup/startup_mk64f12.o
                0x000035d0                DMA_Error_IRQHandler
 .text.MCM_IRQHandler
                0x000035d8        0x8 ./startup/startup_mk64f12.o
                0x000035d8                MCM_IRQHandler
 .text.FTFE_IRQHandler
                0x000035e0        0x8 ./startup/startup_mk64f12.o
                0x000035e0                FTFE_IRQHandler
 .text.Read_Collision_IRQHandler
                0x000035e8        0x8 ./startup/startup_mk64f12.o
                0x000035e8                Read_Collision_IRQHandler
 .text.LVD_LVW_IRQHandler
                0x000035f0        0x8 ./startup/startup_mk64f12.o
                0x000035f0                LVD_LVW_IRQHandler
 .text.LLWU_IRQHandler
                0x000035f8        0x8 ./startup/startup_mk64f12.o
                0x000035f8                LLWU_IRQHandler
 .text.WDOG_EWM_IRQHandler
                0x00003600        0x8 ./startup/startup_mk64f12.o
                0x00003600                WDOG_EWM_IRQHandler
 .text.RNG_IRQHandler
                0x00003608        0x8 ./startup/startup_mk64f12.o
                0x00003608                RNG_IRQHandler
 .text.I2C0_IRQHandler
                0x00003610        0x8 ./startup/startup_mk64f12.o
                0x00003610                I2C0_IRQHandler
 .text.I2C1_IRQHandler
                0x00003618        0x8 ./startup/startup_mk64f12.o
                0x00003618                I2C1_IRQHandler
 .text.SPI0_IRQHandler
                0x00003620        0x8 ./startup/startup_mk64f12.o
                0x00003620                SPI0_IRQHandler
 .text.SPI1_IRQHandler
                0x00003628        0x8 ./startup/startup_mk64f12.o
                0x00003628                SPI1_IRQHandler
 .text.I2S0_Tx_IRQHandler
                0x00003630        0x8 ./startup/startup_mk64f12.o
                0x00003630                I2S0_Tx_IRQHandler
 .text.I2S0_Rx_IRQHandler
                0x00003638        0x8 ./startup/startup_mk64f12.o
                0x00003638                I2S0_Rx_IRQHandler
 .text.UART0_LON_IRQHandler
                0x00003640        0x8 ./startup/startup_mk64f12.o
                0x00003640                UART0_LON_IRQHandler
 .text.UART0_RX_TX_IRQHandler
                0x00003648        0x8 ./startup/startup_mk64f12.o
                0x00003648                UART0_RX_TX_IRQHandler
 .text.UART0_ERR_IRQHandler
                0x00003650        0x8 ./startup/startup_mk64f12.o
                0x00003650                UART0_ERR_IRQHandler
 .text.UART1_RX_TX_IRQHandler
                0x00003658        0x8 ./startup/startup_mk64f12.o
                0x00003658                UART1_RX_TX_IRQHandler
 .text.UART1_ERR_IRQHandler
                0x00003660        0x8 ./startup/startup_mk64f12.o
                0x00003660                UART1_ERR_IRQHandler
 .text.UART2_RX_TX_IRQHandler
                0x00003668        0x8 ./startup/startup_mk64f12.o
                0x00003668                UART2_RX_TX_IRQHandler
 .text.UART2_ERR_IRQHandler
                0x00003670        0x8 ./startup/startup_mk64f12.o
                0x00003670                UART2_ERR_IRQHandler
 .text.UART3_RX_TX_IRQHandler
                0x00003678        0x8 ./startup/startup_mk64f12.o
                0x00003678                UART3_RX_TX_IRQHandler
 .text.UART3_ERR_IRQHandler
                0x00003680        0x8 ./startup/startup_mk64f12.o
                0x00003680                UART3_ERR_IRQHandler
 .text.ADC0_IRQHandler
                0x00003688        0x8 ./startup/startup_mk64f12.o
                0x00003688                ADC0_IRQHandler
 .text.CMP0_IRQHandler
                0x00003690        0x8 ./startup/startup_mk64f12.o
                0x00003690                CMP0_IRQHandler
 .text.CMP1_IRQHandler
                0x00003698        0x8 ./startup/startup_mk64f12.o
                0x00003698                CMP1_IRQHandler
 .text.FTM0_IRQHandler
                0x000036a0        0x8 ./startup/startup_mk64f12.o
                0x000036a0                FTM0_IRQHandler
 .text.FTM1_IRQHandler
                0x000036a8        0x8 ./startup/startup_mk64f12.o
                0x000036a8                FTM1_IRQHandler
 .text.FTM2_IRQHandler
                0x000036b0        0x8 ./startup/startup_mk64f12.o
                0x000036b0                FTM2_IRQHandler
 .text.CMT_IRQHandler
                0x000036b8        0x8 ./startup/startup_mk64f12.o
                0x000036b8                CMT_IRQHandler
 .text.RTC_IRQHandler
                0x000036c0        0x8 ./startup/startup_mk64f12.o
                0x000036c0                RTC_IRQHandler
 .text.RTC_Seconds_IRQHandler
                0x000036c8        0x8 ./startup/startup_mk64f12.o
                0x000036c8                RTC_Seconds_IRQHandler
 .text.PIT1_IRQHandler
                0x000036d0        0x8 ./startup/startup_mk64f12.o
                0x000036d0                PIT1_IRQHandler
 .text.PIT2_IRQHandler
                0x000036d8        0x8 ./startup/startup_mk64f12.o
                0x000036d8                PIT2_IRQHandler
 .text.PIT3_IRQHandler
                0x000036e0        0x8 ./startup/startup_mk64f12.o
                0x000036e0                PIT3_IRQHandler
 .text.PDB0_IRQHandler
                0x000036e8        0x8 ./startup/startup_mk64f12.o
                0x000036e8                PDB0_IRQHandler
 .text.USB0_IRQHandler
                0x000036f0        0x8 ./startup/startup_mk64f12.o
                0x000036f0                USB0_IRQHandler
 .text.USBDCD_IRQHandler
                0x000036f8        0x8 ./startup/startup_mk64f12.o
                0x000036f8                USBDCD_IRQHandler
 .text.Reserved71_IRQHandler
                0x00003700        0x8 ./startup/startup_mk64f12.o
                0x00003700                Reserved71_IRQHandler
 .text.DAC0_IRQHandler
                0x00003708        0x8 ./startup/startup_mk64f12.o
                0x00003708                DAC0_IRQHandler
 .text.MCG_IRQHandler
                0x00003710        0x8 ./startup/startup_mk64f12.o
                0x00003710                MCG_IRQHandler
 .text.LPTMR0_IRQHandler
                0x00003718        0x8 ./startup/startup_mk64f12.o
                0x00003718                LPTMR0_IRQHandler
 .text.PORTA_IRQHandler
                0x00003720        0x8 ./startup/startup_mk64f12.o
                0x00003720                PORTA_IRQHandler
 .text.PORTB_IRQHandler
                0x00003728        0x8 ./startup/startup_mk64f12.o
                0x00003728                PORTB_IRQHandler
 .text.PORTC_IRQHandler
                0x00003730        0x8 ./startup/startup_mk64f12.o
                0x00003730                PORTC_IRQHandler
 .text.PORTD_IRQHandler
                0x00003738        0x8 ./startup/startup_mk64f12.o
                0x00003738                PORTD_IRQHandler
 .text.PORTE_IRQHandler
                0x00003740        0x8 ./startup/startup_mk64f12.o
                0x00003740                PORTE_IRQHandler
 .text.SWI_IRQHandler
                0x00003748        0x8 ./startup/startup_mk64f12.o
                0x00003748                SWI_IRQHandler
 .text.SPI2_IRQHandler
                0x00003750        0x8 ./startup/startup_mk64f12.o
                0x00003750                SPI2_IRQHandler
 .text.UART4_RX_TX_IRQHandler
                0x00003758        0x8 ./startup/startup_mk64f12.o
                0x00003758                UART4_RX_TX_IRQHandler
 .text.UART4_ERR_IRQHandler
                0x00003760        0x8 ./startup/startup_mk64f12.o
                0x00003760                UART4_ERR_IRQHandler
 .text.UART5_RX_TX_IRQHandler
                0x00003768        0x8 ./startup/startup_mk64f12.o
                0x00003768                UART5_RX_TX_IRQHandler
 .text.UART5_ERR_IRQHandler
                0x00003770        0x8 ./startup/startup_mk64f12.o
                0x00003770                UART5_ERR_IRQHandler
 .text.CMP2_IRQHandler
                0x00003778        0x8 ./startup/startup_mk64f12.o
                0x00003778                CMP2_IRQHandler
 .text.FTM3_IRQHandler
                0x00003780        0x8 ./startup/startup_mk64f12.o
                0x00003780                FTM3_IRQHandler
 .text.DAC1_IRQHandler
                0x00003788        0x8 ./startup/startup_mk64f12.o
                0x00003788                DAC1_IRQHandler
 .text.ADC1_IRQHandler
                0x00003790        0x8 ./startup/startup_mk64f12.o
                0x00003790                ADC1_IRQHandler
 .text.I2C2_IRQHandler
                0x00003798        0x8 ./startup/startup_mk64f12.o
                0x00003798                I2C2_IRQHandler
 .text.CAN0_ORed_Message_buffer_IRQHandler
                0x000037a0        0x8 ./startup/startup_mk64f12.o
                0x000037a0                CAN0_ORed_Message_buffer_IRQHandler
 .text.CAN0_Bus_Off_IRQHandler
                0x000037a8        0x8 ./startup/startup_mk64f12.o
                0x000037a8                CAN0_Bus_Off_IRQHandler
 .text.CAN0_Error_IRQHandler
                0x000037b0        0x8 ./startup/startup_mk64f12.o
                0x000037b0                CAN0_Error_IRQHandler
 .text.CAN0_Tx_Warning_IRQHandler
                0x000037b8        0x8 ./startup/startup_mk64f12.o
                0x000037b8                CAN0_Tx_Warning_IRQHandler
 .text.CAN0_Rx_Warning_IRQHandler
                0x000037c0        0x8 ./startup/startup_mk64f12.o
                0x000037c0                CAN0_Rx_Warning_IRQHandler
 .text.CAN0_Wake_Up_IRQHandler
                0x000037c8        0x8 ./startup/startup_mk64f12.o
                0x000037c8                CAN0_Wake_Up_IRQHandler
 .text.SDHC_IRQHandler
                0x000037d0        0x8 ./startup/startup_mk64f12.o
                0x000037d0                SDHC_IRQHandler
 .text.ENET_1588_Timer_IRQHandler
                0x000037d8        0x8 ./startup/startup_mk64f12.o
                0x000037d8                ENET_1588_Timer_IRQHandler
 .text.ENET_Transmit_IRQHandler
                0x000037e0        0x8 ./startup/startup_mk64f12.o
                0x000037e0                ENET_Transmit_IRQHandler
 .text.ENET_Receive_IRQHandler
                0x000037e8        0x8 ./startup/startup_mk64f12.o
                0x000037e8                ENET_Receive_IRQHandler
 .text.ENET_Error_IRQHandler
                0x000037f0        0x8 ./startup/startup_mk64f12.o
                0x000037f0                ENET_Error_IRQHandler
 .text.clock_increment
                0x000037f8       0x22 ./source/CLOCK.o
                0x000037f8                clock_increment
 .text.clock_update
                0x0000381a       0x56 ./source/CLOCK.o
                0x0000381a                clock_update
 .text.set_clock
                0x00003870       0x38 ./source/CLOCK.o
                0x00003870                set_clock
 .text.NVIC_enable_interrupt_and_priotity
                0x000038a8       0x30 ./source/NVIC.o
                0x000038a8                NVIC_enable_interrupt_and_priotity
 .text.NVIC_set_basepri_threshold
                0x000038d8       0x24 ./source/NVIC.o
                0x000038d8                NVIC_set_basepri_threshold
 .text.PIT_EnableInterrupts
                0x000038fc       0x3a ./source/PIT.o
 .text.PIT_ClearStatusFlags
                0x00003936       0x2a ./source/PIT.o
 .text.PIT_StartTimer
                0x00003960       0x38 ./source/PIT.o
 .text.CLOCK_EnableClock
                0x00003998       0x34 ./source/lcd_driver.o
 .text.GPIO_PinWrite
                0x000039cc       0x36 ./source/lcd_driver.o
 .text.PORT_SetPinMux
                0x00003a02       0x3a ./source/lcd_driver.o
 .text.HardFault_Handler
                0x00003a3c       0x36 ./source/semihost_hardfault.o
                0x00003a3c                HardFault_Handler
 .text.OSC_SetExtRefClkConfig
                0x00003a72       0x34 ./drivers/fsl_clock.o
 .text.OSC_SetCapLoad
                0x00003aa6       0x34 ./drivers/fsl_clock.o
 .text.CLOCK_GetPll0RefFreq
                0x00003ada        0xe ./drivers/fsl_clock.o
 .text.CLOCK_GetFixedFreqClkFreq
                0x00003ae8       0x34 ./drivers/fsl_clock.o
                0x00003ae8                CLOCK_GetFixedFreqClkFreq
 .text.CLOCK_EnableClock
                0x00003b1c       0x34 ./drivers/fsl_dspi.o
 .text.DSPI_Enable
                0x00003b50       0x38 ./drivers/fsl_dspi.o
 .text.DSPI_GetStatusFlags
                0x00003b88       0x18 ./drivers/fsl_dspi.o
 .text.DSPI_ClearStatusFlags
                0x00003ba0       0x1c ./drivers/fsl_dspi.o
 .text.DSPI_DisableInterrupts
                0x00003bbc       0x24 ./drivers/fsl_dspi.o
 .text.DSPI_SetMasterSlaveMode
                0x00003be0       0x2a ./drivers/fsl_dspi.o
 .text.DSPI_IsMaster
                0x00003c0a       0x26 ./drivers/fsl_dspi.o
 .text.DSPI_StartTransfer
                0x00003c30       0x20 ./drivers/fsl_dspi.o
 .text.DSPI_StopTransfer
                0x00003c50       0x20 ./drivers/fsl_dspi.o
 .text.DSPI_FlushFifo
                0x00003c70       0x48 ./drivers/fsl_dspi.o
 .text.DSPI_MasterGetFormattedCommand
                0x00003cb8       0x4a ./drivers/fsl_dspi.o
 .text.DSPI_ReadData
                0x00003d02       0x18 ./drivers/fsl_dspi.o
 .text.DSPI_SetOnePcsPolarity
                0x00003d1a       0x4e ./drivers/fsl_dspi.o
 .text.GPIO_PinWrite
                0x00003d68       0x36 ./drivers/fsl_gpio.o
 .text.CLOCK_EnableClock
                0x00003d9e       0x34 ./drivers/fsl_pit.o
 .text.UART0_RX_TX_DriverIRQHandler
                0x00003dd2       0x12 ./drivers/fsl_uart.o
                0x00003dd2                UART0_RX_TX_DriverIRQHandler
 .text.UART1_RX_TX_DriverIRQHandler
                0x00003de4       0x12 ./drivers/fsl_uart.o
                0x00003de4                UART1_RX_TX_DriverIRQHandler
 .text.UART2_RX_TX_DriverIRQHandler
                0x00003df6       0x12 ./drivers/fsl_uart.o
                0x00003df6                UART2_RX_TX_DriverIRQHandler
 .text.UART3_RX_TX_DriverIRQHandler
                0x00003e08       0x12 ./drivers/fsl_uart.o
                0x00003e08                UART3_RX_TX_DriverIRQHandler
 .text.UART4_RX_TX_DriverIRQHandler
                0x00003e1a       0x12 ./drivers/fsl_uart.o
                0x00003e1a                UART4_RX_TX_DriverIRQHandler
 .text.UART5_RX_TX_DriverIRQHandler
                0x00003e2c       0x12 ./drivers/fsl_uart.o
                0x00003e2c                UART5_RX_TX_DriverIRQHandler
 .text.SystemInitHook
                0x00003e3e        0xe ./device/system_MK64F12.o
                0x00003e3e                SystemInitHook
 .text.BOARD_InitBootClocks
                0x00003e4c        0xc ./board/clock_config.o
                0x00003e4c                BOARD_InitBootClocks
 .text.CLOCK_EnableClock
                0x00003e58       0x34 ./board/pin_mux.o
 .text.PORT_SetPinMux
                0x00003e8c       0x3a ./board/pin_mux.o
 .text.BOARD_InitBootPins
                0x00003ec6        0xc ./board/pin_mux.o
                0x00003ec6                BOARD_InitBootPins
 .text.__main   0x00003ed2        0xe c:/nxp/mcuxpressoide_11.9.0_2144/ide/plugins/com.nxp.mcuxpresso.tools.win32_11.9.0.202307121226/tools/bin/../lib/gcc/arm-none-eabi/12.3.1/../../../../arm-none-eabi/lib/thumb/v7e-m+fp/hard\libcr_semihost_nf.a(_cr__main.o)
                0x00003ed2                __CR_SEMIHOST
                0x00003ed2                __main
 .text.memset   0x00003ee0        0x4 c:/nxp/mcuxpressoide_11.9.0_2144/ide/plugins/com.nxp.mcuxpresso.tools.win32_11.9.0.202307121226/tools/bin/../lib/gcc/arm-none-eabi/12.3.1/../../../../arm-none-eabi/lib/thumb/v7e-m+fp/hard\libcr_c.a(memset.o)
                0x00003ee0                memset
 .text._deferredlazyseek
                0x00003ee4       0x40 c:/nxp/mcuxpressoide_11.9.0_2144/ide/plugins/com.nxp.mcuxpresso.tools.win32_11.9.0.202307121226/tools/bin/../lib/gcc/arm-none-eabi/12.3.1/../../../../arm-none-eabi/lib/thumb/v7e-m+fp/hard\libcr_c.a(_deferredlazyseek.o)
                0x00003ee4                _deferredlazyseek
 .text.__flsbuf
                0x00003f24      0x140 c:/nxp/mcuxpressoide_11.9.0_2144/ide/plugins/com.nxp.mcuxpresso.tools.win32_11.9.0.202307121226/tools/bin/../lib/gcc/arm-none-eabi/12.3.1/../../../../arm-none-eabi/lib/thumb/v7e-m+fp/hard\libcr_c.a(_deferredlazyseek.o)
                0x00003f24                __flsbuf
 .text._fflush  0x00004064       0x52 c:/nxp/mcuxpressoide_11.9.0_2144/ide/plugins/com.nxp.mcuxpresso.tools.win32_11.9.0.202307121226/tools/bin/../lib/gcc/arm-none-eabi/12.3.1/../../../../arm-none-eabi/lib/thumb/v7e-m+fp/hard\libcr_c.a(_fflush.o)
                0x00004064                _fflush
 .text.free     0x000040b6       0x30 c:/nxp/mcuxpressoide_11.9.0_2144/ide/plugins/com.nxp.mcuxpresso.tools.win32_11.9.0.202307121226/tools/bin/../lib/gcc/arm-none-eabi/12.3.1/../../../../arm-none-eabi/lib/thumb/v7e-m+fp/hard\libcr_c.a(alloc.o)
                0x000040b6                free
 .text.fputs    0x000040e6       0x2c c:/nxp/mcuxpressoide_11.9.0_2144/ide/plugins/com.nxp.mcuxpresso.tools.win32_11.9.0.202307121226/tools/bin/../lib/gcc/arm-none-eabi/12.3.1/../../../../arm-none-eabi/lib/thumb/v7e-m+fp/hard\libcr_c.a(fputs.o)
                0x000040e6                fputs
 .text.no_fp_display
                0x00004112        0x4 c:/nxp/mcuxpressoide_11.9.0_2144/ide/plugins/com.nxp.mcuxpresso.tools.win32_11.9.0.202307121226/tools/bin/../lib/gcc/arm-none-eabi/12.3.1/../../../../arm-none-eabi/lib/thumb/v7e-m+fp/hard\libcr_c.a(printf.o)
 .text.setvbuf  0x00004116       0x3e c:/nxp/mcuxpressoide_11.9.0_2144/ide/plugins/com.nxp.mcuxpresso.tools.win32_11.9.0.202307121226/tools/bin/../lib/gcc/arm-none-eabi/12.3.1/../../../../arm-none-eabi/lib/thumb/v7e-m+fp/hard\libcr_c.a(setvbuf.o)
                0x00004116                setvbuf
 .text.strlen   0x00004154       0x4e c:/nxp/mcuxpressoide_11.9.0_2144/ide/plugins/com.nxp.mcuxpresso.tools.win32_11.9.0.202307121226/tools/bin/../lib/gcc/arm-none-eabi/12.3.1/../../../../arm-none-eabi/lib/thumb/v7e-m+fp/hard\libcr_c.a(strlen.o)
                0x00004154                strlen
 .text._fdopen  0x000041a2       0x68 c:/nxp/mcuxpressoide_11.9.0_2144/ide/plugins/com.nxp.mcuxpresso.tools.win32_11.9.0.202307121226/tools/bin/../lib/gcc/arm-none-eabi/12.3.1/../../../../arm-none-eabi/lib/thumb/v7e-m+fp/hard\libcr_c.a(_fdopen.o)
                0x000041a2                _fdopen
 .text.fclose   0x0000420a       0x58 c:/nxp/mcuxpressoide_11.9.0_2144/ide/plugins/com.nxp.mcuxpresso.tools.win32_11.9.0.202307121226/tools/bin/../lib/gcc/arm-none-eabi/12.3.1/../../../../arm-none-eabi/lib/thumb/v7e-m+fp/hard\libcr_c.a(fclose.o)
                0x0000420a                fclose
 .text.remove   0x00004262       0x14 c:/nxp/mcuxpressoide_11.9.0_2144/ide/plugins/com.nxp.mcuxpresso.tools.win32_11.9.0.202307121226/tools/bin/../lib/gcc/arm-none-eabi/12.3.1/../../../../arm-none-eabi/lib/thumb/v7e-m+fp/hard\libcr_c.a(remove.o)
                0x00004262                remove
 .text._do_fflush
                0x00004276       0x40 c:/nxp/mcuxpressoide_11.9.0_2144/ide/plugins/com.nxp.mcuxpresso.tools.win32_11.9.0.202307121226/tools/bin/../lib/gcc/arm-none-eabi/12.3.1/../../../../arm-none-eabi/lib/thumb/v7e-m+fp/hard\libcr_c.a(_do_fflush.o)
                0x00004276                _do_fflush
 .text.__aeabi_division_uldivmod
                0x000042b6      0x174 c:/nxp/mcuxpressoide_11.9.0_2144/ide/plugins/com.nxp.mcuxpresso.tools.win32_11.9.0.202307121226/tools/bin/../lib/gcc/arm-none-eabi/12.3.1/thumb/v7e-m+fp/hard\libcr_eabihelpers.a(division_64.o)
                0x000042b6                __aeabi_uldivmod
                0x000042ba                __bhs_ldivmod1
 .text.__aeabi_division_idiv0
                0x0000442a        0x2 c:/nxp/mcuxpressoide_11.9.0_2144/ide/plugins/com.nxp.mcuxpresso.tools.win32_11.9.0.202307121226/tools/bin/../lib/gcc/arm-none-eabi/12.3.1/thumb/v7e-m+fp/hard\libcr_eabihelpers.a(division_idiv0.o)
                0x0000442a                __aeabi_idiv0
 .text.__aeabi_memset_lowlevel
                0x0000442c       0x32 c:/nxp/mcuxpressoide_11.9.0_2144/ide/plugins/com.nxp.mcuxpresso.tools.win32_11.9.0.202307121226/tools/bin/../lib/gcc/arm-none-eabi/12.3.1/thumb/v7e-m+fp/hard\libcr_eabihelpers.a(memcpy.o)
                0x0000442c                __aeabi_lowlevel_memset
 .text.__sys_close
                0x0000445e        0xc c:/nxp/mcuxpressoide_11.9.0_2144/ide/plugins/com.nxp.mcuxpresso.tools.win32_11.9.0.202307121226/tools/bin/../lib/gcc/arm-none-eabi/12.3.1/../../../../arm-none-eabi/lib/thumb/v7e-m+fp/hard\libcr_semihost_nf.a(__sys_close.o)
                0x0000445e                __sys_close
 .text.__sys_flen
                0x0000446a        0xc c:/nxp/mcuxpressoide_11.9.0_2144/ide/plugins/com.nxp.mcuxpresso.tools.win32_11.9.0.202307121226/tools/bin/../lib/gcc/arm-none-eabi/12.3.1/../../../../arm-none-eabi/lib/thumb/v7e-m+fp/hard\libcr_semihost_nf.a(__sys_flen.o)
                0x0000446a                __sys_flen
 .text.__sys_istty
                0x00004476        0xc c:/nxp/mcuxpressoide_11.9.0_2144/ide/plugins/com.nxp.mcuxpresso.tools.win32_11.9.0.202307121226/tools/bin/../lib/gcc/arm-none-eabi/12.3.1/../../../../arm-none-eabi/lib/thumb/v7e-m+fp/hard\libcr_semihost_nf.a(__sys_istty.o)
                0x00004476                __sys_istty
 .text.__sys_remove
                0x00004482        0xc c:/nxp/mcuxpressoide_11.9.0_2144/ide/plugins/com.nxp.mcuxpresso.tools.win32_11.9.0.202307121226/tools/bin/../lib/gcc/arm-none-eabi/12.3.1/../../../../arm-none-eabi/lib/thumb/v7e-m+fp/hard\libcr_semihost_nf.a(__sys_remove.o)
                0x00004482                __sys_remove
 .text.__sys_seek
                0x0000448e        0xc c:/nxp/mcuxpressoide_11.9.0_2144/ide/plugins/com.nxp.mcuxpresso.tools.win32_11.9.0.202307121226/tools/bin/../lib/gcc/arm-none-eabi/12.3.1/../../../../arm-none-eabi/lib/thumb/v7e-m+fp/hard\libcr_semihost_nf.a(__sys_seek.o)
                0x0000448e                __sys_seek
 .text.__sys_tmpnam
                0x0000449a        0xc c:/nxp/mcuxpressoide_11.9.0_2144/ide/plugins/com.nxp.mcuxpresso.tools.win32_11.9.0.202307121226/tools/bin/../lib/gcc/arm-none-eabi/12.3.1/../../../../arm-none-eabi/lib/thumb/v7e-m+fp/hard\libcr_semihost_nf.a(__sys_tmpnam.o)
                0x0000449a                __sys_tmpnam
 .text.__sys_write
                0x000044a6        0xc c:/nxp/mcuxpressoide_11.9.0_2144/ide/plugins/com.nxp.mcuxpresso.tools.win32_11.9.0.202307121226/tools/bin/../lib/gcc/arm-none-eabi/12.3.1/../../../../arm-none-eabi/lib/thumb/v7e-m+fp/hard\libcr_semihost_nf.a(__sys_write.o)
                0x000044a6                __sys_write
 *(SORT_BY_ALIGNMENT(.rodata) SORT_BY_ALIGNMENT(.rodata.*) SORT_BY_ALIGNMENT(.constdata) SORT_BY_ALIGNMENT(.constdata.*))
 *fill*         0x000044b2        0x2 ff
 .rodata.PIT_GetDefaultConfig.str1.4
                0x000044b4       0x44 ./source/PIT.o
 .rodata.PIT_SetTimerPeriod.str1.4
                0x000044f8       0x41 ./source/PIT.o
 *fill*         0x00004539        0x3 ff
 .rodata        0x0000453c        0x2 ./source/lcd_driver.o
 *fill*         0x0000453e        0x2 ff
 .rodata.LCD_begin.str1.4
                0x00004540        0x7 ./source/lcd_driver.o
 *fill*         0x00004547        0x1 ff
 .rodata.main.str1.4
                0x00004548       0x22 ./source/main.o
 *fill*         0x0000456a        0x2 ff
 .rodata.CLOCK_GetMcgExtClkFreq.str1.4
                0x0000456c       0x49 ./drivers/fsl_clock.o
 *fill*         0x000045b5        0x3 ff
 .rodata.CLOCK_GetOsc0ErClkFreq.str1.4
                0x000045b8       0x1e ./drivers/fsl_clock.o
 *fill*         0x000045d6        0x2 ff
 .rodata.CLOCK_GetEr32kClkFreq.str1.4
                0x000045d8       0x1f ./drivers/fsl_clock.o
 *fill*         0x000045f7        0x1 ff
 .rodata.CLOCK_GetPll0Freq.str1.4
                0x000045f8       0x1d ./drivers/fsl_clock.o
 *fill*         0x00004615        0x3 ff
 .rodata.CLOCK_EnablePll0.str1.4
                0x00004618       0x1a ./drivers/fsl_clock.o
 *fill*         0x00004632        0x2 ff
 .rodata.CLOCK_SetPbeMode.str1.4
                0x00004634       0x1a ./drivers/fsl_clock.o
 *fill*         0x0000464e        0x2 ff
 .rodata.CLOCK_BootToPeeMode.str1.4
                0x00004650       0x1a ./drivers/fsl_clock.o
 *fill*         0x0000466a        0x2 ff
 .rodata.fllFactorTable.1
                0x0000466c       0x10 ./drivers/fsl_clock.o
 .rodata.s_baudratePrescaler
                0x0000467c       0x10 ./drivers/fsl_dspi.o
 .rodata.s_baudrateScaler
                0x0000468c       0x40 ./drivers/fsl_dspi.o
 .rodata.s_delayPrescaler
                0x000046cc       0x10 ./drivers/fsl_dspi.o
 .rodata.s_delayScaler
                0x000046dc       0x40 ./drivers/fsl_dspi.o
 .rodata.s_dspiBases
                0x0000471c        0xc ./drivers/fsl_dspi.o
 .rodata.s_dspiClock
                0x00004728        0xc ./drivers/fsl_dspi.o
 .rodata.DSPI_GetInstance.str1.4
                0x00004734       0x34 ./drivers/fsl_dspi.o
 .rodata.DSPI_MasterInit.str1.4
                0x00004768       0x3f ./drivers/fsl_dspi.o
 *fill*         0x000047a7        0x1 ff
 .rodata.DSPI_MasterSetDelayScaler.str1.4
                0x000047a8       0x17 ./drivers/fsl_dspi.o
 *fill*         0x000047bf        0x1 ff
 .rodata.DSPI_MasterTransferBlocking.str1.4
                0x000047c0       0x22 ./drivers/fsl_dspi.o
 *fill*         0x000047e2        0x2 ff
 .rodata.SPI0_DriverIRQHandler.str1.4
                0x000047e4       0x2a ./drivers/fsl_dspi.o
 *fill*         0x0000480e        0x2 ff
 .rodata.SPI1_DriverIRQHandler.str1.4
                0x00004810       0x2a ./drivers/fsl_dspi.o
 *fill*         0x0000483a        0x2 ff
 .rodata.SPI2_DriverIRQHandler.str1.4
                0x0000483c       0x2a ./drivers/fsl_dspi.o
 *fill*         0x00004866        0x2 ff
 .rodata.GPIO_PinInit.str1.4
                0x00004868       0x20 ./drivers/fsl_gpio.o
 .rodata.PIT_GetInstance.str1.4
                0x00004888       0x31 ./drivers/fsl_pit.o
 *fill*         0x000048b9        0x3 ff
 .rodata.PIT_Init.str1.4
                0x000048bc       0x1e ./drivers/fsl_pit.o
 *fill*         0x000048da        0x2 ff
 .rodata.mcgConfig_BOARD_BootClockRUN
                0x000048dc        0xb ./board/clock_config.o
                0x000048dc                mcgConfig_BOARD_BootClockRUN
 *fill*         0x000048e7        0x1 ff
 .rodata.simConfig_BOARD_BootClockRUN
                0x000048e8        0x8 ./board/clock_config.o
                0x000048e8                simConfig_BOARD_BootClockRUN
 .rodata.oscConfig_BOARD_BootClockRUN
                0x000048f0        0x8 ./board/clock_config.o
                0x000048f0                oscConfig_BOARD_BootClockRUN
 .rodata.__num_Ciob_streams
                0x000048f8        0x4 c:/nxp/mcuxpressoide_11.9.0_2144/ide/plugins/com.nxp.mcuxpresso.tools.win32_11.9.0.202307121226/tools/bin/../lib/gcc/arm-none-eabi/12.3.1/../../../../arm-none-eabi/lib/thumb/v7e-m+fp/hard\libcr_semihost_nf.a(__ciob.o)
                0x000048f8                __num_Ciob_streams
 .rodata.__assertion_failed.str1.1
                0x000048fc       0x15 c:/nxp/mcuxpressoide_11.9.0_2144/ide/plugins/com.nxp.mcuxpresso.tools.win32_11.9.0.202307121226/tools/bin/../lib/gcc/arm-none-eabi/12.3.1/../../../../arm-none-eabi/lib/thumb/v7e-m+fp/hard\libcr_semihost_nf.a(_cr_assert.o)
 .rodata._Csys_alloc.str1.1
                0x00004911       0x18 c:/nxp/mcuxpressoide_11.9.0_2144/ide/plugins/com.nxp.mcuxpresso.tools.win32_11.9.0.202307121226/tools/bin/../lib/gcc/arm-none-eabi/12.3.1/../../../../arm-none-eabi/lib/thumb/v7e-m+fp/hard\libcr_c.a(alloc.o)
 .rodata._initio.str1.1
                0x00004929        0x4 c:/nxp/mcuxpressoide_11.9.0_2144/ide/plugins/com.nxp.mcuxpresso.tools.win32_11.9.0.202307121226/tools/bin/../lib/gcc/arm-none-eabi/12.3.1/../../../../arm-none-eabi/lib/thumb/v7e-m+fp/hard\libcr_c.a(initio.o)
 .rodata.__vfprintf.str1.1
                0x0000492d       0x35 c:/nxp/mcuxpressoide_11.9.0_2144/ide/plugins/com.nxp.mcuxpresso.tools.win32_11.9.0.202307121226/tools/bin/../lib/gcc/arm-none-eabi/12.3.1/../../../../arm-none-eabi/lib/thumb/v7e-m+fp/hard\libcr_c.a(printf.o)
                                 0x38 (size before relaxing)
                0x00004968                        . = ALIGN (0x8)
 *fill*         0x00004962        0x6 ff

.glue_7         0x00004968        0x0
 .glue_7        0x00004968        0x0 linker stubs

.glue_7t        0x00004968        0x0
 .glue_7t       0x00004968        0x0 linker stubs

.vfp11_veneer   0x00004968        0x0
 .vfp11_veneer  0x00004968        0x0 linker stubs

.v4_bx          0x00004968        0x0
 .v4_bx         0x00004968        0x0 linker stubs

.iplt           0x00004968        0x0
 .iplt          0x00004968        0x0 ./startup/startup_mk64f12.o

.rel.dyn        0x00004968        0x0
 .rel.iplt      0x00004968        0x0 ./startup/startup_mk64f12.o

.ARM.extab
 *(SORT_BY_ALIGNMENT(.ARM.extab*) SORT_BY_ALIGNMENT(.gnu.linkonce.armextab.*))

.ARM.exidx      0x00004968        0x0
                0x00004968                        __exidx_start = .
 *(SORT_BY_ALIGNMENT(.ARM.exidx*) SORT_BY_ALIGNMENT(.gnu.linkonce.armexidx.*))
                0x00004968                        __exidx_end = .
                0x00004968                        _etext = .

.m_usb_data
 *(SORT_BY_ALIGNMENT(m_usb_bdt))

.data_RAM2      0x1fff0000        0x0 load address 0x00004968
 FILL mask 0xff
                [!provide]                        PROVIDE (__start_data_RAM2 = .)
                [!provide]                        PROVIDE (__start_data_SRAM_LOWER = .)
 *(SORT_BY_ALIGNMENT(.ramfunc.$RAM2))
 *(SORT_BY_ALIGNMENT(.ramfunc.$SRAM_LOWER))
 *(SORT_BY_ALIGNMENT(.data.$RAM2))
 *(SORT_BY_ALIGNMENT(.data.$SRAM_LOWER))
 *(SORT_BY_ALIGNMENT(.data.$RAM2.*))
 *(SORT_BY_ALIGNMENT(.data.$SRAM_LOWER.*))
                0x1fff0000                        . = ALIGN (0x8)
                [!provide]                        PROVIDE (__end_data_RAM2 = .)
                [!provide]                        PROVIDE (__end_data_SRAM_LOWER = .)

.data_RAM3      0x14000000        0x0 load address 0x00004968
 FILL mask 0xff
                [!provide]                        PROVIDE (__start_data_RAM3 = .)
                [!provide]                        PROVIDE (__start_data_FLEX_RAM = .)
 *(SORT_BY_ALIGNMENT(.ramfunc.$RAM3))
 *(SORT_BY_ALIGNMENT(.ramfunc.$FLEX_RAM))
 *(SORT_BY_ALIGNMENT(.data.$RAM3))
 *(SORT_BY_ALIGNMENT(.data.$FLEX_RAM))
 *(SORT_BY_ALIGNMENT(.data.$RAM3.*))
 *(SORT_BY_ALIGNMENT(.data.$FLEX_RAM.*))
                0x14000000                        . = ALIGN (0x8)
                [!provide]                        PROVIDE (__end_data_RAM3 = .)
                [!provide]                        PROVIDE (__end_data_FLEX_RAM = .)

.uninit_RESERVED
                0x20000000        0x0
                0x20000000                        _start_uninit_RESERVED = .
 *(SORT_BY_ALIGNMENT(.bss.$RESERVED*))
                0x20000000                        . = ALIGN (0x8)
                0x20000000                        _end_uninit_RESERVED = .

.data           0x20000000       0x10 load address 0x00004968
 FILL mask 0xff
                0x20000000                        _data = .
                [!provide]                        PROVIDE (__start_data_RAM = .)
                [!provide]                        PROVIDE (__start_data_SRAM_UPPER = .)
 *(SORT_BY_ALIGNMENT(vtable))
 *(SORT_BY_ALIGNMENT(.ramfunc*))
 *(SORT_BY_ALIGNMENT(CodeQuickAccess))
 *(SORT_BY_ALIGNMENT(DataQuickAccess))
 *(SORT_BY_ALIGNMENT(RamFunction))
 *(SORT_BY_ALIGNMENT(.data*))
 .data.g_systickCounter
                0x20000000        0x4 ./source/main.o
                0x20000000                g_systickCounter
 .data.s_slowIrcFreq
                0x20000004        0x4 ./drivers/fsl_clock.o
 .data.s_fastIrcFreq
                0x20000008        0x4 ./drivers/fsl_clock.o
 .data.SystemCoreClock
                0x2000000c        0x4 ./device/system_MK64F12.o
                0x2000000c                SystemCoreClock
                0x20000010                        . = ALIGN (0x8)
                0x20000010                        _edata = .
                [!provide]                        PROVIDE (__end_data_RAM = .)
                [!provide]                        PROVIDE (__end_data_SRAM_UPPER = .)

.igot.plt       0x20000010        0x0 load address 0x00004978
 .igot.plt      0x20000010        0x0 ./startup/startup_mk64f12.o

.bss_RAM2       0x1fff0000        0x0
                [!provide]                        PROVIDE (__start_bss_RAM2 = .)
                [!provide]                        PROVIDE (__start_bss_SRAM_LOWER = .)
 *(SORT_BY_ALIGNMENT(.bss.$RAM2))
 *(SORT_BY_ALIGNMENT(.bss.$SRAM_LOWER))
 *(SORT_BY_ALIGNMENT(.bss.$RAM2.*))
 *(SORT_BY_ALIGNMENT(.bss.$SRAM_LOWER.*))
                0x1fff0000                        . = ALIGN ((. != 0x0)?0x8:0x1)
                [!provide]                        PROVIDE (__end_bss_RAM2 = .)
                [!provide]                        PROVIDE (__end_bss_SRAM_LOWER = .)

.bss_RAM3       0x14000000        0x0
                [!provide]                        PROVIDE (__start_bss_RAM3 = .)
                [!provide]                        PROVIDE (__start_bss_FLEX_RAM = .)
 *(SORT_BY_ALIGNMENT(.bss.$RAM3))
 *(SORT_BY_ALIGNMENT(.bss.$FLEX_RAM))
 *(SORT_BY_ALIGNMENT(.bss.$RAM3.*))
 *(SORT_BY_ALIGNMENT(.bss.$FLEX_RAM.*))
                0x14000000                        . = ALIGN ((. != 0x0)?0x8:0x1)
                [!provide]                        PROVIDE (__end_bss_RAM3 = .)
                [!provide]                        PROVIDE (__end_bss_FLEX_RAM = .)

.bss            0x20000010      0x120
                0x20000010                        _bss = .
                [!provide]                        PROVIDE (__start_bss_RAM = .)
                [!provide]                        PROVIDE (__start_bss_SRAM_UPPER = .)
 *(SORT_BY_ALIGNMENT(.bss*))
 .bss.configLCD
                0x20000010        0x4 ./source/lcd_driver.o
 .bss.configLCD.0
                0x20000014        0x5 ./source/lcd_driver.o
 *fill*         0x20000019        0x3 
 .bss.g_xtal0Freq
                0x2000001c        0x4 ./drivers/fsl_clock.o
                0x2000001c                g_xtal0Freq
 .bss.g_xtal32Freq
                0x20000020        0x4 ./drivers/fsl_clock.o
                0x20000020                g_xtal32Freq
 .bss.g_dspiHandle
                0x20000024        0xc ./drivers/fsl_dspi.o
 .bss.s_dspiMasterIsr
                0x20000030        0x4 ./drivers/fsl_dspi.o
 .bss.s_dspiSlaveIsr
                0x20000034        0x4 ./drivers/fsl_dspi.o
 .bss.g_dspiDummyData
                0x20000038        0x3 ./drivers/fsl_dspi.o
                0x20000038                g_dspiDummyData
 *fill*         0x2000003b        0x1 
 .bss.s_i2cHandle
                0x2000003c        0xc ./drivers/fsl_i2c.o
 .bss.s_i2cMasterIsr
                0x20000048        0x4 ./drivers/fsl_i2c.o
 .bss.s_i2cSlaveIsr
                0x2000004c        0x4 ./drivers/fsl_i2c.o
 .bss.s_uartHandle
                0x20000050       0x18 ./drivers/fsl_uart.o
                0x20000050                s_uartHandle
 .bss.s_uartIsr
                0x20000068        0x4 ./drivers/fsl_uart.o
                0x20000068                s_uartIsr
 .bss.__Ciob    0x2000006c       0xb4 c:/nxp/mcuxpressoide_11.9.0_2144/ide/plugins/com.nxp.mcuxpresso.tools.win32_11.9.0.202307121226/tools/bin/../lib/gcc/arm-none-eabi/12.3.1/../../../../arm-none-eabi/lib/thumb/v7e-m+fp/hard\libcr_semihost_nf.a(__ciob.o)
                0x2000006c                __Ciob
 .bss.errno     0x20000120        0x4 c:/nxp/mcuxpressoide_11.9.0_2144/ide/plugins/com.nxp.mcuxpresso.tools.win32_11.9.0.202307121226/tools/bin/../lib/gcc/arm-none-eabi/12.3.1/../../../../arm-none-eabi/lib/thumb/v7e-m+fp/hard\libcr_c.a(errno.o)
                0x20000120                errno
 .bss.__end_of_heap
                0x20000124        0x4 c:/nxp/mcuxpressoide_11.9.0_2144/ide/plugins/com.nxp.mcuxpresso.tools.win32_11.9.0.202307121226/tools/bin/../lib/gcc/arm-none-eabi/12.3.1/../../../../arm-none-eabi/lib/thumb/v7e-m+fp/hard\libcr_c.a(__init_alloc.o)
                0x20000124                __end_of_heap
 .bss.__heaps   0x20000128        0x4 c:/nxp/mcuxpressoide_11.9.0_2144/ide/plugins/com.nxp.mcuxpresso.tools.win32_11.9.0.202307121226/tools/bin/../lib/gcc/arm-none-eabi/12.3.1/../../../../arm-none-eabi/lib/thumb/v7e-m+fp/hard\libcr_c.a(__init_alloc.o)
                0x20000128                __heaps
 .bss.pitIsrFlag
                0x2000012c        0x1 ./source/PIT.o
 *(SORT_BY_ALIGNMENT(COMMON))
                0x20000130                        . = ALIGN (0x8)
 *fill*         0x2000012d        0x3 
                0x20000130                        _ebss = .
                [!provide]                        PROVIDE (__end_bss_RAM = .)
                [!provide]                        PROVIDE (__end_bss_SRAM_UPPER = .)
                [!provide]                        PROVIDE (end = .)

.noinit_RAM2    0x1fff0000        0x0
                [!provide]                        PROVIDE (__start_noinit_RAM2 = .)
                [!provide]                        PROVIDE (__start_noinit_SRAM_LOWER = .)
 *(SORT_BY_ALIGNMENT(.noinit.$RAM2))
 *(SORT_BY_ALIGNMENT(.noinit.$SRAM_LOWER))
 *(SORT_BY_ALIGNMENT(.noinit.$RAM2.*))
 *(SORT_BY_ALIGNMENT(.noinit.$SRAM_LOWER.*))
                0x1fff0000                        . = ALIGN (0x8)
                [!provide]                        PROVIDE (__end_noinit_RAM2 = .)
                [!provide]                        PROVIDE (__end_noinit_SRAM_LOWER = .)

.noinit_RAM3    0x14000000        0x0
                [!provide]                        PROVIDE (__start_noinit_RAM3 = .)
                [!provide]                        PROVIDE (__start_noinit_FLEX_RAM = .)
 *(SORT_BY_ALIGNMENT(.noinit.$RAM3))
 *(SORT_BY_ALIGNMENT(.noinit.$FLEX_RAM))
 *(SORT_BY_ALIGNMENT(.noinit.$RAM3.*))
 *(SORT_BY_ALIGNMENT(.noinit.$FLEX_RAM.*))
                0x14000000                        . = ALIGN (0x8)
                [!provide]                        PROVIDE (__end_noinit_RAM3 = .)
                [!provide]                        PROVIDE (__end_noinit_FLEX_RAM = .)

.noinit         0x20000130        0x0
                0x20000130                        _noinit = .
                [!provide]                        PROVIDE (__start_noinit_RAM = .)
                [!provide]                        PROVIDE (__start_noinit_SRAM_UPPER = .)
 *(SORT_BY_ALIGNMENT(.noinit*))
                0x20000130                        . = ALIGN (0x8)
                0x20000130                        _end_noinit = .
                [!provide]                        PROVIDE (__end_noinit_RAM = .)
                [!provide]                        PROVIDE (__end_noinit_SRAM_UPPER = .)
                0x00001000                        _HeapSize = 0x1000

.heap           0x20000130     0x1000
                0x20000130                        _pvHeapStart = .
                0x20001130                        . = (. + _HeapSize)
 *fill*         0x20000130     0x1000 
                0x20001130                        . = ALIGN (0x8)
                0x20001130                        _pvHeapLimit = .
                0x00001000                        _StackSize = 0x1000

.heap2stackfill
                0x20001130     0x1000
                0x20002130                        . = (. + _StackSize)
 *fill*         0x20001130     0x1000 

.stack          0x2002f000        0x0
                0x2002f000                        _vStackBase = .
                0x2002f000                        . = ALIGN (0x8)
                0x20030000                        _vStackTop = (. + _StackSize)
                0x00000000                        _image_start = LOADADDR (.text)
                0x00004978                        _image_end = (LOADADDR (.data) + SIZEOF (.data))
                0x00004978                        _image_size = (_image_end - _image_start)
OUTPUT(testing_spi.axf elf32-littlearm)
LOAD linker stubs

.debug_info     0x00000000    0x12c11
 .debug_info    0x00000000      0xcfa ./startup/startup_mk64f12.o
 .debug_info    0x00000cfa      0x195 ./source/CLOCK.o
 .debug_info    0x00000e8f      0x96c ./source/NVIC.o
 .debug_info    0x000017fb      0x700 ./source/PIT.o
 .debug_info    0x00001efb      0xa70 ./source/SPI.o
 .debug_info    0x0000296b      0xab3 ./source/lcd_driver.o
 .debug_info    0x0000341e      0xb81 ./source/main.o
 .debug_info    0x00003f9f       0x3c ./source/semihost_hardfault.o
 .debug_info    0x00003fdb     0x21e2 ./drivers/fsl_clock.o
 .debug_info    0x000061bd     0x2616 ./drivers/fsl_dspi.o
 .debug_info    0x000087d3      0x6bb ./drivers/fsl_gpio.o
 .debug_info    0x00008e8e     0x1ed1 ./drivers/fsl_i2c.o
 .debug_info    0x0000ad5f      0x78a ./drivers/fsl_pit.o
 .debug_info    0x0000b4e9     0x1fcf ./drivers/fsl_uart.o
 .debug_info    0x0000d4b8      0x649 ./device/system_MK64F12.o
 .debug_info    0x0000db01      0xcba ./board/clock_config.o
 .debug_info    0x0000e7bb      0x626 ./board/pin_mux.o
 .debug_info    0x0000ede1       0x85 c:/nxp/mcuxpressoide_11.9.0_2144/ide/plugins/com.nxp.mcuxpresso.tools.win32_11.9.0.202307121226/tools/bin/../lib/gcc/arm-none-eabi/12.3.1/../../../../arm-none-eabi/lib/thumb/v7e-m+fp/hard\libcr_semihost_nf.a(_cr__main.o)
 .debug_info    0x0000ee66      0x22e c:/nxp/mcuxpressoide_11.9.0_2144/ide/plugins/com.nxp.mcuxpresso.tools.win32_11.9.0.202307121226/tools/bin/../lib/gcc/arm-none-eabi/12.3.1/../../../../arm-none-eabi/lib/thumb/v7e-m+fp/hard\libcr_semihost_nf.a(_cr_assert.o)
 .debug_info    0x0000f094      0x18b c:/nxp/mcuxpressoide_11.9.0_2144/ide/plugins/com.nxp.mcuxpresso.tools.win32_11.9.0.202307121226/tools/bin/../lib/gcc/arm-none-eabi/12.3.1/../../../../arm-none-eabi/lib/thumb/v7e-m+fp/hard\libcr_semihost_nf.a(__ciob.o)
 .debug_info    0x0000f21f       0xe3 c:/nxp/mcuxpressoide_11.9.0_2144/ide/plugins/com.nxp.mcuxpresso.tools.win32_11.9.0.202307121226/tools/bin/../lib/gcc/arm-none-eabi/12.3.1/../../../../arm-none-eabi/lib/thumb/v7e-m+fp/hard\libcr_c.a(memset.o)
 .debug_info    0x0000f302      0x362 c:/nxp/mcuxpressoide_11.9.0_2144/ide/plugins/com.nxp.mcuxpresso.tools.win32_11.9.0.202307121226/tools/bin/../lib/gcc/arm-none-eabi/12.3.1/../../../../arm-none-eabi/lib/thumb/v7e-m+fp/hard\libcr_c.a(_deferredlazyseek.o)
 .debug_info    0x0000f664      0x1e3 c:/nxp/mcuxpressoide_11.9.0_2144/ide/plugins/com.nxp.mcuxpresso.tools.win32_11.9.0.202307121226/tools/bin/../lib/gcc/arm-none-eabi/12.3.1/../../../../arm-none-eabi/lib/thumb/v7e-m+fp/hard\libcr_c.a(_fflush.o)
 .debug_info    0x0000f847      0x282 c:/nxp/mcuxpressoide_11.9.0_2144/ide/plugins/com.nxp.mcuxpresso.tools.win32_11.9.0.202307121226/tools/bin/../lib/gcc/arm-none-eabi/12.3.1/../../../../arm-none-eabi/lib/thumb/v7e-m+fp/hard\libcr_c.a(_writebuf.o)
 .debug_info    0x0000fac9      0x506 c:/nxp/mcuxpressoide_11.9.0_2144/ide/plugins/com.nxp.mcuxpresso.tools.win32_11.9.0.202307121226/tools/bin/../lib/gcc/arm-none-eabi/12.3.1/../../../../arm-none-eabi/lib/thumb/v7e-m+fp/hard\libcr_c.a(alloc.o)
 .debug_info    0x0000ffcf       0x44 c:/nxp/mcuxpressoide_11.9.0_2144/ide/plugins/com.nxp.mcuxpresso.tools.win32_11.9.0.202307121226/tools/bin/../lib/gcc/arm-none-eabi/12.3.1/../../../../arm-none-eabi/lib/thumb/v7e-m+fp/hard\libcr_c.a(errno.o)
 .debug_info    0x00010013      0x1e0 c:/nxp/mcuxpressoide_11.9.0_2144/ide/plugins/com.nxp.mcuxpresso.tools.win32_11.9.0.202307121226/tools/bin/../lib/gcc/arm-none-eabi/12.3.1/../../../../arm-none-eabi/lib/thumb/v7e-m+fp/hard\libcr_c.a(fputs.o)
 .debug_info    0x000101f3      0x276 c:/nxp/mcuxpressoide_11.9.0_2144/ide/plugins/com.nxp.mcuxpresso.tools.win32_11.9.0.202307121226/tools/bin/../lib/gcc/arm-none-eabi/12.3.1/../../../../arm-none-eabi/lib/thumb/v7e-m+fp/hard\libcr_c.a(fseek.o)
 .debug_info    0x00010469      0x190 c:/nxp/mcuxpressoide_11.9.0_2144/ide/plugins/com.nxp.mcuxpresso.tools.win32_11.9.0.202307121226/tools/bin/../lib/gcc/arm-none-eabi/12.3.1/../../../../arm-none-eabi/lib/thumb/v7e-m+fp/hard\libcr_c.a(ftell.o)
 .debug_info    0x000105f9      0x339 c:/nxp/mcuxpressoide_11.9.0_2144/ide/plugins/com.nxp.mcuxpresso.tools.win32_11.9.0.202307121226/tools/bin/../lib/gcc/arm-none-eabi/12.3.1/../../../../arm-none-eabi/lib/thumb/v7e-m+fp/hard\libcr_c.a(initio.o)
 .debug_info    0x00010932     0x1268 c:/nxp/mcuxpressoide_11.9.0_2144/ide/plugins/com.nxp.mcuxpresso.tools.win32_11.9.0.202307121226/tools/bin/../lib/gcc/arm-none-eabi/12.3.1/../../../../arm-none-eabi/lib/thumb/v7e-m+fp/hard\libcr_c.a(printf.o)
 .debug_info    0x00011b9a      0x1f6 c:/nxp/mcuxpressoide_11.9.0_2144/ide/plugins/com.nxp.mcuxpresso.tools.win32_11.9.0.202307121226/tools/bin/../lib/gcc/arm-none-eabi/12.3.1/../../../../arm-none-eabi/lib/thumb/v7e-m+fp/hard\libcr_c.a(setvbuf.o)
 .debug_info    0x00011d90       0xda c:/nxp/mcuxpressoide_11.9.0_2144/ide/plugins/com.nxp.mcuxpresso.tools.win32_11.9.0.202307121226/tools/bin/../lib/gcc/arm-none-eabi/12.3.1/../../../../arm-none-eabi/lib/thumb/v7e-m+fp/hard\libcr_c.a(strlen.o)
 .debug_info    0x00011e6a       0xd4 c:/nxp/mcuxpressoide_11.9.0_2144/ide/plugins/com.nxp.mcuxpresso.tools.win32_11.9.0.202307121226/tools/bin/../lib/gcc/arm-none-eabi/12.3.1/../../../../arm-none-eabi/lib/thumb/v7e-m+fp/hard\libcr_c.a(__init_alloc.o)
 .debug_info    0x00011f3e      0x100 c:/nxp/mcuxpressoide_11.9.0_2144/ide/plugins/com.nxp.mcuxpresso.tools.win32_11.9.0.202307121226/tools/bin/../lib/gcc/arm-none-eabi/12.3.1/../../../../arm-none-eabi/lib/thumb/v7e-m+fp/hard\libcr_c.a(_cr_sbrk.o)
 .debug_info    0x0001203e      0x244 c:/nxp/mcuxpressoide_11.9.0_2144/ide/plugins/com.nxp.mcuxpresso.tools.win32_11.9.0.202307121226/tools/bin/../lib/gcc/arm-none-eabi/12.3.1/../../../../arm-none-eabi/lib/thumb/v7e-m+fp/hard\libcr_c.a(_fdopen.o)
 .debug_info    0x00012282      0x318 c:/nxp/mcuxpressoide_11.9.0_2144/ide/plugins/com.nxp.mcuxpresso.tools.win32_11.9.0.202307121226/tools/bin/../lib/gcc/arm-none-eabi/12.3.1/../../../../arm-none-eabi/lib/thumb/v7e-m+fp/hard\libcr_c.a(fclose.o)
 .debug_info    0x0001259a      0x202 c:/nxp/mcuxpressoide_11.9.0_2144/ide/plugins/com.nxp.mcuxpresso.tools.win32_11.9.0.202307121226/tools/bin/../lib/gcc/arm-none-eabi/12.3.1/../../../../arm-none-eabi/lib/thumb/v7e-m+fp/hard\libcr_c.a(fflush.o)
 .debug_info    0x0001279c      0x1ca c:/nxp/mcuxpressoide_11.9.0_2144/ide/plugins/com.nxp.mcuxpresso.tools.win32_11.9.0.202307121226/tools/bin/../lib/gcc/arm-none-eabi/12.3.1/../../../../arm-none-eabi/lib/thumb/v7e-m+fp/hard\libcr_c.a(remove.o)
 .debug_info    0x00012966       0x71 c:/nxp/mcuxpressoide_11.9.0_2144/ide/plugins/com.nxp.mcuxpresso.tools.win32_11.9.0.202307121226/tools/bin/../lib/gcc/arm-none-eabi/12.3.1/../../../../arm-none-eabi/lib/thumb/v7e-m+fp/hard\libcr_c.a(_cr_check_heap.o)
 .debug_info    0x000129d7      0x23a c:/nxp/mcuxpressoide_11.9.0_2144/ide/plugins/com.nxp.mcuxpresso.tools.win32_11.9.0.202307121226/tools/bin/../lib/gcc/arm-none-eabi/12.3.1/../../../../arm-none-eabi/lib/thumb/v7e-m+fp/hard\libcr_c.a(_do_fflush.o)

.debug_abbrev   0x00000000     0x3f75
 .debug_abbrev  0x00000000      0x17a ./startup/startup_mk64f12.o
 .debug_abbrev  0x0000017a       0xac ./source/CLOCK.o
 .debug_abbrev  0x00000226      0x1be ./source/NVIC.o
 .debug_abbrev  0x000003e4      0x245 ./source/PIT.o
 .debug_abbrev  0x00000629      0x206 ./source/SPI.o
 .debug_abbrev  0x0000082f      0x29b ./source/lcd_driver.o
 .debug_abbrev  0x00000aca      0x234 ./source/main.o
 .debug_abbrev  0x00000cfe       0x31 ./source/semihost_hardfault.o
 .debug_abbrev  0x00000d2f      0x378 ./drivers/fsl_clock.o
 .debug_abbrev  0x000010a7      0x3b0 ./drivers/fsl_dspi.o
 .debug_abbrev  0x00001457      0x1a5 ./drivers/fsl_gpio.o
 .debug_abbrev  0x000015fc      0x392 ./drivers/fsl_i2c.o
 .debug_abbrev  0x0000198e      0x20a ./drivers/fsl_pit.o
 .debug_abbrev  0x00001b98      0x45d ./drivers/fsl_uart.o
 .debug_abbrev  0x00001ff5      0x148 ./device/system_MK64F12.o
 .debug_abbrev  0x0000213d      0x247 ./board/clock_config.o
 .debug_abbrev  0x00002384      0x189 ./board/pin_mux.o
 .debug_abbrev  0x0000250d       0x70 c:/nxp/mcuxpressoide_11.9.0_2144/ide/plugins/com.nxp.mcuxpresso.tools.win32_11.9.0.202307121226/tools/bin/../lib/gcc/arm-none-eabi/12.3.1/../../../../arm-none-eabi/lib/thumb/v7e-m+fp/hard\libcr_semihost_nf.a(_cr__main.o)
 .debug_abbrev  0x0000257d      0x12f c:/nxp/mcuxpressoide_11.9.0_2144/ide/plugins/com.nxp.mcuxpresso.tools.win32_11.9.0.202307121226/tools/bin/../lib/gcc/arm-none-eabi/12.3.1/../../../../arm-none-eabi/lib/thumb/v7e-m+fp/hard\libcr_semihost_nf.a(_cr_assert.o)
 .debug_abbrev  0x000026ac       0xb5 c:/nxp/mcuxpressoide_11.9.0_2144/ide/plugins/com.nxp.mcuxpresso.tools.win32_11.9.0.202307121226/tools/bin/../lib/gcc/arm-none-eabi/12.3.1/../../../../arm-none-eabi/lib/thumb/v7e-m+fp/hard\libcr_semihost_nf.a(__ciob.o)
 .debug_abbrev  0x00002761       0xa8 c:/nxp/mcuxpressoide_11.9.0_2144/ide/plugins/com.nxp.mcuxpresso.tools.win32_11.9.0.202307121226/tools/bin/../lib/gcc/arm-none-eabi/12.3.1/../../../../arm-none-eabi/lib/thumb/v7e-m+fp/hard\libcr_c.a(memset.o)
 .debug_abbrev  0x00002809      0x152 c:/nxp/mcuxpressoide_11.9.0_2144/ide/plugins/com.nxp.mcuxpresso.tools.win32_11.9.0.202307121226/tools/bin/../lib/gcc/arm-none-eabi/12.3.1/../../../../arm-none-eabi/lib/thumb/v7e-m+fp/hard\libcr_c.a(_deferredlazyseek.o)
 .debug_abbrev  0x0000295b       0xf1 c:/nxp/mcuxpressoide_11.9.0_2144/ide/plugins/com.nxp.mcuxpresso.tools.win32_11.9.0.202307121226/tools/bin/../lib/gcc/arm-none-eabi/12.3.1/../../../../arm-none-eabi/lib/thumb/v7e-m+fp/hard\libcr_c.a(_fflush.o)
 .debug_abbrev  0x00002a4c      0x126 c:/nxp/mcuxpressoide_11.9.0_2144/ide/plugins/com.nxp.mcuxpresso.tools.win32_11.9.0.202307121226/tools/bin/../lib/gcc/arm-none-eabi/12.3.1/../../../../arm-none-eabi/lib/thumb/v7e-m+fp/hard\libcr_c.a(_writebuf.o)
 .debug_abbrev  0x00002b72      0x284 c:/nxp/mcuxpressoide_11.9.0_2144/ide/plugins/com.nxp.mcuxpresso.tools.win32_11.9.0.202307121226/tools/bin/../lib/gcc/arm-none-eabi/12.3.1/../../../../arm-none-eabi/lib/thumb/v7e-m+fp/hard\libcr_c.a(alloc.o)
 .debug_abbrev  0x00002df6       0x44 c:/nxp/mcuxpressoide_11.9.0_2144/ide/plugins/com.nxp.mcuxpresso.tools.win32_11.9.0.202307121226/tools/bin/../lib/gcc/arm-none-eabi/12.3.1/../../../../arm-none-eabi/lib/thumb/v7e-m+fp/hard\libcr_c.a(errno.o)
 .debug_abbrev  0x00002e3a      0x10c c:/nxp/mcuxpressoide_11.9.0_2144/ide/plugins/com.nxp.mcuxpresso.tools.win32_11.9.0.202307121226/tools/bin/../lib/gcc/arm-none-eabi/12.3.1/../../../../arm-none-eabi/lib/thumb/v7e-m+fp/hard\libcr_c.a(fputs.o)
 .debug_abbrev  0x00002f46      0x11b c:/nxp/mcuxpressoide_11.9.0_2144/ide/plugins/com.nxp.mcuxpresso.tools.win32_11.9.0.202307121226/tools/bin/../lib/gcc/arm-none-eabi/12.3.1/../../../../arm-none-eabi/lib/thumb/v7e-m+fp/hard\libcr_c.a(fseek.o)
 .debug_abbrev  0x00003061       0xc2 c:/nxp/mcuxpressoide_11.9.0_2144/ide/plugins/com.nxp.mcuxpresso.tools.win32_11.9.0.202307121226/tools/bin/../lib/gcc/arm-none-eabi/12.3.1/../../../../arm-none-eabi/lib/thumb/v7e-m+fp/hard\libcr_c.a(ftell.o)
 .debug_abbrev  0x00003123      0x169 c:/nxp/mcuxpressoide_11.9.0_2144/ide/plugins/com.nxp.mcuxpresso.tools.win32_11.9.0.202307121226/tools/bin/../lib/gcc/arm-none-eabi/12.3.1/../../../../arm-none-eabi/lib/thumb/v7e-m+fp/hard\libcr_c.a(initio.o)
 .debug_abbrev  0x0000328c      0x3ba c:/nxp/mcuxpressoide_11.9.0_2144/ide/plugins/com.nxp.mcuxpresso.tools.win32_11.9.0.202307121226/tools/bin/../lib/gcc/arm-none-eabi/12.3.1/../../../../arm-none-eabi/lib/thumb/v7e-m+fp/hard\libcr_c.a(printf.o)
 .debug_abbrev  0x00003646       0xe1 c:/nxp/mcuxpressoide_11.9.0_2144/ide/plugins/com.nxp.mcuxpresso.tools.win32_11.9.0.202307121226/tools/bin/../lib/gcc/arm-none-eabi/12.3.1/../../../../arm-none-eabi/lib/thumb/v7e-m+fp/hard\libcr_c.a(setvbuf.o)
 .debug_abbrev  0x00003727       0xa7 c:/nxp/mcuxpressoide_11.9.0_2144/ide/plugins/com.nxp.mcuxpresso.tools.win32_11.9.0.202307121226/tools/bin/../lib/gcc/arm-none-eabi/12.3.1/../../../../arm-none-eabi/lib/thumb/v7e-m+fp/hard\libcr_c.a(strlen.o)
 .debug_abbrev  0x000037ce       0xaf c:/nxp/mcuxpressoide_11.9.0_2144/ide/plugins/com.nxp.mcuxpresso.tools.win32_11.9.0.202307121226/tools/bin/../lib/gcc/arm-none-eabi/12.3.1/../../../../arm-none-eabi/lib/thumb/v7e-m+fp/hard\libcr_c.a(__init_alloc.o)
 .debug_abbrev  0x0000387d       0xd3 c:/nxp/mcuxpressoide_11.9.0_2144/ide/plugins/com.nxp.mcuxpresso.tools.win32_11.9.0.202307121226/tools/bin/../lib/gcc/arm-none-eabi/12.3.1/../../../../arm-none-eabi/lib/thumb/v7e-m+fp/hard\libcr_c.a(_cr_sbrk.o)
 .debug_abbrev  0x00003950      0x119 c:/nxp/mcuxpressoide_11.9.0_2144/ide/plugins/com.nxp.mcuxpresso.tools.win32_11.9.0.202307121226/tools/bin/../lib/gcc/arm-none-eabi/12.3.1/../../../../arm-none-eabi/lib/thumb/v7e-m+fp/hard\libcr_c.a(_fdopen.o)
 .debug_abbrev  0x00003a69      0x155 c:/nxp/mcuxpressoide_11.9.0_2144/ide/plugins/com.nxp.mcuxpresso.tools.win32_11.9.0.202307121226/tools/bin/../lib/gcc/arm-none-eabi/12.3.1/../../../../arm-none-eabi/lib/thumb/v7e-m+fp/hard\libcr_c.a(fclose.o)
 .debug_abbrev  0x00003bbe      0x125 c:/nxp/mcuxpressoide_11.9.0_2144/ide/plugins/com.nxp.mcuxpresso.tools.win32_11.9.0.202307121226/tools/bin/../lib/gcc/arm-none-eabi/12.3.1/../../../../arm-none-eabi/lib/thumb/v7e-m+fp/hard\libcr_c.a(fflush.o)
 .debug_abbrev  0x00003ce3       0xfb c:/nxp/mcuxpressoide_11.9.0_2144/ide/plugins/com.nxp.mcuxpresso.tools.win32_11.9.0.202307121226/tools/bin/../lib/gcc/arm-none-eabi/12.3.1/../../../../arm-none-eabi/lib/thumb/v7e-m+fp/hard\libcr_c.a(remove.o)
 .debug_abbrev  0x00003dde       0x6b c:/nxp/mcuxpressoide_11.9.0_2144/ide/plugins/com.nxp.mcuxpresso.tools.win32_11.9.0.202307121226/tools/bin/../lib/gcc/arm-none-eabi/12.3.1/../../../../arm-none-eabi/lib/thumb/v7e-m+fp/hard\libcr_c.a(_cr_check_heap.o)
 .debug_abbrev  0x00003e49      0x12c c:/nxp/mcuxpressoide_11.9.0_2144/ide/plugins/com.nxp.mcuxpresso.tools.win32_11.9.0.202307121226/tools/bin/../lib/gcc/arm-none-eabi/12.3.1/../../../../arm-none-eabi/lib/thumb/v7e-m+fp/hard\libcr_c.a(_do_fflush.o)

.debug_loc      0x00000000     0x3120
 .debug_loc     0x00000000      0x1e7 ./startup/startup_mk64f12.o
 .debug_loc     0x000001e7       0x3f c:/nxp/mcuxpressoide_11.9.0_2144/ide/plugins/com.nxp.mcuxpresso.tools.win32_11.9.0.202307121226/tools/bin/../lib/gcc/arm-none-eabi/12.3.1/../../../../arm-none-eabi/lib/thumb/v7e-m+fp/hard\libcr_semihost_nf.a(_cr_assert.o)
 .debug_loc     0x00000226       0x6f c:/nxp/mcuxpressoide_11.9.0_2144/ide/plugins/com.nxp.mcuxpresso.tools.win32_11.9.0.202307121226/tools/bin/../lib/gcc/arm-none-eabi/12.3.1/../../../../arm-none-eabi/lib/thumb/v7e-m+fp/hard\libcr_c.a(memset.o)
 .debug_loc     0x00000295      0x1aa c:/nxp/mcuxpressoide_11.9.0_2144/ide/plugins/com.nxp.mcuxpresso.tools.win32_11.9.0.202307121226/tools/bin/../lib/gcc/arm-none-eabi/12.3.1/../../../../arm-none-eabi/lib/thumb/v7e-m+fp/hard\libcr_c.a(_deferredlazyseek.o)
 .debug_loc     0x0000043f       0xfa c:/nxp/mcuxpressoide_11.9.0_2144/ide/plugins/com.nxp.mcuxpresso.tools.win32_11.9.0.202307121226/tools/bin/../lib/gcc/arm-none-eabi/12.3.1/../../../../arm-none-eabi/lib/thumb/v7e-m+fp/hard\libcr_c.a(_fflush.o)
 .debug_loc     0x00000539      0x113 c:/nxp/mcuxpressoide_11.9.0_2144/ide/plugins/com.nxp.mcuxpresso.tools.win32_11.9.0.202307121226/tools/bin/../lib/gcc/arm-none-eabi/12.3.1/../../../../arm-none-eabi/lib/thumb/v7e-m+fp/hard\libcr_c.a(_writebuf.o)
 .debug_loc     0x0000064c      0x7b2 c:/nxp/mcuxpressoide_11.9.0_2144/ide/plugins/com.nxp.mcuxpresso.tools.win32_11.9.0.202307121226/tools/bin/../lib/gcc/arm-none-eabi/12.3.1/../../../../arm-none-eabi/lib/thumb/v7e-m+fp/hard\libcr_c.a(alloc.o)
 .debug_loc     0x00000dfe       0x75 c:/nxp/mcuxpressoide_11.9.0_2144/ide/plugins/com.nxp.mcuxpresso.tools.win32_11.9.0.202307121226/tools/bin/../lib/gcc/arm-none-eabi/12.3.1/../../../../arm-none-eabi/lib/thumb/v7e-m+fp/hard\libcr_c.a(fputs.o)
 .debug_loc     0x00000e73       0xfb c:/nxp/mcuxpressoide_11.9.0_2144/ide/plugins/com.nxp.mcuxpresso.tools.win32_11.9.0.202307121226/tools/bin/../lib/gcc/arm-none-eabi/12.3.1/../../../../arm-none-eabi/lib/thumb/v7e-m+fp/hard\libcr_c.a(fseek.o)
 .debug_loc     0x00000f6e       0x99 c:/nxp/mcuxpressoide_11.9.0_2144/ide/plugins/com.nxp.mcuxpresso.tools.win32_11.9.0.202307121226/tools/bin/../lib/gcc/arm-none-eabi/12.3.1/../../../../arm-none-eabi/lib/thumb/v7e-m+fp/hard\libcr_c.a(ftell.o)
 .debug_loc     0x00001007       0x68 c:/nxp/mcuxpressoide_11.9.0_2144/ide/plugins/com.nxp.mcuxpresso.tools.win32_11.9.0.202307121226/tools/bin/../lib/gcc/arm-none-eabi/12.3.1/../../../../arm-none-eabi/lib/thumb/v7e-m+fp/hard\libcr_c.a(initio.o)
 .debug_loc     0x0000106f     0x1ad2 c:/nxp/mcuxpressoide_11.9.0_2144/ide/plugins/com.nxp.mcuxpresso.tools.win32_11.9.0.202307121226/tools/bin/../lib/gcc/arm-none-eabi/12.3.1/../../../../arm-none-eabi/lib/thumb/v7e-m+fp/hard\libcr_c.a(printf.o)
 .debug_loc     0x00002b41       0xf6 c:/nxp/mcuxpressoide_11.9.0_2144/ide/plugins/com.nxp.mcuxpresso.tools.win32_11.9.0.202307121226/tools/bin/../lib/gcc/arm-none-eabi/12.3.1/../../../../arm-none-eabi/lib/thumb/v7e-m+fp/hard\libcr_c.a(setvbuf.o)
 .debug_loc     0x00002c37       0xdb c:/nxp/mcuxpressoide_11.9.0_2144/ide/plugins/com.nxp.mcuxpresso.tools.win32_11.9.0.202307121226/tools/bin/../lib/gcc/arm-none-eabi/12.3.1/../../../../arm-none-eabi/lib/thumb/v7e-m+fp/hard\libcr_c.a(strlen.o)
 .debug_loc     0x00002d12       0x5c c:/nxp/mcuxpressoide_11.9.0_2144/ide/plugins/com.nxp.mcuxpresso.tools.win32_11.9.0.202307121226/tools/bin/../lib/gcc/arm-none-eabi/12.3.1/../../../../arm-none-eabi/lib/thumb/v7e-m+fp/hard\libcr_c.a(_cr_sbrk.o)
 .debug_loc     0x00002d6e      0x121 c:/nxp/mcuxpressoide_11.9.0_2144/ide/plugins/com.nxp.mcuxpresso.tools.win32_11.9.0.202307121226/tools/bin/../lib/gcc/arm-none-eabi/12.3.1/../../../../arm-none-eabi/lib/thumb/v7e-m+fp/hard\libcr_c.a(_fdopen.o)
 .debug_loc     0x00002e8f       0x73 c:/nxp/mcuxpressoide_11.9.0_2144/ide/plugins/com.nxp.mcuxpresso.tools.win32_11.9.0.202307121226/tools/bin/../lib/gcc/arm-none-eabi/12.3.1/../../../../arm-none-eabi/lib/thumb/v7e-m+fp/hard\libcr_c.a(fclose.o)
 .debug_loc     0x00002f02       0xa2 c:/nxp/mcuxpressoide_11.9.0_2144/ide/plugins/com.nxp.mcuxpresso.tools.win32_11.9.0.202307121226/tools/bin/../lib/gcc/arm-none-eabi/12.3.1/../../../../arm-none-eabi/lib/thumb/v7e-m+fp/hard\libcr_c.a(fflush.o)
 .debug_loc     0x00002fa4       0xc7 c:/nxp/mcuxpressoide_11.9.0_2144/ide/plugins/com.nxp.mcuxpresso.tools.win32_11.9.0.202307121226/tools/bin/../lib/gcc/arm-none-eabi/12.3.1/../../../../arm-none-eabi/lib/thumb/v7e-m+fp/hard\libcr_c.a(remove.o)
 .debug_loc     0x0000306b       0x42 c:/nxp/mcuxpressoide_11.9.0_2144/ide/plugins/com.nxp.mcuxpresso.tools.win32_11.9.0.202307121226/tools/bin/../lib/gcc/arm-none-eabi/12.3.1/../../../../arm-none-eabi/lib/thumb/v7e-m+fp/hard\libcr_c.a(_cr_check_heap.o)
 .debug_loc     0x000030ad       0x73 c:/nxp/mcuxpressoide_11.9.0_2144/ide/plugins/com.nxp.mcuxpresso.tools.win32_11.9.0.202307121226/tools/bin/../lib/gcc/arm-none-eabi/12.3.1/../../../../arm-none-eabi/lib/thumb/v7e-m+fp/hard\libcr_c.a(_do_fflush.o)

.debug_aranges  0x00000000     0x10a0
 .debug_aranges
                0x00000000      0x330 ./startup/startup_mk64f12.o
 .debug_aranges
                0x00000330       0x38 ./source/CLOCK.o
 .debug_aranges
                0x00000368       0x38 ./source/NVIC.o
 .debug_aranges
                0x000003a0       0x60 ./source/PIT.o
 .debug_aranges
                0x00000400       0x30 ./source/SPI.o
 .debug_aranges
                0x00000430       0x60 ./source/lcd_driver.o
 .debug_aranges
                0x00000490       0x30 ./source/main.o
 .debug_aranges
                0x000004c0       0x20 ./source/semihost_hardfault.o
 .debug_aranges
                0x000004e0      0x1f8 ./drivers/fsl_clock.o
 .debug_aranges
                0x000006d8      0x1d8 ./drivers/fsl_dspi.o
 .debug_aranges
                0x000008b0       0x40 ./drivers/fsl_gpio.o
 .debug_aranges
                0x000008f0      0x180 ./drivers/fsl_i2c.o
 .debug_aranges
                0x00000a70       0x40 ./drivers/fsl_pit.o
 .debug_aranges
                0x00000ab0      0x1b8 ./drivers/fsl_uart.o
 .debug_aranges
                0x00000c68       0x30 ./device/system_MK64F12.o
 .debug_aranges
                0x00000c98       0x58 ./board/clock_config.o
 .debug_aranges
                0x00000cf0       0x38 ./board/pin_mux.o
 .debug_aranges
                0x00000d28       0x20 c:/nxp/mcuxpressoide_11.9.0_2144/ide/plugins/com.nxp.mcuxpresso.tools.win32_11.9.0.202307121226/tools/bin/../lib/gcc/arm-none-eabi/12.3.1/../../../../arm-none-eabi/lib/thumb/v7e-m+fp/hard\libcr_semihost_nf.a(_cr__main.o)
 .debug_aranges
                0x00000d48       0x20 c:/nxp/mcuxpressoide_11.9.0_2144/ide/plugins/com.nxp.mcuxpresso.tools.win32_11.9.0.202307121226/tools/bin/../lib/gcc/arm-none-eabi/12.3.1/../../../../arm-none-eabi/lib/thumb/v7e-m+fp/hard\libcr_semihost_nf.a(_cr_assert.o)
 .debug_aranges
                0x00000d68       0x18 c:/nxp/mcuxpressoide_11.9.0_2144/ide/plugins/com.nxp.mcuxpresso.tools.win32_11.9.0.202307121226/tools/bin/../lib/gcc/arm-none-eabi/12.3.1/../../../../arm-none-eabi/lib/thumb/v7e-m+fp/hard\libcr_semihost_nf.a(__ciob.o)
 .debug_aranges
                0x00000d80       0x20 c:/nxp/mcuxpressoide_11.9.0_2144/ide/plugins/com.nxp.mcuxpresso.tools.win32_11.9.0.202307121226/tools/bin/../lib/gcc/arm-none-eabi/12.3.1/../../../../arm-none-eabi/lib/thumb/v7e-m+fp/hard\libcr_c.a(memset.o)
 .debug_aranges
                0x00000da0       0x28 c:/nxp/mcuxpressoide_11.9.0_2144/ide/plugins/com.nxp.mcuxpresso.tools.win32_11.9.0.202307121226/tools/bin/../lib/gcc/arm-none-eabi/12.3.1/../../../../arm-none-eabi/lib/thumb/v7e-m+fp/hard\libcr_c.a(_deferredlazyseek.o)
 .debug_aranges
                0x00000dc8       0x20 c:/nxp/mcuxpressoide_11.9.0_2144/ide/plugins/com.nxp.mcuxpresso.tools.win32_11.9.0.202307121226/tools/bin/../lib/gcc/arm-none-eabi/12.3.1/../../../../arm-none-eabi/lib/thumb/v7e-m+fp/hard\libcr_c.a(_fflush.o)
 .debug_aranges
                0x00000de8       0x20 c:/nxp/mcuxpressoide_11.9.0_2144/ide/plugins/com.nxp.mcuxpresso.tools.win32_11.9.0.202307121226/tools/bin/../lib/gcc/arm-none-eabi/12.3.1/../../../../arm-none-eabi/lib/thumb/v7e-m+fp/hard\libcr_c.a(_writebuf.o)
 .debug_aranges
                0x00000e08       0x40 c:/nxp/mcuxpressoide_11.9.0_2144/ide/plugins/com.nxp.mcuxpresso.tools.win32_11.9.0.202307121226/tools/bin/../lib/gcc/arm-none-eabi/12.3.1/../../../../arm-none-eabi/lib/thumb/v7e-m+fp/hard\libcr_c.a(alloc.o)
 .debug_aranges
                0x00000e48       0x18 c:/nxp/mcuxpressoide_11.9.0_2144/ide/plugins/com.nxp.mcuxpresso.tools.win32_11.9.0.202307121226/tools/bin/../lib/gcc/arm-none-eabi/12.3.1/../../../../arm-none-eabi/lib/thumb/v7e-m+fp/hard\libcr_c.a(errno.o)
 .debug_aranges
                0x00000e60       0x20 c:/nxp/mcuxpressoide_11.9.0_2144/ide/plugins/com.nxp.mcuxpresso.tools.win32_11.9.0.202307121226/tools/bin/../lib/gcc/arm-none-eabi/12.3.1/../../../../arm-none-eabi/lib/thumb/v7e-m+fp/hard\libcr_c.a(fputs.o)
 .debug_aranges
                0x00000e80       0x20 c:/nxp/mcuxpressoide_11.9.0_2144/ide/plugins/com.nxp.mcuxpresso.tools.win32_11.9.0.202307121226/tools/bin/../lib/gcc/arm-none-eabi/12.3.1/../../../../arm-none-eabi/lib/thumb/v7e-m+fp/hard\libcr_c.a(fseek.o)
 .debug_aranges
                0x00000ea0       0x20 c:/nxp/mcuxpressoide_11.9.0_2144/ide/plugins/com.nxp.mcuxpresso.tools.win32_11.9.0.202307121226/tools/bin/../lib/gcc/arm-none-eabi/12.3.1/../../../../arm-none-eabi/lib/thumb/v7e-m+fp/hard\libcr_c.a(ftell.o)
 .debug_aranges
                0x00000ec0       0x28 c:/nxp/mcuxpressoide_11.9.0_2144/ide/plugins/com.nxp.mcuxpresso.tools.win32_11.9.0.202307121226/tools/bin/../lib/gcc/arm-none-eabi/12.3.1/../../../../arm-none-eabi/lib/thumb/v7e-m+fp/hard\libcr_c.a(initio.o)
 .debug_aranges
                0x00000ee8       0x70 c:/nxp/mcuxpressoide_11.9.0_2144/ide/plugins/com.nxp.mcuxpresso.tools.win32_11.9.0.202307121226/tools/bin/../lib/gcc/arm-none-eabi/12.3.1/../../../../arm-none-eabi/lib/thumb/v7e-m+fp/hard\libcr_c.a(printf.o)
 .debug_aranges
                0x00000f58       0x20 c:/nxp/mcuxpressoide_11.9.0_2144/ide/plugins/com.nxp.mcuxpresso.tools.win32_11.9.0.202307121226/tools/bin/../lib/gcc/arm-none-eabi/12.3.1/../../../../arm-none-eabi/lib/thumb/v7e-m+fp/hard\libcr_c.a(setvbuf.o)
 .debug_aranges
                0x00000f78       0x20 c:/nxp/mcuxpressoide_11.9.0_2144/ide/plugins/com.nxp.mcuxpresso.tools.win32_11.9.0.202307121226/tools/bin/../lib/gcc/arm-none-eabi/12.3.1/../../../../arm-none-eabi/lib/thumb/v7e-m+fp/hard\libcr_c.a(strlen.o)
 .debug_aranges
                0x00000f98       0x20 c:/nxp/mcuxpressoide_11.9.0_2144/ide/plugins/com.nxp.mcuxpresso.tools.win32_11.9.0.202307121226/tools/bin/../lib/gcc/arm-none-eabi/12.3.1/../../../../arm-none-eabi/lib/thumb/v7e-m+fp/hard\libcr_c.a(__init_alloc.o)
 .debug_aranges
                0x00000fb8       0x20 c:/nxp/mcuxpressoide_11.9.0_2144/ide/plugins/com.nxp.mcuxpresso.tools.win32_11.9.0.202307121226/tools/bin/../lib/gcc/arm-none-eabi/12.3.1/../../../../arm-none-eabi/lib/thumb/v7e-m+fp/hard\libcr_c.a(_cr_sbrk.o)
 .debug_aranges
                0x00000fd8       0x20 c:/nxp/mcuxpressoide_11.9.0_2144/ide/plugins/com.nxp.mcuxpresso.tools.win32_11.9.0.202307121226/tools/bin/../lib/gcc/arm-none-eabi/12.3.1/../../../../arm-none-eabi/lib/thumb/v7e-m+fp/hard\libcr_c.a(_fdopen.o)
 .debug_aranges
                0x00000ff8       0x20 c:/nxp/mcuxpressoide_11.9.0_2144/ide/plugins/com.nxp.mcuxpresso.tools.win32_11.9.0.202307121226/tools/bin/../lib/gcc/arm-none-eabi/12.3.1/../../../../arm-none-eabi/lib/thumb/v7e-m+fp/hard\libcr_c.a(fclose.o)
 .debug_aranges
                0x00001018       0x20 c:/nxp/mcuxpressoide_11.9.0_2144/ide/plugins/com.nxp.mcuxpresso.tools.win32_11.9.0.202307121226/tools/bin/../lib/gcc/arm-none-eabi/12.3.1/../../../../arm-none-eabi/lib/thumb/v7e-m+fp/hard\libcr_c.a(fflush.o)
 .debug_aranges
                0x00001038       0x28 c:/nxp/mcuxpressoide_11.9.0_2144/ide/plugins/com.nxp.mcuxpresso.tools.win32_11.9.0.202307121226/tools/bin/../lib/gcc/arm-none-eabi/12.3.1/../../../../arm-none-eabi/lib/thumb/v7e-m+fp/hard\libcr_c.a(remove.o)
 .debug_aranges
                0x00001060       0x20 c:/nxp/mcuxpressoide_11.9.0_2144/ide/plugins/com.nxp.mcuxpresso.tools.win32_11.9.0.202307121226/tools/bin/../lib/gcc/arm-none-eabi/12.3.1/../../../../arm-none-eabi/lib/thumb/v7e-m+fp/hard\libcr_c.a(_cr_check_heap.o)
 .debug_aranges
                0x00001080       0x20 c:/nxp/mcuxpressoide_11.9.0_2144/ide/plugins/com.nxp.mcuxpresso.tools.win32_11.9.0.202307121226/tools/bin/../lib/gcc/arm-none-eabi/12.3.1/../../../../arm-none-eabi/lib/thumb/v7e-m+fp/hard\libcr_c.a(_do_fflush.o)

.debug_ranges   0x00000000     0x1058
 .debug_ranges  0x00000000      0x320 ./startup/startup_mk64f12.o
 .debug_ranges  0x00000320       0x28 ./source/CLOCK.o