Archive member included to satisfy reference by file (symbol)

c:/nxp/mcuxpressoide_11.9.0_2144/ide/plugins/com.nxp.mcuxpresso.tools.win32_11.9.0.202307121226/tools/bin/../lib/gcc/arm-none-eabi/12.3.1/../../../../arm-none-eabi/lib/thumb/v7e-m+fp/hard\libcr_semihost_nf.a(_cr__main.o)
                              ./startup/startup_mk64f12.o (__main)
c:/nxp/mcuxpressoide_11.9.0_2144/ide/plugins/com.nxp.mcuxpresso.tools.win32_11.9.0.202307121226/tools/bin/../lib/gcc/arm-none-eabi/12.3.1/../../../../arm-none-eabi/lib/thumb/v7e-m+fp/hard\libcr_semihost_nf.a(_cr_assert.o)
                              ./source/PIT.o (__assertion_failed)
c:/nxp/mcuxpressoide_11.9.0_2144/ide/plugins/com.nxp.mcuxpresso.tools.win32_11.9.0.202307121226/tools/bin/../lib/gcc/arm-none-eabi/12.3.1/../../../../arm-none-eabi/lib/thumb/v7e-m+fp/hard\libcr_semihost_nf.a(__ciob.o)
                              c:/nxp/mcuxpressoide_11.9.0_2144/ide/plugins/com.nxp.mcuxpresso.tools.win32_11.9.0.202307121226/tools/bin/../lib/gcc/arm-none-eabi/12.3.1/../../../../arm-none-eabi/lib/thumb/v7e-m+fp/hard\libcr_semihost_nf.a(_cr_assert.o) (__Ciob)
c:/nxp/mcuxpressoide_11.9.0_2144/ide/plugins/com.nxp.mcuxpresso.tools.win32_11.9.0.202307121226/tools/bin/../lib/gcc/arm-none-eabi/12.3.1/../../../../arm-none-eabi/lib/thumb/v7e-m+fp/hard\libcr_semihost_nf.a(__sys_appexit.o)
                              c:/nxp/mcuxpressoide_11.9.0_2144/ide/plugins/com.nxp.mcuxpresso.tools.win32_11.9.0.202307121226/tools/bin/../lib/gcc/arm-none-eabi/12.3.1/../../../../arm-none-eabi/lib/thumb/v7e-m+fp/hard\libcr_semihost_nf.a(_cr_assert.o) (__sys_appexit)
c:/nxp/mcuxpressoide_11.9.0_2144/ide/plugins/com.nxp.mcuxpresso.tools.win32_11.9.0.202307121226/tools/bin/../lib/gcc/arm-none-eabi/12.3.1/../../../../arm-none-eabi/lib/thumb/v7e-m+fp/hard\libcr_c.a(memcpy.o)
                              ./utilities/fsl_str.o (memcpy)
c:/nxp/mcuxpressoide_11.9.0_2144/ide/plugins/com.nxp.mcuxpresso.tools.win32_11.9.0.202307121226/tools/bin/../lib/gcc/arm-none-eabi/12.3.1/../../../../arm-none-eabi/lib/thumb/v7e-m+fp/hard\libcr_c.a(memset.o)
                              ./drivers/fsl_adc16.o (memset)
c:/nxp/mcuxpressoide_11.9.0_2144/ide/plugins/com.nxp.mcuxpresso.tools.win32_11.9.0.202307121226/tools/bin/../lib/gcc/arm-none-eabi/12.3.1/../../../../arm-none-eabi/lib/thumb/v7e-m+fp/hard\libcr_c.a(_deferredlazyseek.o)
                              c:/nxp/mcuxpressoide_11.9.0_2144/ide/plugins/com.nxp.mcuxpresso.tools.win32_11.9.0.202307121226/tools/bin/../lib/gcc/arm-none-eabi/12.3.1/../../../../arm-none-eabi/lib/thumb/v7e-m+fp/hard\libcr_semihost_nf.a(_cr_assert.o) (__flsbuf)
c:/nxp/mcuxpressoide_11.9.0_2144/ide/plugins/com.nxp.mcuxpresso.tools.win32_11.9.0.202307121226/tools/bin/../lib/gcc/arm-none-eabi/12.3.1/../../../../arm-none-eabi/lib/thumb/v7e-m+fp/hard\libcr_c.a(_fflush.o)
                              c:/nxp/mcuxpressoide_11.9.0_2144/ide/plugins/com.nxp.mcuxpresso.tools.win32_11.9.0.202307121226/tools/bin/../lib/gcc/arm-none-eabi/12.3.1/../../../../arm-none-eabi/lib/thumb/v7e-m+fp/hard\libcr_c.a(_deferredlazyseek.o) (_fflush)
c:/nxp/mcuxpressoide_11.9.0_2144/ide/plugins/com.nxp.mcuxpresso.tools.win32_11.9.0.202307121226/tools/bin/../lib/gcc/arm-none-eabi/12.3.1/../../../../arm-none-eabi/lib/thumb/v7e-m+fp/hard\libcr_c.a(_writebuf.o)
                              c:/nxp/mcuxpressoide_11.9.0_2144/ide/plugins/com.nxp.mcuxpresso.tools.win32_11.9.0.202307121226/tools/bin/../lib/gcc/arm-none-eabi/12.3.1/../../../../arm-none-eabi/lib/thumb/v7e-m+fp/hard\libcr_c.a(_deferredlazyseek.o) (_Cwritebuf)
c:/nxp/mcuxpressoide_11.9.0_2144/ide/plugins/com.nxp.mcuxpresso.tools.win32_11.9.0.202307121226/tools/bin/../lib/gcc/arm-none-eabi/12.3.1/../../../../arm-none-eabi/lib/thumb/v7e-m+fp/hard\libcr_c.a(alloc.o)
                              ./drivers/fsl_common.o (malloc)
c:/nxp/mcuxpressoide_11.9.0_2144/ide/plugins/com.nxp.mcuxpresso.tools.win32_11.9.0.202307121226/tools/bin/../lib/gcc/arm-none-eabi/12.3.1/../../../../arm-none-eabi/lib/thumb/v7e-m+fp/hard\libcr_c.a(errno.o)
                              ./utilities/fsl_str.o (errno)
c:/nxp/mcuxpressoide_11.9.0_2144/ide/plugins/com.nxp.mcuxpresso.tools.win32_11.9.0.202307121226/tools/bin/../lib/gcc/arm-none-eabi/12.3.1/../../../../arm-none-eabi/lib/thumb/v7e-m+fp/hard\libcr_c.a(fputs.o)
                              c:/nxp/mcuxpressoide_11.9.0_2144/ide/plugins/com.nxp.mcuxpresso.tools.win32_11.9.0.202307121226/tools/bin/../lib/gcc/arm-none-eabi/12.3.1/../../../../arm-none-eabi/lib/thumb/v7e-m+fp/hard\libcr_semihost_nf.a(_cr_assert.o) (fputs)
c:/nxp/mcuxpressoide_11.9.0_2144/ide/plugins/com.nxp.mcuxpresso.tools.win32_11.9.0.202307121226/tools/bin/../lib/gcc/arm-none-eabi/12.3.1/../../../../arm-none-eabi/lib/thumb/v7e-m+fp/hard\libcr_c.a(fseek.o)
[...]
Memory Configuration

Name             Origin             Length             Attributes
PROGRAM_FLASH    0x00000000         0x00100000         xr
SRAM_UPPER       0x20000000         0x00030000         xrw
SRAM_LOWER       0x1fff0000         0x00010000         xrw
FLEX_RAM         0x14000000         0x00001000         xrw
*default*        0x00000000         0xffffffff

Linker script and memory map

LOAD ./utilities/fsl_debug_console.o
LOAD ./utilities/fsl_str.o
LOAD ./startup/startup_mk64f12.o
LOAD ./source/CLOCK.o
LOAD ./source/PIT.o
LOAD ./source/SPI.o
LOAD ./source/lcd_driver.o
LOAD ./source/main.o
LOAD ./source/semihost_hardfault.o
LOAD ./drivers/fsl_adc16.o
LOAD ./drivers/fsl_clock.o
LOAD ./drivers/fsl_common.o
LOAD ./drivers/fsl_common_arm.o
LOAD ./drivers/fsl_dspi.o
LOAD ./drivers/fsl_gpio.o
LOAD ./drivers/fsl_i2c.o
LOAD ./drivers/fsl_pit.o
LOAD ./drivers/fsl_smc.o
LOAD ./drivers/fsl_uart.o
LOAD ./device/system_MK64F12.o
LOAD ./component/uart/fsl_adapter_uart.o
LOAD ./component/serial_manager/fsl_component_serial_manager.o
LOAD ./component/serial_manager/fsl_component_serial_port_uart.o
LOAD ./component/lists/fsl_component_generic_list.o
LOAD ./board/board.o
LOAD ./board/clock_config.o
LOAD ./board/peripherals.o
LOAD ./board/pin_mux.o
START GROUP
LOAD c:/nxp/mcuxpressoide_11.9.0_2144/ide/plugins/com.nxp.mcuxpresso.tools.win32_11.9.0.202307121226/tools/bin/../lib/gcc/arm-none-eabi/12.3.1/../../../../arm-none-eabi/lib/thumb/v7e-m+fp/hard\libcr_semihost_nf.a
LOAD c:/nxp/mcuxpressoide_11.9.0_2144/ide/plugins/com.nxp.mcuxpresso.tools.win32_11.9.0.202307121226/tools/bin/../lib/gcc/arm-none-eabi/12.3.1/../../../../arm-none-eabi/lib/thumb/v7e-m+fp/hard\libcr_c.a
LOAD c:/nxp/mcuxpressoide_11.9.0_2144/ide/plugins/com.nxp.mcuxpresso.tools.win32_11.9.0.202307121226/tools/bin/../lib/gcc/arm-none-eabi/12.3.1/thumb/v7e-m+fp/hard\libcr_eabihelpers.a
LOAD c:/nxp/mcuxpressoide_11.9.0_2144/ide/plugins/com.nxp.mcuxpresso.tools.win32_11.9.0.202307121226/tools/bin/../lib/gcc/arm-none-eabi/12.3.1/thumb/v7e-m+fp/hard\libgcc.a
END GROUP
                0x00000000                        __base_PROGRAM_FLASH = 0x0
                0x00000000                        __base_Flash = 0x0
                0x00100000                        __top_PROGRAM_FLASH = 0x100000
                0x00100000                        __top_Flash = 0x100000
                0x20000000                        __base_SRAM_UPPER = 0x20000000
                0x20000000                        __base_RAM = 0x20000000
                0x20030000                        __top_SRAM_UPPER = 0x20030000
                0x20030000                        __top_RAM = 0x20030000
                0x1fff0000                        __base_SRAM_LOWER = 0x1fff0000
                0x1fff0000                        __base_RAM2 = 0x1fff0000
                0x20000000                        __top_SRAM_LOWER = 0x20000000
                0x20000000                        __top_RAM2 = 0x20000000
                0x14000000                        __base_FLEX_RAM = 0x14000000
                0x14000000                        __base_RAM3 = 0x14000000
                0x14001000                        __top_FLEX_RAM = 0x14001000
                0x14001000                        __top_RAM3 = 0x14001000

.text           0x00000000     0x3638
 FILL mask 0xff
                0x00000000                        __vectors_start__ = ABSOLUTE (.)
 *(SORT_BY_ALIGNMENT(.isr_vector))
 .isr_vector    0x00000000      0x198 ./startup/startup_mk64f12.o
                0x00000000                g_pfnVectors
                0x00000000                __Vectors
                0x00000198                        . = ALIGN (0x4)
                0x00000198                        __section_table_start = .
                0x00000198                        __data_section_table = .
                0x00000198        0x4 LONG 0x3638 LOADADDR (.data)
                0x0000019c        0x4 LONG 0x20000000 ADDR (.data)
                0x000001a0        0x4 LONG 0x10 SIZEOF (.data)
                0x000001a4        0x4 LONG 0x3638 LOADADDR (.data_RAM2)
                0x000001a8        0x4 LONG 0x1fff0000 ADDR (.data_RAM2)
                0x000001ac        0x4 LONG 0x0 SIZEOF (.data_RAM2)
                0x000001b0        0x4 LONG 0x3638 LOADADDR (.data_RAM3)
                0x000001b4        0x4 LONG 0x14000000 ADDR (.data_RAM3)
                0x000001b8        0x4 LONG 0x0 SIZEOF (.data_RAM3)
                0x000001bc                        __data_section_table_end = .
                0x000001bc                        __bss_section_table = .
                0x000001bc        0x4 LONG 0x20000010 ADDR (.bss)
                0x000001c0        0x4 LONG 0x120 SIZEOF (.bss)
                0x000001c4        0x4 LONG 0x1fff0000 ADDR (.bss_RAM2)
                0x000001c8        0x4 LONG 0x0 SIZEOF (.bss_RAM2)
                0x000001cc        0x4 LONG 0x14000000 ADDR (.bss_RAM3)
                0x000001d0        0x4 LONG 0x0 SIZEOF (.bss_RAM3)
                0x000001d4                        __bss_section_table_end = .
                0x000001d4                        __section_table_end = .
 *(SORT_BY_ALIGNMENT(.after_vectors*))
 .after_vectors.reset
                0x000001d4       0x4c ./startup/startup_mk64f12.o
                0x000001d4                ResetISR
 .after_vectors.init_data
                0x00000220       0x1e ./startup/startup_mk64f12.o
                0x00000220                data_init
 .after_vectors.init_bss
                0x0000023e       0x12 ./startup/startup_mk64f12.o
                0x0000023e                bss_init
 .after_vectors
                0x00000250       0x14 ./startup/startup_mk64f12.o
                0x00000250                NMI_Handler
                0x00000254                MemManage_Handler
                0x00000256                BusFault_Handler
                0x00000258                UsageFault_Handler
                0x0000025a                SVC_Handler
                0x0000025c                DebugMon_Handler
                0x0000025e                PendSV_Handler
                0x00000262                DMA_Error_DriverIRQHandler
                0x00000262                FTM1_DriverIRQHandler
                0x00000262                FTM2_DriverIRQHandler
                0x00000262                PIT2_DriverIRQHandler
                0x00000262                SDHC_DriverIRQHandler
                0x00000262                I2S0_Tx_DriverIRQHandler
                0x00000262                RTC_Seconds_DriverIRQHandler
                0x00000262                DMA6_DriverIRQHandler
                0x00000262                LLWU_DriverIRQHandler
                0x00000262                MCM_DriverIRQHandler
                0x00000262                MCG_DriverIRQHandler
                0x00000262                ENET_1588_Timer_DriverIRQHandler
                0x00000262                DAC1_DriverIRQHandler
                0x00000262                LPTMR0_DriverIRQHandler
                0x00000262                CMP1_DriverIRQHandler
                0x00000262                FTM0_DriverIRQHandler
                0x00000262                IntDefaultHandler
                0x00000262                USB0_DriverIRQHandler
                0x00000262                UART5_ERR_DriverIRQHandler
                0x00000262                PORTC_DriverIRQHandler
                0x00000262                DMA11_DriverIRQHandler
                0x00000262                DAC0_DriverIRQHandler
                0x00000262                DMA10_DriverIRQHandler
                0x00000262                CMP2_DriverIRQHandler
                0x00000262                UART2_ERR_DriverIRQHandler
                0x00000262                LVD_LVW_DriverIRQHandler
                0x00000262                PIT0_DriverIRQHandler
                0x00000262                RNG_DriverIRQHandler
                0x00000262                DMA12_DriverIRQHandler
                0x00000262                DMA4_DriverIRQHandler
                0x00000262                USBDCD_DriverIRQHandler
                0x00000262                UART3_ERR_DriverIRQHandler
                0x00000262                DMA3_DriverIRQHandler
                0x00000262                DMA8_DriverIRQHandler
                0x00000262                DMA9_DriverIRQHandler
                0x00000262                UART0_ERR_DriverIRQHandler
                0x00000262                CMT_DriverIRQHandler
                0x00000262                Reserved71_DriverIRQHandler
                0x00000262                ADC1_DriverIRQHandler
                0x00000262                PORTA_DriverIRQHandler
                0x00000262                DMA14_DriverIRQHandler
                0x00000262                PIT3_DriverIRQHandler
                0x00000262                PIT1_DriverIRQHandler
                0x00000262                WDOG_EWM_DriverIRQHandler
                0x00000262                PDB0_DriverIRQHandler
                0x00000262                RTC_DriverIRQHandler
                0x00000262                I2S0_Rx_DriverIRQHandler
                0x00000262                Read_Collision_DriverIRQHandler
                0x00000262                SWI_DriverIRQHandler
                0x00000262                UART4_ERR_DriverIRQHandler
                0x00000262                PORTB_DriverIRQHandler
                0x00000262                UART0_LON_DriverIRQHandler
                0x00000262                DMA0_DriverIRQHandler
                0x00000262                DMA1_DriverIRQHandler
                0x00000262                ENET_Receive_DriverIRQHandler
                0x00000262                DMA13_DriverIRQHandler
                0x00000262                ENET_Error_DriverIRQHandler
                0x00000262                DMA15_DriverIRQHandler
                0x00000262                ADC0_DriverIRQHandler
                0x00000262                CMP0_DriverIRQHandler
                0x00000262                CAN0_DriverIRQHandler
                0x00000262                FTM3_DriverIRQHandler
                0x00000262                DMA5_DriverIRQHandler
                0x00000262                UART1_ERR_DriverIRQHandler
                0x00000262                DMA2_DriverIRQHandler
                0x00000262                ENET_Transmit_DriverIRQHandler
                0x00000262                PORTD_DriverIRQHandler
                0x00000262                PORTE_DriverIRQHandler
                0x00000262                FTFE_DriverIRQHandler
                0x00000262                DMA7_DriverIRQHandler
                0x00000400                        . = 0x400
 *fill*         0x00000264      0x19c ff
                0x00000400                        PROVIDE (__FLASH_CONFIG_START__ = .)
 *(SORT_BY_ALIGNMENT(.FlashConfig))
 .FlashConfig   0x00000400       0x10 ./startup/startup_mk64f12.o
                0x00000400                Flash_Config
                0x00000410                        PROVIDE (__FLASH_CONFIG_END__ = .)
                0x00000001                        ASSERT (! ((__FLASH_CONFIG_START__ == __FLASH_CONFIG_END__)), Linker Flash Config Support Enabled, but no .FlashConfig section provided within application)
 *(SORT_BY_ALIGNMENT(.text*))
 .text.clock_to_vector
                0x00000410       0xe0 ./source/CLOCK.o
                0x00000410                clock_to_vector
 .text.PIT0_IRQHandler
                0x000004f0       0x28 ./source/PIT.o
                0x000004f0                PIT0_IRQHandler
 .text.__NVIC_SetPriority
                0x00000518       0x54 ./source/SPI.o
 .text.SysTick_Config
                0x0000056c       0x44 ./source/SPI.o
 .text.SPI_Init
                0x000005b0       0x78 ./source/SPI.o
                0x000005b0                SPI_Init
 .text.SPI_SendData
                0x00000628       0x58 ./source/SPI.o
                0x00000628                SPI_SendData
 .text.LCD_begin
                0x00000680      0x120 ./source/lcd_driver.o
                0x00000680                LCD_begin
 .text.setContrast
                0x000007a0       0x48 ./source/lcd_driver.o
                0x000007a0                setContrast
 .text.draw     0x000007e8       0x44 ./source/lcd_driver.o
                0x000007e8                draw
 .text.setCursor
                0x0000082c       0x80 ./source/lcd_driver.o
                0x0000082c                setCursor
 .text.LCD5110_make
                0x000008ac       0x30 ./source/lcd_driver.o
                0x000008ac                LCD5110_make
 .text.clearLCD
                0x000008dc       0x7c ./source/lcd_driver.o
                0x000008dc                clearLCD
 .text.SysTick_Handler
                0x00000958       0x24 ./source/main.o
                0x00000958                SysTick_Handler
 .text.main     0x0000097c       0xa4 ./source/main.o
                0x0000097c                main
 .text.CLOCK_SetEr32kClock
                0x00000a20       0x30 ./drivers/fsl_clock.o
 .text.CLOCK_SetPllFllSelClock
                0x00000a50       0x38 ./drivers/fsl_clock.o
 .text.CLOCK_GetMcgExtClkFreq
                0x00000a88       0x7c ./drivers/fsl_clock.o
 .text.CLOCK_GetFllExtRefClkFreq
                0x00000b04       0xb0 ./drivers/fsl_clock.o
 .text.CLOCK_GetInternalRefClkSelectFreq
                0x00000bb4       0x4c ./drivers/fsl_clock.o
 .text.CLOCK_GetFllRefClkFreq
                0x00000c00       0x34 ./drivers/fsl_clock.o
 .text.CLOCK_GetOscRangeFromFreq
                0x00000c34       0x3c ./drivers/fsl_clock.o
 .text.CLOCK_GetOsc0ErClkFreq
                0x00000c70       0x44 ./drivers/fsl_clock.o
                0x00000c70                CLOCK_GetOsc0ErClkFreq
 .text.CLOCK_GetEr32kClkFreq
                0x00000cb4       0x74 ./drivers/fsl_clock.o
                0x00000cb4                CLOCK_GetEr32kClkFreq
 .text.CLOCK_GetPllFllSelClkFreq
                0x00000d28       0x54 ./drivers/fsl_clock.o
                0x00000d28                CLOCK_GetPllFllSelClkFreq
 .text.CLOCK_GetFreq
                0x00000d7c      0x140 ./drivers/fsl_clock.o
                0x00000d7c                CLOCK_GetFreq
 .text.CLOCK_SetSimConfig
                0x00000ebc       0x34 ./drivers/fsl_clock.o
                0x00000ebc                CLOCK_SetSimConfig
 .text.CLOCK_GetOutClkFreq
                0x00000ef0       0x64 ./drivers/fsl_clock.o
                0x00000ef0                CLOCK_GetOutClkFreq
 .text.CLOCK_GetFllFreq
                0x00000f54       0x84 ./drivers/fsl_clock.o
                0x00000f54                CLOCK_GetFllFreq
 .text.CLOCK_GetInternalRefClkFreq
                0x00000fd8       0x30 ./drivers/fsl_clock.o
                0x00000fd8                CLOCK_GetInternalRefClkFreq
 .text.CLOCK_GetPll0Freq
                0x00001008       0x78 ./drivers/fsl_clock.o
                0x00001008                CLOCK_GetPll0Freq
 .text.CLOCK_SetExternalRefClkConfig
                0x00001080       0x6c ./drivers/fsl_clock.o
                0x00001080                CLOCK_SetExternalRefClkConfig
 .text.CLOCK_SetInternalRefClkConfig
                0x000010ec      0x104 ./drivers/fsl_clock.o
                0x000010ec                CLOCK_SetInternalRefClkConfig
 .text.CLOCK_EnablePll0
                0x000011f0       0x88 ./drivers/fsl_clock.o
                0x000011f0                CLOCK_EnablePll0
 .text.CLOCK_InitOsc0
                0x00001278       0x8c ./drivers/fsl_clock.o
                0x00001278                CLOCK_InitOsc0
 .text.CLOCK_SetPbeMode
                0x00001304       0xa8 ./drivers/fsl_clock.o
                0x00001304                CLOCK_SetPbeMode
 .text.CLOCK_BootToPeeMode
                0x000013ac       0x64 ./drivers/fsl_clock.o
                0x000013ac                CLOCK_BootToPeeMode
 .text.DSPI_GetInstance
                0x00001410       0x4c ./drivers/fsl_dspi.o
                0x00001410                DSPI_GetInstance
 .text.DSPI_GetDummyDataInstance
                0x0000145c       0x24 ./drivers/fsl_dspi.o
                0x0000145c                DSPI_GetDummyDataInstance
 .text.DSPI_SetDummyData
                0x00001480       0x2c ./drivers/fsl_dspi.o
                0x00001480                DSPI_SetDummyData
 .text.DSPI_MasterInit
                0x000014ac      0x16c ./drivers/fsl_dspi.o
                0x000014ac                DSPI_MasterInit
 .text.DSPI_MasterSetBaudRate
                0x00001618      0x12c ./drivers/fsl_dspi.o
                0x00001618                DSPI_MasterSetBaudRate
 .text.DSPI_MasterSetDelayScaler
                0x00001744       0xe8 ./drivers/fsl_dspi.o
                0x00001744                DSPI_MasterSetDelayScaler
 .text.DSPI_MasterSetDelayTimes
                0x0000182c      0x130 ./drivers/fsl_dspi.o
                0x0000182c                DSPI_MasterSetDelayTimes
 .text.DSPI_MasterTransferBlocking
                0x0000195c      0x488 ./drivers/fsl_dspi.o
                0x0000195c                DSPI_MasterTransferBlocking
 .text.DSPI_CommonIRQHandler
                0x00001de4       0x44 ./drivers/fsl_dspi.o
 .text.SPI0_DriverIRQHandler
                0x00001e28       0x30 ./drivers/fsl_dspi.o
                0x00001e28                SPI0_DriverIRQHandler
 .text.SPI1_DriverIRQHandler
                0x00001e58       0x30 ./drivers/fsl_dspi.o
                0x00001e58                SPI1_DriverIRQHandler
 .text.SPI2_DriverIRQHandler
                0x00001e88       0x30 ./drivers/fsl_dspi.o
                0x00001e88                SPI2_DriverIRQHandler
 .text.GPIO_PinInit
                0x00001eb8       0x64 ./drivers/fsl_gpio.o
                0x00001eb8                GPIO_PinInit
 .text.I2C_TransferCommonIRQHandler
                0x00001f1c       0x58 ./drivers/fsl_i2c.o
 .text.I2C0_DriverIRQHandler
                0x00001f74       0x1c ./drivers/fsl_i2c.o
                0x00001f74                I2C0_DriverIRQHandler
 .text.I2C1_DriverIRQHandler
                0x00001f90       0x1c ./drivers/fsl_i2c.o
                0x00001f90                I2C1_DriverIRQHandler
 .text.I2C2_DriverIRQHandler
                0x00001fac       0x1c ./drivers/fsl_i2c.o
                0x00001fac                I2C2_DriverIRQHandler
 .text.UART0_DriverIRQHandler
                0x00001fc8       0x28 ./drivers/fsl_uart.o
                0x00001fc8                UART0_DriverIRQHandler
 .text.UART1_DriverIRQHandler
                0x00001ff0       0x28 ./drivers/fsl_uart.o
                0x00001ff0                UART1_DriverIRQHandler
 .text.UART2_DriverIRQHandler
                0x00002018       0x28 ./drivers/fsl_uart.o
                0x00002018                UART2_DriverIRQHandler
 .text.UART3_DriverIRQHandler
                0x00002040       0x28 ./drivers/fsl_uart.o
                0x00002040                UART3_DriverIRQHandler
 .text.UART4_DriverIRQHandler
                0x00002068       0x28 ./drivers/fsl_uart.o
                0x00002068                UART4_DriverIRQHandler
 .text.UART5_DriverIRQHandler
                0x00002090       0x28 ./drivers/fsl_uart.o
                0x00002090                UART5_DriverIRQHandler
 .text.SystemInit
                0x000020b8       0x3c ./device/system_MK64F12.o
                0x000020b8                SystemInit
 .text.CLOCK_SetSimSafeDivs
                0x000020f4       0x20 ./board/clock_config.o
 .text.CLOCK_SetXtal0Freq
                0x00002114       0x20 ./board/clock_config.o
 .text.CLOCK_CONFIG_SetFllExtRefDiv
                0x00002134       0x3c ./board/clock_config.o
 .text.BOARD_BootClockRUN
                0x00002170       0x60 ./board/clock_config.o
                0x00002170                BOARD_BootClockRUN
 .text.BOARD_InitPins
                0x000021d0       0x78 ./board/pin_mux.o
                0x000021d0                BOARD_InitPins
 .text.__assertion_failed
                0x00002248       0x4c c:/nxp/mcuxpressoide_11.9.0_2144/ide/plugins/com.nxp.mcuxpresso.tools.win32_11.9.0.202307121226/tools/bin/../lib/gcc/arm-none-eabi/12.3.1/../../../../arm-none-eabi/lib/thumb/v7e-m+fp/hard\libcr_semihost_nf.a(_cr_assert.o)
                0x00002248                __assertion_failed
 .text.__sys_appexit
                0x00002294        0xc c:/nxp/mcuxpressoide_11.9.0_2144/ide/plugins/com.nxp.mcuxpresso.tools.win32_11.9.0.202307121226/tools/bin/../lib/gcc/arm-none-eabi/12.3.1/../../../../arm-none-eabi/lib/thumb/v7e-m+fp/hard\libcr_semihost_nf.a(__sys_appexit.o)
                0x00002294                __sys_appexit
                0x00002294                __exit
 .text._Cwritebuf
                0x000022a0       0x6c c:/nxp/mcuxpressoide_11.9.0_2144/ide/plugins/com.nxp.mcuxpresso.tools.win32_11.9.0.202307121226/tools/bin/../lib/gcc/arm-none-eabi/12.3.1/../../../../arm-none-eabi/lib/thumb/v7e-m+fp/hard\libcr_c.a(_writebuf.o)
                0x000022a0                _Cwritebuf
 .text.malloc   0x0000230c       0xe8 c:/nxp/mcuxpressoide_11.9.0_2144/ide/plugins/com.nxp.mcuxpresso.tools.win32_11.9.0.202307121226/tools/bin/../lib/gcc/arm-none-eabi/12.3.1/../../../../arm-none-eabi/lib/thumb/v7e-m+fp/hard\libcr_c.a(alloc.o)
                0x0000230c                malloc
 .text._Csys_alloc
                0x000023f4       0x20 c:/nxp/mcuxpressoide_11.9.0_2144/ide/plugins/com.nxp.mcuxpresso.tools.win32_11.9.0.202307121226/tools/bin/../lib/gcc/arm-none-eabi/12.3.1/../../../../arm-none-eabi/lib/thumb/v7e-m+fp/hard\libcr_c.a(alloc.o)
                0x000023f4                _Csys_alloc
 .text.fseek    0x00002414       0xf8 c:/nxp/mcuxpressoide_11.9.0_2144/ide/plugins/com.nxp.mcuxpresso.tools.win32_11.9.0.202307121226/tools/bin/../lib/gcc/arm-none-eabi/12.3.1/../../../../arm-none-eabi/lib/thumb/v7e-m+fp/hard\libcr_c.a(fseek.o)
                0x00002414                fseek
 .text.ftell    0x0000250c       0x44 c:/nxp/mcuxpressoide_11.9.0_2144/ide/plugins/com.nxp.mcuxpresso.tools.win32_11.9.0.202307121226/tools/bin/../lib/gcc/arm-none-eabi/12.3.1/../../../../arm-none-eabi/lib/thumb/v7e-m+fp/hard\libcr_c.a(ftell.o)
                0x0000250c                ftell
 .text._initio  0x00002550       0x78 c:/nxp/mcuxpressoide_11.9.0_2144/ide/plugins/com.nxp.mcuxpresso.tools.win32_11.9.0.202307121226/tools/bin/../lib/gcc/arm-none-eabi/12.3.1/../../../../arm-none-eabi/lib/thumb/v7e-m+fp/hard\libcr_c.a(initio.o)
                0x00002550                _initio
 .text._sbrk    0x000025c8       0x3c c:/nxp/mcuxpressoide_11.9.0_2144/ide/plugins/com.nxp.mcuxpresso.tools.win32_11.9.0.202307121226/tools/bin/../lib/gcc/arm-none-eabi/12.3.1/../../../../arm-none-eabi/lib/thumb/v7e-m+fp/hard\libcr_c.a(_cr_sbrk.o)
                0x000025c8                _sbrk
 .text.fflush   0x00002604       0x3c c:/nxp/mcuxpressoide_11.9.0_2144/ide/plugins/com.nxp.mcuxpresso.tools.win32_11.9.0.202307121226/tools/bin/../lib/gcc/arm-none-eabi/12.3.1/../../../../arm-none-eabi/lib/thumb/v7e-m+fp/hard\libcr_c.a(fflush.o)
                0x00002604                fflush
 .text.__check_heap_overflow
                0x00002640       0x18 c:/nxp/mcuxpressoide_11.9.0_2144/ide/plugins/com.nxp.mcuxpresso.tools.win32_11.9.0.202307121226/tools/bin/../lib/gcc/arm-none-eabi/12.3.1/../../../../arm-none-eabi/lib/thumb/v7e-m+fp/hard\libcr_c.a(_cr_check_heap.o)
                0x00002640                __check_heap_overflow
 .text.DMA0_IRQHandler
                0x00002658        0x8 ./startup/startup_mk64f12.o
                0x00002658                DMA0_IRQHandler
 .text.DMA1_IRQHandler
                0x00002660        0x8 ./startup/startup_mk64f12.o
                0x00002660                DMA1_IRQHandler
 .text.DMA2_IRQHandler
                0x00002668        0x8 ./startup/startup_mk64f12.o
                0x00002668                DMA2_IRQHandler
 .text.DMA3_IRQHandler
                0x00002670        0x8 ./startup/startup_mk64f12.o
                0x00002670                DMA3_IRQHandler
 .text.DMA4_IRQHandler
                0x00002678        0x8 ./startup/startup_mk64f12.o
                0x00002678                DMA4_IRQHandler
 .text.DMA5_IRQHandler
                0x00002680        0x8 ./startup/startup_mk64f12.o
                0x00002680                DMA5_IRQHandler
 .text.DMA6_IRQHandler
                0x00002688        0x8 ./startup/startup_mk64f12.o
                0x00002688                DMA6_IRQHandler
 .text.DMA7_IRQHandler
                0x00002690        0x8 ./startup/startup_mk64f12.o
                0x00002690                DMA7_IRQHandler
 .text.DMA8_IRQHandler
                0x00002698        0x8 ./startup/startup_mk64f12.o
                0x00002698                DMA8_IRQHandler
 .text.DMA9_IRQHandler
                0x000026a0        0x8 ./startup/startup_mk64f12.o
                0x000026a0                DMA9_IRQHandler
 .text.DMA10_IRQHandler
                0x000026a8        0x8 ./startup/startup_mk64f12.o
                0x000026a8                DMA10_IRQHandler
 .text.DMA11_IRQHandler
                0x000026b0        0x8 ./startup/startup_mk64f12.o
                0x000026b0                DMA11_IRQHandler
 .text.DMA12_IRQHandler
                0x000026b8        0x8 ./startup/startup_mk64f12.o
                0x000026b8                DMA12_IRQHandler
 .text.DMA13_IRQHandler
                0x000026c0        0x8 ./startup/startup_mk64f12.o
                0x000026c0                DMA13_IRQHandler
 .text.DMA14_IRQHandler
                0x000026c8        0x8 ./startup/startup_mk64f12.o
                0x000026c8                DMA14_IRQHandler
 .text.DMA15_IRQHandler
                0x000026d0        0x8 ./startup/startup_mk64f12.o
                0x000026d0                DMA15_IRQHandler
 .text.DMA_Error_IRQHandler
                0x000026d8        0x8 ./startup/startup_mk64f12.o
                0x000026d8                DMA_Error_IRQHandler
 .text.MCM_IRQHandler
                0x000026e0        0x8 ./startup/startup_mk64f12.o
                0x000026e0                MCM_IRQHandler
 .text.FTFE_IRQHandler
                0x000026e8        0x8 ./startup/startup_mk64f12.o
                0x000026e8                FTFE_IRQHandler
 .text.Read_Collision_IRQHandler
                0x000026f0        0x8 ./startup/startup_mk64f12.o
                0x000026f0                Read_Collision_IRQHandler
 .text.LVD_LVW_IRQHandler
                0x000026f8        0x8 ./startup/startup_mk64f12.o
                0x000026f8                LVD_LVW_IRQHandler
 .text.LLWU_IRQHandler
                0x00002700        0x8 ./startup/startup_mk64f12.o
                0x00002700                LLWU_IRQHandler
 .text.WDOG_EWM_IRQHandler
                0x00002708        0x8 ./startup/startup_mk64f12.o
                0x00002708                WDOG_EWM_IRQHandler
 .text.RNG_IRQHandler
                0x00002710        0x8 ./startup/startup_mk64f12.o
                0x00002710                RNG_IRQHandler
 .text.I2C0_IRQHandler
                0x00002718        0x8 ./startup/startup_mk64f12.o
                0x00002718                I2C0_IRQHandler
 .text.I2C1_IRQHandler
                0x00002720        0x8 ./startup/startup_mk64f12.o
                0x00002720                I2C1_IRQHandler
 .text.SPI0_IRQHandler
                0x00002728        0x8 ./startup/startup_mk64f12.o
                0x00002728                SPI0_IRQHandler
 .text.SPI1_IRQHandler
                0x00002730        0x8 ./startup/startup_mk64f12.o
                0x00002730                SPI1_IRQHandler
 .text.I2S0_Tx_IRQHandler
                0x00002738        0x8 ./startup/startup_mk64f12.o
                0x00002738                I2S0_Tx_IRQHandler
 .text.I2S0_Rx_IRQHandler
                0x00002740        0x8 ./startup/startup_mk64f12.o
                0x00002740                I2S0_Rx_IRQHandler
 .text.UART0_LON_IRQHandler
                0x00002748        0x8 ./startup/startup_mk64f12.o
                0x00002748                UART0_LON_IRQHandler
 .text.UART0_RX_TX_IRQHandler
                0x00002750        0x8 ./startup/startup_mk64f12.o
                0x00002750                UART0_RX_TX_IRQHandler
 .text.UART0_ERR_IRQHandler
                0x00002758        0x8 ./startup/startup_mk64f12.o
                0x00002758                UART0_ERR_IRQHandler
 .text.UART1_RX_TX_IRQHandler
                0x00002760        0x8 ./startup/startup_mk64f12.o
                0x00002760                UART1_RX_TX_IRQHandler
 .text.UART1_ERR_IRQHandler
                0x00002768        0x8 ./startup/startup_mk64f12.o
                0x00002768                UART1_ERR_IRQHandler
 .text.UART2_RX_TX_IRQHandler
                0x00002770        0x8 ./startup/startup_mk64f12.o
                0x00002770                UART2_RX_TX_IRQHandler
 .text.UART2_ERR_IRQHandler
                0x00002778        0x8 ./startup/startup_mk64f12.o
                0x00002778                UART2_ERR_IRQHandler
 .text.UART3_RX_TX_IRQHandler
                0x00002780        0x8 ./startup/startup_mk64f12.o
                0x00002780                UART3_RX_TX_IRQHandler
 .text.UART3_ERR_IRQHandler
                0x00002788        0x8 ./startup/startup_mk64f12.o
                0x00002788                UART3_ERR_IRQHandler
 .text.ADC0_IRQHandler
                0x00002790        0x8 ./startup/startup_mk64f12.o
                0x00002790                ADC0_IRQHandler
 .text.CMP0_IRQHandler
                0x00002798        0x8 ./startup/startup_mk64f12.o
                0x00002798                CMP0_IRQHandler
 .text.CMP1_IRQHandler
                0x000027a0        0x8 ./startup/startup_mk64f12.o
                0x000027a0                CMP1_IRQHandler
 .text.FTM0_IRQHandler
                0x000027a8        0x8 ./startup/startup_mk64f12.o
                0x000027a8                FTM0_IRQHandler
 .text.FTM1_IRQHandler
                0x000027b0        0x8 ./startup/startup_mk64f12.o
                0x000027b0                FTM1_IRQHandler
 .text.FTM2_IRQHandler
                0x000027b8        0x8 ./startup/startup_mk64f12.o
                0x000027b8                FTM2_IRQHandler
 .text.CMT_IRQHandler
                0x000027c0        0x8 ./startup/startup_mk64f12.o
                0x000027c0                CMT_IRQHandler
 .text.RTC_IRQHandler
                0x000027c8        0x8 ./startup/startup_mk64f12.o
                0x000027c8                RTC_IRQHandler
 .text.RTC_Seconds_IRQHandler
                0x000027d0        0x8 ./startup/startup_mk64f12.o
                0x000027d0                RTC_Seconds_IRQHandler
 .text.PIT1_IRQHandler
                0x000027d8        0x8 ./startup/startup_mk64f12.o
                0x000027d8                PIT1_IRQHandler
 .text.PIT2_IRQHandler
                0x000027e0        0x8 ./startup/startup_mk64f12.o
                0x000027e0                PIT2_IRQHandler
 .text.PIT3_IRQHandler
                0x000027e8        0x8 ./startup/startup_mk64f12.o
                0x000027e8                PIT3_IRQHandler
 .text.PDB0_IRQHandler
                0x000027f0        0x8 ./startup/startup_mk64f12.o
                0x000027f0                PDB0_IRQHandler
 .text.USB0_IRQHandler
                0x000027f8        0x8 ./startup/startup_mk64f12.o
                0x000027f8                USB0_IRQHandler
 .text.USBDCD_IRQHandler
                0x00002800        0x8 ./startup/startup_mk64f12.o
                0x00002800                USBDCD_IRQHandler
 .text.Reserved71_IRQHandler
                0x00002808        0x8 ./startup/startup_mk64f12.o
                0x00002808                Reserved71_IRQHandler
 .text.DAC0_IRQHandler
                0x00002810        0x8 ./startup/startup_mk64f12.o
                0x00002810                DAC0_IRQHandler
 .text.MCG_IRQHandler
                0x00002818        0x8 ./startup/startup_mk64f12.o
                0x00002818                MCG_IRQHandler
 .text.LPTMR0_IRQHandler
                0x00002820        0x8 ./startup/startup_mk64f12.o
                0x00002820                LPTMR0_IRQHandler
 .text.PORTA_IRQHandler
                0x00002828        0x8 ./startup/startup_mk64f12.o
                0x00002828                PORTA_IRQHandler
 .text.PORTB_IRQHandler
                0x00002830        0x8 ./startup/startup_mk64f12.o
                0x00002830                PORTB_IRQHandler
 .text.PORTC_IRQHandler
                0x00002838        0x8 ./startup/startup_mk64f12.o
                0x00002838                PORTC_IRQHandler
 .text.PORTD_IRQHandler
                0x00002840        0x8 ./startup/startup_mk64f12.o
                0x00002840                PORTD_IRQHandler
 .text.PORTE_IRQHandler
                0x00002848        0x8 ./startup/startup_mk64f12.o
                0x00002848                PORTE_IRQHandler
 .text.SWI_IRQHandler
                0x00002850        0x8 ./startup/startup_mk64f12.o
                0x00002850                SWI_IRQHandler
 .text.SPI2_IRQHandler
                0x00002858        0x8 ./startup/startup_mk64f12.o
                0x00002858                SPI2_IRQHandler
 .text.UART4_RX_TX_IRQHandler
                0x00002860        0x8 ./startup/startup_mk64f12.o
                0x00002860                UART4_RX_TX_IRQHandler
 .text.UART4_ERR_IRQHandler
                0x00002868        0x8 ./startup/startup_mk64f12.o
                0x00002868                UART4_ERR_IRQHandler
 .text.UART5_RX_TX_IRQHandler
                0x00002870        0x8 ./startup/startup_mk64f12.o
                0x00002870                UART5_RX_TX_IRQHandler
 .text.UART5_ERR_IRQHandler
                0x00002878        0x8 ./startup/startup_mk64f12.o
                0x00002878                UART5_ERR_IRQHandler
 .text.CMP2_IRQHandler
                0x00002880        0x8 ./startup/startup_mk64f12.o
                0x00002880                CMP2_IRQHandler
 .text.FTM3_IRQHandler
                0x00002888        0x8 ./startup/startup_mk64f12.o
                0x00002888                FTM3_IRQHandler
 .text.DAC1_IRQHandler
                0x00002890        0x8 ./startup/startup_mk64f12.o
                0x00002890                DAC1_IRQHandler
 .text.ADC1_IRQHandler
                0x00002898        0x8 ./startup/startup_mk64f12.o
                0x00002898                ADC1_IRQHandler
 .text.I2C2_IRQHandler
                0x000028a0        0x8 ./startup/startup_mk64f12.o
                0x000028a0                I2C2_IRQHandler
 .text.CAN0_ORed_Message_buffer_IRQHandler
                0x000028a8        0x8 ./startup/startup_mk64f12.o
                0x000028a8                CAN0_ORed_Message_buffer_IRQHandler
 .text.CAN0_Bus_Off_IRQHandler
                0x000028b0        0x8 ./startup/startup_mk64f12.o
                0x000028b0                CAN0_Bus_Off_IRQHandler
 .text.CAN0_Error_IRQHandler
                0x000028b8        0x8 ./startup/startup_mk64f12.o
                0x000028b8                CAN0_Error_IRQHandler
 .text.CAN0_Tx_Warning_IRQHandler
                0x000028c0        0x8 ./startup/startup_mk64f12.o
                0x000028c0                CAN0_Tx_Warning_IRQHandler
 .text.CAN0_Rx_Warning_IRQHandler
                0x000028c8        0x8 ./startup/startup_mk64f12.o
                0x000028c8                CAN0_Rx_Warning_IRQHandler
 .text.CAN0_Wake_Up_IRQHandler
                0x000028d0        0x8 ./startup/startup_mk64f12.o
                0x000028d0                CAN0_Wake_Up_IRQHandler
 .text.SDHC_IRQHandler
                0x000028d8        0x8 ./startup/startup_mk64f12.o
                0x000028d8                SDHC_IRQHandler
 .text.ENET_1588_Timer_IRQHandler
                0x000028e0        0x8 ./startup/startup_mk64f12.o
                0x000028e0                ENET_1588_Timer_IRQHandler
 .text.ENET_Transmit_IRQHandler
                0x000028e8        0x8 ./startup/startup_mk64f12.o
                0x000028e8                ENET_Transmit_IRQHandler
 .text.ENET_Receive_IRQHandler
                0x000028f0        0x8 ./startup/startup_mk64f12.o
                0x000028f0                ENET_Receive_IRQHandler
 .text.ENET_Error_IRQHandler
                0x000028f8        0x8 ./startup/startup_mk64f12.o
                0x000028f8                ENET_Error_IRQHandler
 .text.PIT_ClearStatusFlags
                0x00002900       0x2a ./source/PIT.o
 .text.CLOCK_EnableClock
                0x0000292a       0x34 ./source/lcd_driver.o
 .text.GPIO_PinWrite
                0x0000295e       0x36 ./source/lcd_driver.o
 .text.PORT_SetPinMux
                0x00002994       0x3a ./source/lcd_driver.o
 .text.HardFault_Handler
                0x000029ce       0x36 ./source/semihost_hardfault.o
                0x000029ce                HardFault_Handler
 .text.OSC_SetExtRefClkConfig
                0x00002a04       0x34 ./drivers/fsl_clock.o
 .text.OSC_SetCapLoad
                0x00002a38       0x34 ./drivers/fsl_clock.o
 .text.CLOCK_GetPll0RefFreq
                0x00002a6c        0xe ./drivers/fsl_clock.o
 .text.CLOCK_GetFixedFreqClkFreq
                0x00002a7a       0x34 ./drivers/fsl_clock.o
                0x00002a7a                CLOCK_GetFixedFreqClkFreq
 .text.CLOCK_EnableClock
                0x00002aae       0x34 ./drivers/fsl_dspi.o
 .text.DSPI_Enable
                0x00002ae2       0x38 ./drivers/fsl_dspi.o
 .text.DSPI_GetStatusFlags
                0x00002b1a       0x18 ./drivers/fsl_dspi.o
 .text.DSPI_ClearStatusFlags
                0x00002b32       0x1c ./drivers/fsl_dspi.o
 .text.DSPI_DisableInterrupts
                0x00002b4e       0x24 ./drivers/fsl_dspi.o
 .text.DSPI_SetMasterSlaveMode
                0x00002b72       0x2a ./drivers/fsl_dspi.o
 .text.DSPI_IsMaster
                0x00002b9c       0x26 ./drivers/fsl_dspi.o
 .text.DSPI_StartTransfer
                0x00002bc2       0x20 ./drivers/fsl_dspi.o
 .text.DSPI_StopTransfer
                0x00002be2       0x20 ./drivers/fsl_dspi.o
 .text.DSPI_FlushFifo
                0x00002c02       0x48 ./drivers/fsl_dspi.o
 .text.DSPI_MasterGetFormattedCommand
                0x00002c4a       0x4a ./drivers/fsl_dspi.o
 .text.DSPI_ReadData
                0x00002c94       0x18 ./drivers/fsl_dspi.o
 .text.DSPI_SetOnePcsPolarity
                0x00002cac       0x4e ./drivers/fsl_dspi.o
 .text.GPIO_PinWrite
                0x00002cfa       0x36 ./drivers/fsl_gpio.o
 .text.UART0_RX_TX_DriverIRQHandler
                0x00002d30       0x12 ./drivers/fsl_uart.o
                0x00002d30                UART0_RX_TX_DriverIRQHandler
 .text.UART1_RX_TX_DriverIRQHandler
                0x00002d42       0x12 ./drivers/fsl_uart.o
                0x00002d42                UART1_RX_TX_DriverIRQHandler
 .text.UART2_RX_TX_DriverIRQHandler
                0x00002d54       0x12 ./drivers/fsl_uart.o
                0x00002d54                UART2_RX_TX_DriverIRQHandler
 .text.UART3_RX_TX_DriverIRQHandler
                0x00002d66       0x12 ./drivers/fsl_uart.o
                0x00002d66                UART3_RX_TX_DriverIRQHandler
 .text.UART4_RX_TX_DriverIRQHandler
                0x00002d78       0x12 ./drivers/fsl_uart.o
                0x00002d78                UART4_RX_TX_DriverIRQHandler
 .text.UART5_RX_TX_DriverIRQHandler
                0x00002d8a       0x12 ./drivers/fsl_uart.o
                0x00002d8a                UART5_RX_TX_DriverIRQHandler
 .text.SystemInitHook
                0x00002d9c        0xe ./device/system_MK64F12.o
                0x00002d9c                SystemInitHook
 .text.BOARD_InitBootClocks
                0x00002daa        0xc ./board/clock_config.o
                0x00002daa                BOARD_InitBootClocks
 .text.CLOCK_EnableClock
                0x00002db6       0x34 ./board/pin_mux.o
 .text.PORT_SetPinMux
                0x00002dea       0x3a ./board/pin_mux.o
 .text.BOARD_InitBootPins
                0x00002e24        0xc ./board/pin_mux.o
                0x00002e24                BOARD_InitBootPins
 .text.__main   0x00002e30        0xe c:/nxp/mcuxpressoide_11.9.0_2144/ide/plugins/com.nxp.mcuxpresso.tools.win32_11.9.0.202307121226/tools/bin/../lib/gcc/arm-none-eabi/12.3.1/../../../../arm-none-eabi/lib/thumb/v7e-m+fp/hard\libcr_semihost_nf.a(_cr__main.o)
                0x00002e30                __CR_SEMIHOST
                0x00002e30                __main
 .text.memset   0x00002e3e        0x4 c:/nxp/mcuxpressoide_11.9.0_2144/ide/plugins/com.nxp.mcuxpresso.tools.win32_11.9.0.202307121226/tools/bin/../lib/gcc/arm-none-eabi/12.3.1/../../../../arm-none-eabi/lib/thumb/v7e-m+fp/hard\libcr_c.a(memset.o)
                0x00002e3e                memset
 .text._deferredlazyseek
                0x00002e42       0x40 c:/nxp/mcuxpressoide_11.9.0_2144/ide/plugins/com.nxp.mcuxpresso.tools.win32_11.9.0.202307121226/tools/bin/../lib/gcc/arm-none-eabi/12.3.1/../../../../arm-none-eabi/lib/thumb/v7e-m+fp/hard\libcr_c.a(_deferredlazyseek.o)
                0x00002e42                _deferredlazyseek
 .text.__flsbuf
                0x00002e82      0x140 c:/nxp/mcuxpressoide_11.9.0_2144/ide/plugins/com.nxp.mcuxpresso.tools.win32_11.9.0.202307121226/tools/bin/../lib/gcc/arm-none-eabi/12.3.1/../../../../arm-none-eabi/lib/thumb/v7e-m+fp/hard\libcr_c.a(_deferredlazyseek.o)
                0x00002e82                __flsbuf
 .text._fflush  0x00002fc2       0x52 c:/nxp/mcuxpressoide_11.9.0_2144/ide/plugins/com.nxp.mcuxpresso.tools.win32_11.9.0.202307121226/tools/bin/../lib/gcc/arm-none-eabi/12.3.1/../../../../arm-none-eabi/lib/thumb/v7e-m+fp/hard\libcr_c.a(_fflush.o)
                0x00002fc2                _fflush
 .text.free     0x00003014       0x30 c:/nxp/mcuxpressoide_11.9.0_2144/ide/plugins/com.nxp.mcuxpresso.tools.win32_11.9.0.202307121226/tools/bin/../lib/gcc/arm-none-eabi/12.3.1/../../../../arm-none-eabi/lib/thumb/v7e-m+fp/hard\libcr_c.a(alloc.o)
                0x00003014                free
 .text.fputs    0x00003044       0x2c c:/nxp/mcuxpressoide_11.9.0_2144/ide/plugins/com.nxp.mcuxpresso.tools.win32_11.9.0.202307121226/tools/bin/../lib/gcc/arm-none-eabi/12.3.1/../../../../arm-none-eabi/lib/thumb/v7e-m+fp/hard\libcr_c.a(fputs.o)
                0x00003044                fputs
 .text.setvbuf  0x00003070       0x3e c:/nxp/mcuxpressoide_11.9.0_2144/ide/plugins/com.nxp.mcuxpresso.tools.win32_11.9.0.202307121226/tools/bin/../lib/gcc/arm-none-eabi/12.3.1/../../../../arm-none-eabi/lib/thumb/v7e-m+fp/hard\libcr_c.a(setvbuf.o)
                0x00003070                setvbuf
 .text.strlen   0x000030ae       0x4e c:/nxp/mcuxpressoide_11.9.0_2144/ide/plugins/com.nxp.mcuxpresso.tools.win32_11.9.0.202307121226/tools/bin/../lib/gcc/arm-none-eabi/12.3.1/../../../../arm-none-eabi/lib/thumb/v7e-m+fp/hard\libcr_c.a(strlen.o)
                0x000030ae                strlen
 .text._fdopen  0x000030fc       0x68 c:/nxp/mcuxpressoide_11.9.0_2144/ide/plugins/com.nxp.mcuxpresso.tools.win32_11.9.0.202307121226/tools/bin/../lib/gcc/arm-none-eabi/12.3.1/../../../../arm-none-eabi/lib/thumb/v7e-m+fp/hard\libcr_c.a(_fdopen.o)
                0x000030fc                _fdopen
 .text.fclose   0x00003164       0x58 c:/nxp/mcuxpressoide_11.9.0_2144/ide/plugins/com.nxp.mcuxpresso.tools.win32_11.9.0.202307121226/tools/bin/../lib/gcc/arm-none-eabi/12.3.1/../../../../arm-none-eabi/lib/thumb/v7e-m+fp/hard\libcr_c.a(fclose.o)
                0x00003164                fclose
 .text.remove   0x000031bc       0x14 c:/nxp/mcuxpressoide_11.9.0_2144/ide/plugins/com.nxp.mcuxpresso.tools.win32_11.9.0.202307121226/tools/bin/../lib/gcc/arm-none-eabi/12.3.1/../../../../arm-none-eabi/lib/thumb/v7e-m+fp/hard\libcr_c.a(remove.o)
                0x000031bc                remove
 .text._do_fflush
                0x000031d0       0x40 c:/nxp/mcuxpressoide_11.9.0_2144/ide/plugins/com.nxp.mcuxpresso.tools.win32_11.9.0.202307121226/tools/bin/../lib/gcc/arm-none-eabi/12.3.1/../../../../arm-none-eabi/lib/thumb/v7e-m+fp/hard\libcr_c.a(_do_fflush.o)
                0x000031d0                _do_fflush
 .text.__aeabi_memset_lowlevel
                0x00003210       0x32 c:/nxp/mcuxpressoide_11.9.0_2144/ide/plugins/com.nxp.mcuxpresso.tools.win32_11.9.0.202307121226/tools/bin/../lib/gcc/arm-none-eabi/12.3.1/thumb/v7e-m+fp/hard\libcr_eabihelpers.a(memcpy.o)
                0x00003210                __aeabi_lowlevel_memset
 .text.__sys_close
                0x00003242        0xc c:/nxp/mcuxpressoide_11.9.0_2144/ide/plugins/com.nxp.mcuxpresso.tools.win32_11.9.0.202307121226/tools/bin/../lib/gcc/arm-none-eabi/12.3.1/../../../../arm-none-eabi/lib/thumb/v7e-m+fp/hard\libcr_semihost_nf.a(__sys_close.o)
                0x00003242                __sys_close
 .text.__sys_flen
                0x0000324e        0xc c:/nxp/mcuxpressoide_11.9.0_2144/ide/plugins/com.nxp.mcuxpresso.tools.win32_11.9.0.202307121226/tools/bin/../lib/gcc/arm-none-eabi/12.3.1/../../../../arm-none-eabi/lib/thumb/v7e-m+fp/hard\libcr_semihost_nf.a(__sys_flen.o)
                0x0000324e                __sys_flen
 .text.__sys_istty
                0x0000325a        0xc c:/nxp/mcuxpressoide_11.9.0_2144/ide/plugins/com.nxp.mcuxpresso.tools.win32_11.9.0.202307121226/tools/bin/../lib/gcc/arm-none-eabi/12.3.1/../../../../arm-none-eabi/lib/thumb/v7e-m+fp/hard\libcr_semihost_nf.a(__sys_istty.o)
                0x0000325a                __sys_istty
 .text.__sys_remove
                0x00003266        0xc c:/nxp/mcuxpressoide_11.9.0_2144/ide/plugins/com.nxp.mcuxpresso.tools.win32_11.9.0.202307121226/tools/bin/../lib/gcc/arm-none-eabi/12.3.1/../../../../arm-none-eabi/lib/thumb/v7e-m+fp/hard\libcr_semihost_nf.a(__sys_remove.o)
                0x00003266                __sys_remove
 .text.__sys_seek
                0x00003272        0xc c:/nxp/mcuxpressoide_11.9.0_2144/ide/plugins/com.nxp.mcuxpresso.tools.win32_11.9.0.202307121226/tools/bin/../lib/gcc/arm-none-eabi/12.3.1/../../../../arm-none-eabi/lib/thumb/v7e-m+fp/hard\libcr_semihost_nf.a(__sys_seek.o)
                0x00003272                __sys_seek
 .text.__sys_tmpnam
                0x0000327e        0xc c:/nxp/mcuxpressoide_11.9.0_2144/ide/plugins/com.nxp.mcuxpresso.tools.win32_11.9.0.202307121226/tools/bin/../lib/gcc/arm-none-eabi/12.3.1/../../../../arm-none-eabi/lib/thumb/v7e-m+fp/hard\libcr_semihost_nf.a(__sys_tmpnam.o)
                0x0000327e                __sys_tmpnam
 .text.__sys_write
                0x0000328a        0xc c:/nxp/mcuxpressoide_11.9.0_2144/ide/plugins/com.nxp.mcuxpresso.tools.win32_11.9.0.202307121226/tools/bin/../lib/gcc/arm-none-eabi/12.3.1/../../../../arm-none-eabi/lib/thumb/v7e-m+fp/hard\libcr_semihost_nf.a(__sys_write.o)
                0x0000328a                __sys_write
 *(SORT_BY_ALIGNMENT(.rodata) SORT_BY_ALIGNMENT(.rodata.*) SORT_BY_ALIGNMENT(.constdata) SORT_BY_ALIGNMENT(.constdata.*))
 *fill*         0x00003296        0x2 ff
 .rodata        0x00003298        0x2 ./source/lcd_driver.o
 *fill*         0x0000329a        0x2 ff
 .rodata.LCD_begin.str1.4
                0x0000329c        0x7 ./source/lcd_driver.o
 *fill*         0x000032a3        0x1 ff
 .rodata.main.str1.4
                0x000032a4       0x1e ./source/main.o
 *fill*         0x000032c2        0x2 ff
 .rodata        0x000032c4        0x3 ./source/main.o
 *fill*         0x000032c7        0x1 ff
 .rodata.CLOCK_GetMcgExtClkFreq.str1.4
                0x000032c8       0x49 ./drivers/fsl_clock.o
 *fill*         0x00003311        0x3 ff
 .rodata.CLOCK_GetOsc0ErClkFreq.str1.4
                0x00003314       0x1e ./drivers/fsl_clock.o
 *fill*         0x00003332        0x2 ff
 .rodata.CLOCK_GetEr32kClkFreq.str1.4
                0x00003334       0x1f ./drivers/fsl_clock.o
 *fill*         0x00003353        0x1 ff
 .rodata.CLOCK_GetPll0Freq.str1.4
                0x00003354       0x1d ./drivers/fsl_clock.o
 *fill*         0x00003371        0x3 ff
 .rodata.CLOCK_EnablePll0.str1.4
                0x00003374       0x1a ./drivers/fsl_clock.o
 *fill*         0x0000338e        0x2 ff
 .rodata.CLOCK_SetPbeMode.str1.4
                0x00003390       0x1a ./drivers/fsl_clock.o
 *fill*         0x000033aa        0x2 ff
 .rodata.CLOCK_BootToPeeMode.str1.4
                0x000033ac       0x1a ./drivers/fsl_clock.o
 *fill*         0x000033c6        0x2 ff
 .rodata.fllFactorTable.1
                0x000033c8       0x10 ./drivers/fsl_clock.o
 .rodata.s_baudratePrescaler
                0x000033d8       0x10 ./drivers/fsl_dspi.o
 .rodata.s_baudrateScaler
                0x000033e8       0x40 ./drivers/fsl_dspi.o
 .rodata.s_delayPrescaler
                0x00003428       0x10 ./drivers/fsl_dspi.o
 .rodata.s_delayScaler
                0x00003438       0x40 ./drivers/fsl_dspi.o
 .rodata.s_dspiBases
                0x00003478        0xc ./drivers/fsl_dspi.o
 .rodata.s_dspiClock
                0x00003484        0xc ./drivers/fsl_dspi.o
 .rodata.DSPI_GetInstance.str1.4
                0x00003490       0x34 ./drivers/fsl_dspi.o
 .rodata.DSPI_MasterInit.str1.4
                0x000034c4       0x3f ./drivers/fsl_dspi.o
 *fill*         0x00003503        0x1 ff
 .rodata.DSPI_MasterSetDelayScaler.str1.4
                0x00003504       0x17 ./drivers/fsl_dspi.o
 *fill*         0x0000351b        0x1 ff
 .rodata.DSPI_MasterTransferBlocking.str1.4
                0x0000351c       0x22 ./drivers/fsl_dspi.o
 *fill*         0x0000353e        0x2 ff
 .rodata.SPI0_DriverIRQHandler.str1.4
                0x00003540       0x2a ./drivers/fsl_dspi.o
 *fill*         0x0000356a        0x2 ff
 .rodata.SPI1_DriverIRQHandler.str1.4
                0x0000356c       0x2a ./drivers/fsl_dspi.o
 *fill*         0x00003596        0x2 ff
 .rodata.SPI2_DriverIRQHandler.str1.4
                0x00003598       0x2a ./drivers/fsl_dspi.o
 *fill*         0x000035c2        0x2 ff
 .rodata.GPIO_PinInit.str1.4
                0x000035c4       0x20 ./drivers/fsl_gpio.o
 .rodata.mcgConfig_BOARD_BootClockRUN
                0x000035e4        0xb ./board/clock_config.o
                0x000035e4                mcgConfig_BOARD_BootClockRUN
 *fill*         0x000035ef        0x1 ff
 .rodata.simConfig_BOARD_BootClockRUN
                0x000035f0        0x8 ./board/clock_config.o
                0x000035f0                simConfig_BOARD_BootClockRUN
 .rodata.oscConfig_BOARD_BootClockRUN
                0x000035f8        0x8 ./board/clock_config.o
                0x000035f8                oscConfig_BOARD_BootClockRUN
 .rodata.__num_Ciob_streams
                0x00003600        0x4 c:/nxp/mcuxpressoide_11.9.0_2144/ide/plugins/com.nxp.mcuxpresso.tools.win32_11.9.0.202307121226/tools/bin/../lib/gcc/arm-none-eabi/12.3.1/../../../../arm-none-eabi/lib/thumb/v7e-m+fp/hard\libcr_semihost_nf.a(__ciob.o)
                0x00003600                __num_Ciob_streams
 .rodata.__assertion_failed.str1.1
                0x00003604       0x15 c:/nxp/mcuxpressoide_11.9.0_2144/ide/plugins/com.nxp.mcuxpresso.tools.win32_11.9.0.202307121226/tools/bin/../lib/gcc/arm-none-eabi/12.3.1/../../../../arm-none-eabi/lib/thumb/v7e-m+fp/hard\libcr_semihost_nf.a(_cr_assert.o)
 .rodata._Csys_alloc.str1.1
                0x00003619       0x18 c:/nxp/mcuxpressoide_11.9.0_2144/ide/plugins/com.nxp.mcuxpresso.tools.win32_11.9.0.202307121226/tools/bin/../lib/gcc/arm-none-eabi/12.3.1/../../../../arm-none-eabi/lib/thumb/v7e-m+fp/hard\libcr_c.a(alloc.o)
 .rodata._initio.str1.1
                0x00003631        0x4 c:/nxp/mcuxpressoide_11.9.0_2144/ide/plugins/com.nxp.mcuxpresso.tools.win32_11.9.0.202307121226/tools/bin/../lib/gcc/arm-none-eabi/12.3.1/../../../../arm-none-eabi/lib/thumb/v7e-m+fp/hard\libcr_c.a(initio.o)
                0x00003638                        . = ALIGN (0x8)
 *fill*         0x00003635        0x3 ff

.glue_7         0x00003638        0x0
 .glue_7        0x00003638        0x0 linker stubs

.glue_7t        0x00003638        0x0
 .glue_7t       0x00003638        0x0 linker stubs

.vfp11_veneer   0x00003638        0x0
 .vfp11_veneer  0x00003638        0x0 linker stubs

.v4_bx          0x00003638        0x0
 .v4_bx         0x00003638        0x0 linker stubs

.iplt           0x00003638        0x0
 .iplt          0x00003638        0x0 ./startup/startup_mk64f12.o

.rel.dyn        0x00003638        0x0
 .rel.iplt      0x00003638        0x0 ./startup/startup_mk64f12.o

.ARM.extab
 *(SORT_BY_ALIGNMENT(.ARM.extab*) SORT_BY_ALIGNMENT(.gnu.linkonce.armextab.*))

.ARM.exidx      0x00003638        0x0
                0x00003638                        __exidx_start = .
 *(SORT_BY_ALIGNMENT(.ARM.exidx*) SORT_BY_ALIGNMENT(.gnu.linkonce.armexidx.*))
                0x00003638                        __exidx_end = .
                0x00003638                        _etext = .

.m_usb_data
 *(SORT_BY_ALIGNMENT(m_usb_bdt))

.data_RAM2      0x1fff0000        0x0 load address 0x00003638
 FILL mask 0xff
                [!provide]                        PROVIDE (__start_data_RAM2 = .)
                [!provide]                        PROVIDE (__start_data_SRAM_LOWER = .)
 *(SORT_BY_ALIGNMENT(.ramfunc.$RAM2))
 *(SORT_BY_ALIGNMENT(.ramfunc.$SRAM_LOWER))
 *(SORT_BY_ALIGNMENT(.data.$RAM2))
 *(SORT_BY_ALIGNMENT(.data.$SRAM_LOWER))
 *(SORT_BY_ALIGNMENT(.data.$RAM2.*))
 *(SORT_BY_ALIGNMENT(.data.$SRAM_LOWER.*))
                0x1fff0000                        . = ALIGN (0x8)
                [!provide]                        PROVIDE (__end_data_RAM2 = .)
                [!provide]                        PROVIDE (__end_data_SRAM_LOWER = .)

.data_RAM3      0x14000000        0x0 load address 0x00003638
 FILL mask 0xff
                [!provide]                        PROVIDE (__start_data_RAM3 = .)
                [!provide]                        PROVIDE (__start_data_FLEX_RAM = .)
 *(SORT_BY_ALIGNMENT(.ramfunc.$RAM3))
 *(SORT_BY_ALIGNMENT(.ramfunc.$FLEX_RAM))
 *(SORT_BY_ALIGNMENT(.data.$RAM3))
 *(SORT_BY_ALIGNMENT(.data.$FLEX_RAM))
 *(SORT_BY_ALIGNMENT(.data.$RAM3.*))
 *(SORT_BY_ALIGNMENT(.data.$FLEX_RAM.*))
                0x14000000                        . = ALIGN (0x8)
                [!provide]                        PROVIDE (__end_data_RAM3 = .)
                [!provide]                        PROVIDE (__end_data_FLEX_RAM = .)

.uninit_RESERVED
                0x20000000        0x0
                0x20000000                        _start_uninit_RESERVED = .
 *(SORT_BY_ALIGNMENT(.bss.$RESERVED*))
                0x20000000                        . = ALIGN (0x8)
                0x20000000                        _end_uninit_RESERVED = .

.data           0x20000000       0x10 load address 0x00003638
 FILL mask 0xff
                0x20000000                        _data = .
                [!provide]                        PROVIDE (__start_data_RAM = .)
                [!provide]                        PROVIDE (__start_data_SRAM_UPPER = .)
 *(SORT_BY_ALIGNMENT(vtable))
 *(SORT_BY_ALIGNMENT(.ramfunc*))
 *(SORT_BY_ALIGNMENT(CodeQuickAccess))
 *(SORT_BY_ALIGNMENT(DataQuickAccess))
 *(SORT_BY_ALIGNMENT(RamFunction))
 *(SORT_BY_ALIGNMENT(.data*))
 .data.g_systickCounter
                0x20000000        0x4 ./source/main.o
                0x20000000                g_systickCounter
 .data.s_slowIrcFreq
                0x20000004        0x4 ./drivers/fsl_clock.o
 .data.s_fastIrcFreq
                0x20000008        0x4 ./drivers/fsl_clock.o
 .data.SystemCoreClock
                0x2000000c        0x4 ./device/system_MK64F12.o
                0x2000000c                SystemCoreClock
                0x20000010                        . = ALIGN (0x8)
                0x20000010                        _edata = .
                [!provide]                        PROVIDE (__end_data_RAM = .)
                [!provide]                        PROVIDE (__end_data_SRAM_UPPER = .)

.igot.plt       0x20000010        0x0 load address 0x00003648
 .igot.plt      0x20000010        0x0 ./startup/startup_mk64f12.o

.bss_RAM2       0x1fff0000        0x0
                [!provide]                        PROVIDE (__start_bss_RAM2 = .)
                [!provide]                        PROVIDE (__start_bss_SRAM_LOWER = .)
 *(SORT_BY_ALIGNMENT(.bss.$RAM2))
 *(SORT_BY_ALIGNMENT(.bss.$SRAM_LOWER))
 *(SORT_BY_ALIGNMENT(.bss.$RAM2.*))
 *(SORT_BY_ALIGNMENT(.bss.$SRAM_LOWER.*))
                0x1fff0000                        . = ALIGN ((. != 0x0)?0x8:0x1)
                [!provide]                        PROVIDE (__end_bss_RAM2 = .)
                [!provide]                        PROVIDE (__end_bss_SRAM_LOWER = .)

.bss_RAM3       0x14000000        0x0
                [!provide]                        PROVIDE (__start_bss_RAM3 = .)
                [!provide]                        PROVIDE (__start_bss_FLEX_RAM = .)
 *(SORT_BY_ALIGNMENT(.bss.$RAM3))
 *(SORT_BY_ALIGNMENT(.bss.$FLEX_RAM))
 *(SORT_BY_ALIGNMENT(.bss.$RAM3.*))
 *(SORT_BY_ALIGNMENT(.bss.$FLEX_RAM.*))
                0x14000000                        . = ALIGN ((. != 0x0)?0x8:0x1)
                [!provide]                        PROVIDE (__end_bss_RAM3 = .)
                [!provide]                        PROVIDE (__end_bss_FLEX_RAM = .)

.bss            0x20000010      0x120
                0x20000010                        _bss = .
                [!provide]                        PROVIDE (__start_bss_RAM = .)
                [!provide]                        PROVIDE (__start_bss_SRAM_UPPER = .)
 *(SORT_BY_ALIGNMENT(.bss*))
 .bss.configLCD
                0x20000010        0x4 ./source/lcd_driver.o
 .bss.configLCD.0
                0x20000014        0x5 ./source/lcd_driver.o
 *fill*         0x20000019        0x3 
 .bss.g_xtal0Freq
                0x2000001c        0x4 ./drivers/fsl_clock.o
                0x2000001c                g_xtal0Freq
 .bss.g_xtal32Freq
                0x20000020        0x4 ./drivers/fsl_clock.o
                0x20000020                g_xtal32Freq
 .bss.g_dspiHandle
                0x20000024        0xc ./drivers/fsl_dspi.o
 .bss.s_dspiMasterIsr
                0x20000030        0x4 ./drivers/fsl_dspi.o
 .bss.s_dspiSlaveIsr
                0x20000034        0x4 ./drivers/fsl_dspi.o
 .bss.g_dspiDummyData
                0x20000038        0x3 ./drivers/fsl_dspi.o
                0x20000038                g_dspiDummyData
 *fill*         0x2000003b        0x1 
 .bss.s_i2cHandle
                0x2000003c        0xc ./drivers/fsl_i2c.o
 .bss.s_i2cMasterIsr
                0x20000048        0x4 ./drivers/fsl_i2c.o
 .bss.s_i2cSlaveIsr
                0x2000004c        0x4 ./drivers/fsl_i2c.o
 .bss.s_uartHandle
                0x20000050       0x18 ./drivers/fsl_uart.o
                0x20000050                s_uartHandle
 .bss.s_uartIsr
                0x20000068        0x4 ./drivers/fsl_uart.o
                0x20000068                s_uartIsr
 .bss.__Ciob    0x2000006c       0xb4 c:/nxp/mcuxpressoide_11.9.0_2144/ide/plugins/com.nxp.mcuxpresso.tools.win32_11.9.0.202307121226/tools/bin/../lib/gcc/arm-none-eabi/12.3.1/../../../../arm-none-eabi/lib/thumb/v7e-m+fp/hard\libcr_semihost_nf.a(__ciob.o)
                0x2000006c                __Ciob
 .bss.errno     0x20000120        0x4 c:/nxp/mcuxpressoide_11.9.0_2144/ide/plugins/com.nxp.mcuxpresso.tools.win32_11.9.0.202307121226/tools/bin/../lib/gcc/arm-none-eabi/12.3.1/../../../../arm-none-eabi/lib/thumb/v7e-m+fp/hard\libcr_c.a(errno.o)
                0x20000120                errno
 .bss.__end_of_heap
                0x20000124        0x4 c:/nxp/mcuxpressoide_11.9.0_2144/ide/plugins/com.nxp.mcuxpresso.tools.win32_11.9.0.202307121226/tools/bin/../lib/gcc/arm-none-eabi/12.3.1/../../../../arm-none-eabi/lib/thumb/v7e-m+fp/hard\libcr_c.a(__init_alloc.o)
                0x20000124                __end_of_heap
 .bss.__heaps   0x20000128        0x4 c:/nxp/mcuxpressoide_11.9.0_2144/ide/plugins/com.nxp.mcuxpresso.tools.win32_11.9.0.202307121226/tools/bin/../lib/gcc/arm-none-eabi/12.3.1/../../../../arm-none-eabi/lib/thumb/v7e-m+fp/hard\libcr_c.a(__init_alloc.o)
                0x20000128                __heaps
 .bss.pitIsrFlag
                0x2000012c        0x1 ./source/PIT.o
 *(SORT_BY_ALIGNMENT(COMMON))
                0x20000130                        . = ALIGN (0x8)
 *fill*         0x2000012d        0x3 
                0x20000130                        _ebss = .
                [!provide]                        PROVIDE (__end_bss_RAM = .)
                [!provide]                        PROVIDE (__end_bss_SRAM_UPPER = .)
                [!provide]                        PROVIDE (end = .)

.noinit_RAM2    0x1fff0000        0x0
                [!provide]                        PROVIDE (__start_noinit_RAM2 = .)
                [!provide]                        PROVIDE (__start_noinit_SRAM_LOWER = .)
 *(SORT_BY_ALIGNMENT(.noinit.$RAM2))
 *(SORT_BY_ALIGNMENT(.noinit.$SRAM_LOWER))
 *(SORT_BY_ALIGNMENT(.noinit.$RAM2.*))
 *(SORT_BY_ALIGNMENT(.noinit.$SRAM_LOWER.*))
                0x1fff0000                        . = ALIGN (0x8)
                [!provide]                        PROVIDE (__end_noinit_RAM2 = .)
                [!provide]                        PROVIDE (__end_noinit_SRAM_LOWER = .)

.noinit_RAM3    0x14000000        0x0
                [!provide]                        PROVIDE (__start_noinit_RAM3 = .)
                [!provide]                        PROVIDE (__start_noinit_FLEX_RAM = .)
 *(SORT_BY_ALIGNMENT(.noinit.$RAM3))
 *(SORT_BY_ALIGNMENT(.noinit.$FLEX_RAM))
 *(SORT_BY_ALIGNMENT(.noinit.$RAM3.*))
 *(SORT_BY_ALIGNMENT(.noinit.$FLEX_RAM.*))
                0x14000000                        . = ALIGN (0x8)
                [!provide]                        PROVIDE (__end_noinit_RAM3 = .)
                [!provide]                        PROVIDE (__end_noinit_FLEX_RAM = .)

.noinit         0x20000130        0x0
                0x20000130                        _noinit = .
                [!provide]                        PROVIDE (__start_noinit_RAM = .)
                [!provide]                        PROVIDE (__start_noinit_SRAM_UPPER = .)
 *(SORT_BY_ALIGNMENT(.noinit*))
                0x20000130                        . = ALIGN (0x8)
                0x20000130                        _end_noinit = .
                [!provide]                        PROVIDE (__end_noinit_RAM = .)
                [!provide]                        PROVIDE (__end_noinit_SRAM_UPPER = .)
                0x00001000                        _HeapSize = 0x1000

.heap           0x20000130     0x1000
                0x20000130                        _pvHeapStart = .
                0x20001130                        . = (. + _HeapSize)
 *fill*         0x20000130     0x1000 
                0x20001130                        . = ALIGN (0x8)
                0x20001130                        _pvHeapLimit = .
                0x00001000                        _StackSize = 0x1000

.heap2stackfill
                0x20001130     0x1000
                0x20002130                        . = (. + _StackSize)
 *fill*         0x20001130     0x1000 

.stack          0x2002f000        0x0
                0x2002f000                        _vStackBase = .
                0x2002f000                        . = ALIGN (0x8)
                0x20030000                        _vStackTop = (. + _StackSize)
                0x00000000                        _image_start = LOADADDR (.text)
                0x00003648                        _image_end = (LOADADDR (.data) + SIZEOF (.data))
                0x00003648                        _image_size = (_image_end - _image_start)
OUTPUT(testing_spi.axf elf32-littlearm)
LOAD linker stubs

.debug_info     0x00000000    0x10872
 .debug_info    0x00000000      0xcfa ./startup/startup_mk64f12.o
 .debug_info    0x00000cfa      0x195 ./source/CLOCK.o
 .debug_info    0x00000e8f      0x700 ./source/PIT.o
 .debug_info    0x0000158f     0x1078 ./source/SPI.o
 .debug_info    0x00002607      0xab3 ./source/lcd_driver.o
 .debug_info    0x000030ba      0x538 ./source/main.o
 .debug_info    0x000035f2       0x3c ./source/semihost_hardfault.o
 .debug_info    0x0000362e     0x21e2 ./drivers/fsl_clock.o
 .debug_info    0x00005810     0x2616 ./drivers/fsl_dspi.o
 .debug_info    0x00007e26      0x6bb ./drivers/fsl_gpio.o
 .debug_info    0x000084e1     0x1ed1 ./drivers/fsl_i2c.o
 .debug_info    0x0000a3b2     0x1fcf ./drivers/fsl_uart.o
 .debug_info    0x0000c381      0x649 ./device/system_MK64F12.o
 .debug_info    0x0000c9ca      0xcba ./board/clock_config.o
 .debug_info    0x0000d684      0x626 ./board/pin_mux.o
 .debug_info    0x0000dcaa       0x85 c:/nxp/mcuxpressoide_11.9.0_2144/ide/plugins/com.nxp.mcuxpresso.tools.win32_11.9.0.202307121226/tools/bin/../lib/gcc/arm-none-eabi/12.3.1/../../../../arm-none-eabi/lib/thumb/v7e-m+fp/hard\libcr_semihost_nf.a(_cr__main.o)
 .debug_info    0x0000dd2f      0x22e c:/nxp/mcuxpressoide_11.9.0_2144/ide/plugins/com.nxp.mcuxpresso.tools.win32_11.9.0.202307121226/tools/bin/../lib/gcc/arm-none-eabi/12.3.1/../../../../arm-none-eabi/lib/thumb/v7e-m+fp/hard\libcr_semihost_nf.a(_cr_assert.o)
 .debug_info    0x0000df5d      0x18b c:/nxp/mcuxpressoide_11.9.0_2144/ide/plugins/com.nxp.mcuxpresso.tools.win32_11.9.0.202307121226/tools/bin/../lib/gcc/arm-none-eabi/12.3.1/../../../../arm-none-eabi/lib/thumb/v7e-m+fp/hard\libcr_semihost_nf.a(__ciob.o)
 .debug_info    0x0000e0e8       0xe3 c:/nxp/mcuxpressoide_11.9.0_2144/ide/plugins/com.nxp.mcuxpresso.tools.win32_11.9.0.202307121226/tools/bin/../lib/gcc/arm-none-eabi/12.3.1/../../../../arm-none-eabi/lib/thumb/v7e-m+fp/hard\libcr_c.a(memset.o)
 .debug_info    0x0000e1cb      0x362 c:/nxp/mcuxpressoide_11.9.0_2144/ide/plugins/com.nxp.mcuxpresso.tools.win32_11.9.0.202307121226/tools/bin/../lib/gcc/arm-none-eabi/12.3.1/../../../../arm-none-eabi/lib/thumb/v7e-m+fp/hard\libcr_c.a(_deferredlazyseek.o)
 .debug_info    0x0000e52d      0x1e3 c:/nxp/mcuxpressoide_11.9.0_2144/ide/plugins/com.nxp.mcuxpresso.tools.win32_11.9.0.202307121226/tools/bin/../lib/gcc/arm-none-eabi/12.3.1/../../../../arm-none-eabi/lib/thumb/v7e-m+fp/hard\libcr_c.a(_fflush.o)
 .debug_info    0x0000e710      0x282 c:/nxp/mcuxpressoide_11.9.0_2144/ide/plugins/com.nxp.mcuxpresso.tools.win32_11.9.0.202307121226/tools/bin/../lib/gcc/arm-none-eabi/12.3.1/../../../../arm-none-eabi/lib/thumb/v7e-m+fp/hard\libcr_c.a(_writebuf.o)
 .debug_info    0x0000e992      0x506 c:/nxp/mcuxpressoide_11.9.0_2144/ide/plugins/com.nxp.mcuxpresso.tools.win32_11.9.0.202307121226/tools/bin/../lib/gcc/arm-none-eabi/12.3.1/../../../../arm-none-eabi/lib/thumb/v7e-m+fp/hard\libcr_c.a(alloc.o)
 .debug_info    0x0000ee98       0x44 c:/nxp/mcuxpressoide_11.9.0_2144/ide/plugins/com.nxp.mcuxpresso.tools.win32_11.9.0.202307121226/tools/bin/../lib/gcc/arm-none-eabi/12.3.1/../../../../arm-none-eabi/lib/thumb/v7e-m+fp/hard\libcr_c.a(errno.o)
 .debug_info    0x0000eedc      0x1e0 c:/nxp/mcuxpressoide_11.9.0_2144/ide/plugins/com.nxp.mcuxpresso.tools.win32_11.9.0.202307121226/tools/bin/../lib/gcc/arm-none-eabi/12.3.1/../../../../arm-none-eabi/lib/thumb/v7e-m+fp/hard\libcr_c.a(fputs.o)
 .debug_info    0x0000f0bc      0x276 c:/nxp/mcuxpressoide_11.9.0_2144/ide/plugins/com.nxp.mcuxpresso.tools.win32_11.9.0.202307121226/tools/bin/../lib/gcc/arm-none-eabi/12.3.1/../../../../arm-none-eabi/lib/thumb/v7e-m+fp/hard\libcr_c.a(fseek.o)
 .debug_info    0x0000f332      0x190 c:/nxp/mcuxpressoide_11.9.0_2144/ide/plugins/com.nxp.mcuxpresso.tools.win32_11.9.0.202307121226/tools/bin/../lib/gcc/arm-none-eabi/12.3.1/../../../../arm-none-eabi/lib/thumb/v7e-m+fp/hard\libcr_c.a(ftell.o)
 .debug_info    0x0000f4c2      0x339 c:/nxp/mcuxpressoide_11.9.0_2144/ide/plugins/com.nxp.mcuxpresso.tools.win32_11.9.0.202307121226/tools/bin/../lib/gcc/arm-none-eabi/12.3.1/../../../../arm-none-eabi/lib/thumb/v7e-m+fp/hard\libcr_c.a(initio.o)
 .debug_info    0x0000f7fb      0x1f6 c:/nxp/mcuxpressoide_11.9.0_2144/ide/plugins/com.nxp.mcuxpresso.tools.win32_11.9.0.202307121226/tools/bin/../lib/gcc/arm-none-eabi/12.3.1/../../../../arm-none-eabi/lib/thumb/v7e-m+fp/hard\libcr_c.a(setvbuf.o)
 .debug_info    0x0000f9f1       0xda c:/nxp/mcuxpressoide_11.9.0_2144/ide/plugins/com.nxp.mcuxpresso.tools.win32_11.9.0.202307121226/tools/bin/../lib/gcc/arm-none-eabi/12.3.1/../../../../arm-none-eabi/lib/thumb/v7e-m+fp/hard\libcr_c.a(strlen.o)
 .debug_info    0x0000facb       0xd4 c:/nxp/mcuxpressoide_11.9.0_2144/ide/plugins/com.nxp.mcuxpresso.tools.win32_11.9.0.202307121226/tools/bin/../lib/gcc/arm-none-eabi/12.3.1/../../../../arm-none-eabi/lib/thumb/v7e-m+fp/hard\libcr_c.a(__init_alloc.o)
 .debug_info    0x0000fb9f      0x100 c:/nxp/mcuxpressoide_11.9.0_2144/ide/plugins/com.nxp.mcuxpresso.tools.win32_11.9.0.202307121226/tools/bin/../lib/gcc/arm-none-eabi/12.3.1/../../../../arm-none-eabi/lib/thumb/v7e-m+fp/hard\libcr_c.a(_cr_sbrk.o)
 .debug_info    0x0000fc9f      0x244 c:/nxp/mcuxpressoide_11.9.0_2144/ide/plugins/com.nxp.mcuxpresso.tools.win32_11.9.0.202307121226/tools/bin/../lib/gcc/arm-none-eabi/12.3.1/../../../../arm-none-eabi/lib/thumb/v7e-m+fp/hard\libcr_c.a(_fdopen.o)
 .debug_info    0x0000fee3      0x318 c:/nxp/mcuxpressoide_11.9.0_2144/ide/plugins/com.nxp.mcuxpresso.tools.win32_11.9.0.202307121226/tools/bin/../lib/gcc/arm-none-eabi/12.3.1/../../../../arm-none-eabi/lib/thumb/v7e-m+fp/hard\libcr_c.a(fclose.o)
 .debug_info    0x000101fb      0x202 c:/nxp/mcuxpressoide_11.9.0_2144/ide/plugins/com.nxp.mcuxpresso.tools.win32_11.9.0.202307121226/tools/bin/../lib/gcc/arm-none-eabi/12.3.1/../../../../arm-none-eabi/lib/thumb/v7e-m+fp/hard\libcr_c.a(fflush.o)
 .debug_info    0x000103fd      0x1ca c:/nxp/mcuxpressoide_11.9.0_2144/ide/plugins/com.nxp.mcuxpresso.tools.win32_11.9.0.202307121226/tools/bin/../lib/gcc/arm-none-eabi/12.3.1/../../../../arm-none-eabi/lib/thumb/v7e-m+fp/hard\libcr_c.a(remove.o)
 .debug_info    0x000105c7       0x71 c:/nxp/mcuxpressoide_11.9.0_2144/ide/plugins/com.nxp.mcuxpresso.tools.win32_11.9.0.202307121226/tools/bin/../lib/gcc/arm-none-eabi/12.3.1/../../../../arm-none-eabi/lib/thumb/v7e-m+fp/hard\libcr_c.a(_cr_check_heap.o)
 .debug_info    0x00010638      0x23a c:/nxp/mcuxpressoide_11.9.0_2144/ide/plugins/com.nxp.mcuxpresso.tools.win32_11.9.0.202307121226/tools/bin/../lib/gcc/arm-none-eabi/12.3.1/../../../../arm-none-eabi/lib/thumb/v7e-m+fp/hard\libcr_c.a(_do_fflush.o)

.debug_abbrev   0x00000000     0x37be
 .debug_abbrev  0x00000000      0x17a ./startup/startup_mk64f12.o
 .debug_abbrev  0x0000017a       0xac ./source/CLOCK.o
 .debug_abbrev  0x00000226      0x245 ./source/PIT.o
 .debug_abbrev  0x0000046b      0x287 ./source/SPI.o
 .debug_abbrev  0x000006f2      0x29b ./source/lcd_driver.o
 .debug_abbrev  0x0000098d      0x17e ./source/main.o
 .debug_abbrev  0x00000b0b       0x31 ./source/semihost_hardfault.o
 .debug_abbrev  0x00000b3c      0x378 ./drivers/fsl_clock.o
 .debug_abbrev  0x00000eb4      0x3b0 ./drivers/fsl_dspi.o
 .debug_abbrev  0x00001264      0x1a5 ./drivers/fsl_gpio.o
 .debug_abbrev  0x00001409      0x392 ./drivers/fsl_i2c.o
 .debug_abbrev  0x0000179b      0x45d ./drivers/fsl_uart.o
 .debug_abbrev  0x00001bf8      0x148 ./device/system_MK64F12.o
 .debug_abbrev  0x00001d40      0x247 ./board/clock_config.o
 .debug_abbrev  0x00001f87      0x189 ./board/pin_mux.o
 .debug_abbrev  0x00002110       0x70 c:/nxp/mcuxpressoide_11.9.0_2144/ide/plugins/com.nxp.mcuxpresso.tools.win32_11.9.0.202307121226/tools/bin/../lib/gcc/arm-none-eabi/12.3.1/../../../../arm-none-eabi/lib/thumb/v7e-m+fp/hard\libcr_semihost_nf.a(_cr__main.o)
 .debug_abbrev  0x00002180      0x12f c:/nxp/mcuxpressoide_11.9.0_2144/ide/plugins/com.nxp.mcuxpresso.tools.win32_11.9.0.202307121226/tools/bin/../lib/gcc/arm-none-eabi/12.3.1/../../../../arm-none-eabi/lib/thumb/v7e-m+fp/hard\libcr_semihost_nf.a(_cr_assert.o)
 .debug_abbrev  0x000022af       0xb5 c:/nxp/mcuxpressoide_11.9.0_2144/ide/plugins/com.nxp.mcuxpresso.tools.win32_11.9.0.202307121226/tools/bin/../lib/gcc/arm-none-eabi/12.3.1/../../../../arm-none-eabi/lib/thumb/v7e-m+fp/hard\libcr_semihost_nf.a(__ciob.o)
 .debug_abbrev  0x00002364       0xa8 c:/nxp/mcuxpressoide_11.9.0_2144/ide/plugins/com.nxp.mcuxpresso.tools.win32_11.9.0.202307121226/tools/bin/../lib/gcc/arm-none-eabi/12.3.1/../../../../arm-none-eabi/lib/thumb/v7e-m+fp/hard\libcr_c.a(memset.o)
 .debug_abbrev  0x0000240c      0x152 c:/nxp/mcuxpressoide_11.9.0_2144/ide/plugins/com.nxp.mcuxpresso.tools.win32_11.9.0.202307121226/tools/bin/../lib/gcc/arm-none-eabi/12.3.1/../../../../arm-none-eabi/lib/thumb/v7e-m+fp/hard\libcr_c.a(_deferredlazyseek.o)
 .debug_abbrev  0x0000255e       0xf1 c:/nxp/mcuxpressoide_11.9.0_2144/ide/plugins/com.nxp.mcuxpresso.tools.win32_11.9.0.202307121226/tools/bin/../lib/gcc/arm-none-eabi/12.3.1/../../../../arm-none-eabi/lib/thumb/v7e-m+fp/hard\libcr_c.a(_fflush.o)
 .debug_abbrev  0x0000264f      0x126 c:/nxp/mcuxpressoide_11.9.0_2144/ide/plugins/com.nxp.mcuxpresso.tools.win32_11.9.0.202307121226/tools/bin/../lib/gcc/arm-none-eabi/12.3.1/../../../../arm-none-eabi/lib/thumb/v7e-m+fp/hard\libcr_c.a(_writebuf.o)
 .debug_abbrev  0x00002775      0x284 c:/nxp/mcuxpressoide_11.9.0_2144/ide/plugins/com.nxp.mcuxpresso.tools.win32_11.9.0.202307121226/tools/bin/../lib/gcc/arm-none-eabi/12.3.1/../../../../arm-none-eabi/lib/thumb/v7e-m+fp/hard\libcr_c.a(alloc.o)
 .debug_abbrev  0x000029f9       0x44 c:/nxp/mcuxpressoide_11.9.0_2144/ide/plugins/com.nxp.mcuxpresso.tools.win32_11.9.0.202307121226/tools/bin/../lib/gcc/arm-none-eabi/12.3.1/../../../../arm-none-eabi/lib/thumb/v7e-m+fp/hard\libcr_c.a(errno.o)
 .debug_abbrev  0x00002a3d      0x10c c:/nxp/mcuxpressoide_11.9.0_2144/ide/plugins/com.nxp.mcuxpresso.tools.win32_11.9.0.202307121226/tools/bin/../lib/gcc/arm-none-eabi/12.3.1/../../../../arm-none-eabi/lib/thumb/v7e-m+fp/hard\libcr_c.a(fputs.o)
 .debug_abbrev  0x00002b49      0x11b c:/nxp/mcuxpressoide_11.9.0_2144/ide/plugins/com.nxp.mcuxpresso.tools.win32_11.9.0.202307121226/tools/bin/../lib/gcc/arm-none-eabi/12.3.1/../../../../arm-none-eabi/lib/thumb/v7e-m+fp/hard\libcr_c.a(fseek.o)
 .debug_abbrev  0x00002c64       0xc2 c:/nxp/mcuxpressoide_11.9.0_2144/ide/plugins/com.nxp.mcuxpresso.tools.win32_11.9.0.202307121226/tools/bin/../lib/gcc/arm-none-eabi/12.3.1/../../../../arm-none-eabi/lib/thumb/v7e-m+fp/hard\libcr_c.a(ftell.o)
 .debug_abbrev  0x00002d26      0x169 c:/nxp/mcuxpressoide_11.9.0_2144/ide/plugins/com.nxp.mcuxpresso.tools.win32_11.9.0.202307121226/tools/bin/../lib/gcc/arm-none-eabi/12.3.1/../../../../arm-none-eabi/lib/thumb/v7e-m+fp/hard\libcr_c.a(initio.o)
 .debug_abbrev  0x00002e8f       0xe1 c:/nxp/mcuxpressoide_11.9.0_2144/ide/plugins/com.nxp.mcuxpresso.tools.win32_11.9.0.202307121226/tools/bin/../lib/gcc/arm-none-eabi/12.3.1/../../../../arm-none-eabi/lib/thumb/v7e-m+fp/hard\libcr_c.a(setvbuf.o)
 .debug_abbrev  0x00002f70       0xa7 c:/nxp/mcuxpressoide_11.9.0_2144/ide/plugins/com.nxp.mcuxpresso.tools.win32_11.9.0.202307121226/tools/bin/../lib/gcc/arm-none-eabi/12.3.1/../../../../arm-none-eabi/lib/thumb/v7e-m+fp/hard\libcr_c.a(strlen.o)
 .debug_abbrev  0x00003017       0xaf c:/nxp/mcuxpressoide_11.9.0_2144/ide/plugins/com.nxp.mcuxpresso.tools.win32_11.9.0.202307121226/tools/bin/../lib/gcc/arm-none-eabi/12.3.1/../../../../arm-none-eabi/lib/thumb/v7e-m+fp/hard\libcr_c.a(__init_alloc.o)
 .debug_abbrev  0x000030c6       0xd3 c:/nxp/mcuxpressoide_11.9.0_2144/ide/plugins/com.nxp.mcuxpresso.tools.win32_11.9.0.202307121226/tools/bin/../lib/gcc/arm-none-eabi/12.3.1/../../../../arm-none-eabi/lib/thumb/v7e-m+fp/hard\libcr_c.a(_cr_sbrk.o)
 .debug_abbrev  0x00003199      0x119 c:/nxp/mcuxpressoide_11.9.0_2144/ide/plugins/com.nxp.mcuxpresso.tools.win32_11.9.0.202307121226/tools/bin/../lib/gcc/arm-none-eabi/12.3.1/../../../../arm-none-eabi/lib/thumb/v7e-m+fp/hard\libcr_c.a(_fdopen.o)
 .debug_abbrev  0x000032b2      0x155 c:/nxp/mcuxpressoide_11.9.0_2144/ide/plugins/com.nxp.mcuxpresso.tools.win32_11.9.0.202307121226/tools/bin/../lib/gcc/arm-none-eabi/12.3.1/../../../../arm-none-eabi/lib/thumb/v7e-m+fp/hard\libcr_c.a(fclose.o)
 .debug_abbrev  0x00003407      0x125 c:/nxp/mcuxpressoide_11.9.0_2144/ide/plugins/com.nxp.mcuxpresso.tools.win32_11.9.0.202307121226/tools/bin/../lib/gcc/arm-none-eabi/12.3.1/../../../../arm-none-eabi/lib/thumb/v7e-m+fp/hard\libcr_c.a(fflush.o)
 .debug_abbrev  0x0000352c       0xfb c:/nxp/mcuxpressoide_11.9.0_2144/ide/plugins/com.nxp.mcuxpresso.tools.win32_11.9.0.202307121226/tools/bin/../lib/gcc/arm-none-eabi/12.3.1/../../../../arm-none-eabi/lib/thumb/v7e-m+fp/hard\libcr_c.a(remove.o)
 .debug_abbrev  0x00003627       0x6b c:/nxp/mcuxpressoide_11.9.0_2144/ide/plugins/com.nxp.mcuxpresso.tools.win32_11.9.0.202307121226/tools/bin/../lib/gcc/arm-none-eabi/12.3.1/../../../../arm-none-eabi/lib/thumb/v7e-m+fp/hard\libcr_c.a(_cr_check_heap.o)
 .debug_abbrev  0x00003692      0x12c c:/nxp/mcuxpressoide_11.9.0_2144/ide/plugins/com.nxp.mcuxpresso.tools.win32_11.9.0.202307121226/tools/bin/../lib/gcc/arm-none-eabi/12.3.1/../../../../arm-none-eabi/lib/thumb/v7e-m+fp/hard\libcr_c.a(_do_fflush.o)

.debug_loc      0x00000000     0x164e
 .debug_loc     0x00000000      0x1e7 ./startup/startup_mk64f12.o
 .debug_loc     0x000001e7       0x3f c:/nxp/mcuxpressoide_11.9.0_2144/ide/plugins/com.nxp.mcuxpresso.tools.win32_11.9.0.202307121226/tools/bin/../lib/gcc/arm-none-eabi/12.3.1/../../../../arm-none-eabi/lib/thumb/v7e-m+fp/hard\libcr_semihost_nf.a(_cr_assert.o)
 .debug_loc     0x00000226       0x6f c:/nxp/mcuxpressoide_11.9.0_2144/ide/plugins/com.nxp.mcuxpresso.tools.win32_11.9.0.202307121226/tools/bin/../lib/gcc/arm-none-eabi/12.3.1/../../../../arm-none-eabi/lib/thumb/v7e-m+fp/hard\libcr_c.a(memset.o)
 .debug_loc     0x00000295      0x1aa c:/nxp/mcuxpressoide_11.9.0_2144/ide/plugins/com.nxp.mcuxpresso.tools.win32_11.9.0.202307121226/tools/bin/../lib/gcc/arm-none-eabi/12.3.1/../../../../arm-none-eabi/lib/thumb/v7e-m+fp/hard\libcr_c.a(_deferredlazyseek.o)
 .debug_loc     0x0000043f       0xfa c:/nxp/mcuxpressoide_11.9.0_2144/ide/plugins/com.nxp.mcuxpresso.tools.win32_11.9.0.202307121226/tools/bin/../lib/gcc/arm-none-eabi/12.3.1/../../../../arm-none-eabi/lib/thumb/v7e-m+fp/hard\libcr_c.a(_fflush.o)
 .debug_loc     0x00000539      0x113 c:/nxp/mcuxpressoide_11.9.0_2144/ide/plugins/com.nxp.mcuxpresso.tools.win32_11.9.0.202307121226/tools/bin/../lib/gcc/arm-none-eabi/12.3.1/../../../../arm-none-eabi/lib/thumb/v7e-m+fp/hard\libcr_c.a(_writebuf.o)
 .debug_loc     0x0000064c      0x7b2 c:/nxp/mcuxpressoide_11.9.0_2144/ide/plugins/com.nxp.mcuxpresso.tools.win32_11.9.0.202307121226/tools/bin/../lib/gcc/arm-none-eabi/12.3.1/../../../../arm-none-eabi/lib/thumb/v7e-m+fp/hard\libcr_c.a(alloc.o)
 .debug_loc     0x00000dfe       0x75 c:/nxp/mcuxpressoide_11.9.0_2144/ide/plugins/com.nxp.mcuxpresso.tools.win32_11.9.0.202307121226/tools/bin/../lib/gcc/arm-none-eabi/12.3.1/../../../../arm-none-eabi/lib/thumb/v7e-m+fp/hard\libcr_c.a(fputs.o)
 .debug_loc     0x00000e73       0xfb c:/nxp/mcuxpressoide_11.9.0_2144/ide/plugins/com.nxp.mcuxpresso.tools.win32_11.9.0.202307121226/tools/bin/../lib/gcc/arm-none-eabi/12.3.1/../../../../arm-none-eabi/lib/thumb/v7e-m+fp/hard\libcr_c.a(fseek.o)
 .debug_loc     0x00000f6e       0x99 c:/nxp/mcuxpressoide_11.9.0_2144/ide/plugins/com.nxp.mcuxpresso.tools.win32_11.9.0.202307121226/tools/bin/../lib/gcc/arm-none-eabi/12.3.1/../../../../arm-none-eabi/lib/thumb/v7e-m+fp/hard\libcr_c.a(ftell.o)
 .debug_loc     0x00001007       0x68 c:/nxp/mcuxpressoide_11.9.0_2144/ide/plugins/com.nxp.mcuxpresso.tools.win32_11.9.0.202307121226/tools/bin/../lib/gcc/arm-none-eabi/12.3.1/../../../../arm-none-eabi/lib/thumb/v7e-m+fp/hard\libcr_c.a(initio.o)
 .debug_loc     0x0000106f       0xf6 c:/nxp/mcuxpressoide_11.9.0_2144/ide/plugins/com.nxp.mcuxpresso.tools.win32_11.9.0.202307121226/tools/bin/../lib/gcc/arm-none-eabi/12.3.1/../../../../arm-none-eabi/lib/thumb/v7e-m+fp/hard\libcr_c.a(setvbuf.o)
 .debug_loc     0x00001165       0xdb c:/nxp/mcuxpressoide_11.9.0_2144/ide/plugins/com.nxp.mcuxpresso.tools.win32_11.9.0.202307121226/tools/bin/../lib/gcc/arm-none-eabi/12.3.1/../../../../arm-none-eabi/lib/thumb/v7e-m+fp/hard\libcr_c.a(strlen.o)
 .debug_loc     0x00001240       0x5c c:/nxp/mcuxpressoide_11.9.0_2144/ide/plugins/com.nxp.mcuxpresso.tools.win32_11.9.0.202307121226/tools/bin/../lib/gcc/arm-none-eabi/12.3.1/../../../../arm-none-eabi/lib/thumb/v7e-m+fp/hard\libcr_c.a(_cr_sbrk.o)
 .debug_loc     0x0000129c      0x121 c:/nxp/mcuxpressoide_11.9.0_2144/ide/plugins/com.nxp.mcuxpresso.tools.win32_11.9.0.202307121226/tools/bin/../lib/gcc/arm-none-eabi/12.3.1/../../../../arm-none-eabi/lib/thumb/v7e-m+fp/hard\libcr_c.a(_fdopen.o)
 .debug_loc     0x000013bd       0x73 c:/nxp/mcuxpressoide_11.9.0_2144/ide/plugins/com.nxp.mcuxpresso.tools.win32_11.9.0.202307121226/tools/bin/../lib/gcc/arm-none-eabi/12.3.1/../../../../arm-none-eabi/lib/thumb/v7e-m+fp/hard\libcr_c.a(fclose.o)
 .debug_loc     0x00001430       0xa2 c:/nxp/mcuxpressoide_11.9.0_2144/ide/plugins/com.nxp.mcuxpresso.tools.win32_11.9.0.202307121226/tools/bin/../lib/gcc/arm-none-eabi/12.3.1/../../../../arm-none-eabi/lib/thumb/v7e-m+fp/hard\libcr_c.a(fflush.o)
 .debug_loc     0x000014d2       0xc7 c:/nxp/mcuxpressoide_11.9.0_2144/ide/plugins/com.nxp.mcuxpresso.tools.win32_11.9.0.202307121226/tools/bin/../lib/gcc/arm-none-eabi/12.3.1/../../../../arm-none-eabi/lib/thumb/v7e-m+fp/hard\libcr_c.a(remove.o)
 .debug_loc     0x00001599       0x42 c:/nxp/mcuxpressoide_11.9.0_2144/ide/plugins/com.nxp.mcuxpresso.tools.win32_11.9.0.202307121226/tools/bin/../lib/gcc/arm-none-eabi/12.3.1/../../../../arm-none-eabi/lib/thumb/v7e-m+fp/hard\libcr_c.a(_cr_check_heap.o)
 .debug_loc     0x000015db       0x73 c:/nxp/mcuxpressoide_11.9.0_2144/ide/plugins/com.nxp.mcuxpresso.tools.win32_11.9.0.202307121226/tools/bin/../lib/gcc/arm-none-eabi/12.3.1/../../../../arm-none-eabi/lib/thumb/v7e-m+fp/hard\libcr_c.a(_do_fflush.o)

.debug_aranges  0x00000000      0xfc0
 .debug_aranges
                0x00000000      0x330 ./startup/startup_mk64f12.o
 .debug_aranges
                0x00000330       0x38 ./source/CLOCK.o
 .debug_aranges
                0x00000368       0x60 ./source/PIT.o
 .debug_aranges
                0x000003c8       0x40 ./source/SPI.o
 .debug_aranges
                0x00000408       0x60 ./source/lcd_driver.o
 .debug_aranges
                0x00000468       0x28 ./source/main.o
 .debug_aranges
                0x00000490       0x20 ./source/semihost_hardfault.o
 .debug_aranges
                0x000004b0      0x1f8 ./drivers/fsl_clock.o
 .debug_aranges
                0x000006a8      0x1d8 ./drivers/fsl_dspi.o
 .debug_aranges
                0x00000880       0x40 ./drivers/fsl_gpio.o
 .debug_aranges
                0x000008c0      0x180 ./drivers/fsl_i2c.o
 .debug_aranges
                0x00000a40      0x1b8 ./drivers/fsl_uart.o
 .debug_aranges
                0x00000bf8       0x30 ./device/system_MK64F12.o
 .debug_aranges
                0x00000c28       0x58 ./board/clock_config.o
 .debug_aranges
                0x00000c80       0x38 ./board/pin_mux.o
 .debug_aranges
                0x00000cb8       0x20 c:/nxp/mcuxpressoide_11.9.0_2144/ide/plugins/com.nxp.mcuxpresso.tools.win32_11.9.0.202307121226/tools/bin/../lib/gcc/arm-none-eabi/12.3.1/../../../../arm-none-eabi/lib/thumb/v7e-m+fp/hard\libcr_semihost_nf.a(_cr__main.o)
 .debug_aranges
                0x00000cd8       0x20 c:/nxp/mcuxpressoide_11.9.0_2144/ide/plugins/com.nxp.mcuxpresso.tools.win32_11.9.0.202307121226/tools/bin/../lib/gcc/arm-none-eabi/12.3.1/../../../../arm-none-eabi/lib/thumb/v7e-m+fp/hard\libcr_semihost_nf.a(_cr_assert.o)
 .debug_aranges
                0x00000cf8       0x18 c:/nxp/mcuxpressoide_11.9.0_2144/ide/plugins/com.nxp.mcuxpresso.tools.win32_11.9.0.202307121226/tools/bin/../lib/gcc/arm-none-eabi/12.3.1/../../../../arm-none-eabi/lib/thumb/v7e-m+fp/hard\libcr_semihost_nf.a(__ciob.o)
 .debug_aranges
                0x00000d10       0x20 c:/nxp/mcuxpressoide_11.9.0_2144/ide/plugins/com.nxp.mcuxpresso.tools.win32_11.9.0.202307121226/tools/bin/../lib/gcc/arm-none-eabi/12.3.1/../../../../arm-none-eabi/lib/thumb/v7e-m+fp/hard\libcr_c.a(memset.o)
 .debug_aranges
                0x00000d30       0x28 c:/nxp/mcuxpressoide_11.9.0_2144/ide/plugins/com.nxp.mcuxpresso.tools.win32_11.9.0.202307121226/tools/bin/../lib/gcc/arm-none-eabi/12.3.1/../../../../arm-none-eabi/lib/thumb/v7e-m+fp/hard\libcr_c.a(_deferredlazyseek.o)
 .debug_aranges
                0x00000d58       0x20 c:/nxp/mcuxpressoide_11.9.0_2144/ide/plugins/com.nxp.mcuxpresso.tools.win32_11.9.0.202307121226/tools/bin/../lib/gcc/arm-none-eabi/12.3.1/../../../../arm-none-eabi/lib/thumb/v7e-m+fp/hard\libcr_c.a(_fflush.o)
 .debug_aranges
                0x00000d78       0x20 c:/nxp/mcuxpressoide_11.9.0_2144/ide/plugins/com.nxp.mcuxpresso.tools.win32_11.9.0.202307121226/tools/bin/../lib/gcc/arm-none-eabi/12.3.1/../../../../arm-none-eabi/lib/thumb/v7e-m+fp/hard\libcr_c.a(_writebuf.o)
 .debug_aranges
                0x00000d98       0x40 c:/nxp/mcuxpressoide_11.9.0_2144/ide/plugins/com.nxp.mcuxpresso.tools.win32_11.9.0.202307121226/tools/bin/../lib/gcc/arm-none-eabi/12.3.1/../../../../arm-none-eabi/lib/thumb/v7e-m+fp/hard\libcr_c.a(alloc.o)
 .debug_aranges
                0x00000dd8       0x18 c:/nxp/mcuxpressoide_11.9.0_2144/ide/plugins/com.nxp.mcuxpresso.tools.win32_11.9.0.202307121226/tools/bin/../lib/gcc/arm-none-eabi/12.3.1/../../../../arm-none-eabi/lib/thumb/v7e-m+fp/hard\libcr_c.a(errno.o)
 .debug_aranges
                0x00000df0       0x20 c:/nxp/mcuxpressoide_11.9.0_2144/ide/plugins/com.nxp.mcuxpresso.tools.win32_11.9.0.202307121226/tools/bin/../lib/gcc/arm-none-eabi/12.3.1/../../../../arm-none-eabi/lib/thumb/v7e-m+fp/hard\libcr_c.a(fputs.o)
 .debug_aranges
                0x00000e10       0x20 c:/nxp/mcuxpressoide_11.9.0_2144/ide/plugins/com.nxp.mcuxpresso.tools.win32_11.9.0.202307121226/tools/bin/../lib/gcc/arm-none-eabi/12.3.1/../../../../arm-none-eabi/lib/thumb/v7e-m+fp/hard\libcr_c.a(fseek.o)
 .debug_aranges
                0x00000e30       0x20 c:/nxp/mcuxpressoide_11.9.0_2144/ide/plugins/com.nxp.mcuxpresso.tools.win32_11.9.0.202307121226/tools/bin/../lib/gcc/arm-none-eabi/12.3.1/../../../../arm-none-eabi/lib/thumb/v7e-m+fp/hard\libcr_c.a(ftell.o)
 .debug_aranges
                0x00000e50       0x28 c:/nxp/mcuxpressoide_11.9.0_2144/ide/plugins/com.nxp.mcuxpresso.tools.win32_11.9.0.202307121226/tools/bin/../lib/gcc/arm-none-eabi/12.3.1/../../../../arm-none-eabi/lib/thumb/v7e-m+fp/hard\libcr_c.a(initio.o)
 .debug_aranges
                0x00000e78       0x20 c:/nxp/mcuxpressoide_11.9.0_2144/ide/plugins/com.nxp.mcuxpresso.tools.win32_11.9.0.202307121226/tools/bin/../lib/gcc/arm-none-eabi/12.3.1/../../../../arm-none-eabi/lib/thumb/v7e-m+fp/hard\libcr_c.a(setvbuf.o)
 .debug_aranges
                0x00000e98       0x20 c:/nxp/mcuxpressoide_11.9.0_2144/ide/plugins/com.nxp.mcuxpresso.tools.win32_11.9.0.202307121226/tools/bin/../lib/gcc/arm-none-eabi/12.3.1/../../../../arm-none-eabi/lib/thumb/v7e-m+fp/hard\libcr_c.a(strlen.o)
 .debug_aranges
                0x00000eb8       0x20 c:/nxp/mcuxpressoide_11.9.0_2144/ide/plugins/com.nxp.mcuxpresso.tools.win32_11.9.0.202307121226/tools/bin/../lib/gcc/arm-none-eabi/12.3.1/../../../../arm-none-eabi/lib/thumb/v7e-m+fp/hard\libcr_c.a(__init_alloc.o)
 .debug_aranges
                0x00000ed8       0x20 c:/nxp/mcuxpressoide_11.9.0_2144/ide/plugins/com.nxp.mcuxpresso.tools.win32_11.9.0.202307121226/tools/bin/../lib/gcc/arm-none-eabi/12.3.1/../../../../arm-none-eabi/lib/thumb/v7e-m+fp/hard\libcr_c.a(_cr_sbrk.o)
 .debug_aranges
                0x00000ef8       0x20 c:/nxp/mcuxpressoide_11.9.0_2144/ide/plugins/com.nxp.mcuxpresso.tools.win32_11.9.0.202307121226/tools/bin/../lib/gcc/arm-none-eabi/12.3.1/../../../../arm-none-eabi/lib/thumb/v7e-m+fp/hard\libcr_c.a(_fdopen.o)
 .debug_aranges
                0x00000f18       0x20 c:/nxp/mcuxpressoide_11.9.0_2144/ide/plugins/com.nxp.mcuxpresso.tools.win32_11.9.0.202307121226/tools/bin/../lib/gcc/arm-none-eabi/12.3.1/../../../../arm-none-eabi/lib/thumb/v7e-m+fp/hard\libcr_c.a(fclose.o)
 .debug_aranges
                0x00000f38       0x20 c:/nxp/mcuxpressoide_11.9.0_2144/ide/plugins/com.nxp.mcuxpresso.tools.win32_11.9.0.202307121226/tools/bin/../lib/gcc/arm-none-eabi/12.3.1/../../../../arm-none-eabi/lib/thumb/v7e-m+fp/hard\libcr_c.a(fflush.o)
 .debug_aranges
                0x00000f58       0x28 c:/nxp/mcuxpressoide_11.9.0_2144/ide/plugins/com.nxp.mcuxpresso.tools.win32_11.9.0.202307121226/tools/bin/../lib/gcc/arm-none-eabi/12.3.1/../../../../arm-none-eabi/lib/thumb/v7e-m+fp/hard\libcr_c.a(remove.o)
 .debug_aranges
                0x00000f80       0x20 c:/nxp/mcuxpressoide_11.9.0_2144/ide/plugins/com.nxp.mcuxpresso.tools.win32_11.9.0.202307121226/tools/bin/../lib/gcc/arm-none-eabi/12.3.1/../../../../arm-none-eabi/lib/thumb/v7e-m+fp/hard\libcr_c.a(_cr_check_heap.o)
 .debug_aranges
                0x00000fa0       0x20 c:/nxp/mcuxpressoide_11.9.0_2144/ide/plugins/com.nxp.mcuxpresso.tools.win32_11.9.0.202307121226/tools/bin/../lib/gcc/arm-none-eabi/12.3.1/../../../../arm-none-eabi/lib/thumb/v7e-m+fp/hard\libcr_c.a(_do_fflush.o)

.debug_ranges   0x00000000      0xdc0
 .debug_ranges  0x00000000      0x320 ./startup/startup_mk64f12.o
 .debug_ranges  0x00000320       0x28 ./source/CLOCK.o
 .debug_ranges  0x00000348       0x50 ./source/PIT.o
 .debug_ranges  0x00000398       0x30 ./source/SPI.o
 .debug_ranges  0x000003c8       0x50 ./source/lcd_driver.o
 .debug_ranges  0x00000418       0x18 ./source/main.o
 .debug_ranges  0x00000430       0x10 ./source/semihost_hardfault.o
 .debug_ranges  0x00000440      0x1e8 ./drivers/fsl_clock.o
 .debug_ranges  0x00000628      0x1c8 ./drivers/fsl_dspi.o
 .debug_ranges  0x000007f0       0x30 ./drivers/fsl_gpio.o
 .debug_ranges  0x00000820      0x170 ./drivers/fsl_i2c.o
 .debug_ranges  0x00000990      0x1a8 ./drivers/fsl_uart.o
 .debug_ranges  0x00000b38       0x20 ./device/system_MK64F12.o
 .debug_ranges  0x00000b58       0x48 ./board/clock_config.o
 .debug_ranges  0x00000ba0       0x28 ./board/pin_mux.o
 .debug_ranges  0x00000bc8       0x10 c:/nxp/mcuxpressoide_11.9.0_2144/ide/plugins/com.nxp.mcuxpresso.tools.win32_11.9.0.202307121226/tools/bin/../lib/gcc/arm-none-eabi/12.3.1/../../../../arm-none-eabi/lib/thumb/v7e-m+fp/hard\libcr_semihost_nf.a(_cr__main.o)
 .debug_ranges  0x00000bd8       0x10 c:/nxp/mcuxpressoide_11.9.0_2144/ide/plugins/com.nxp.mcuxpresso.tools.win32_11.9.0.202307121226/tools/bin/../lib/gcc/arm-none-eabi/12.3.1/../../../../arm-none-eabi/lib/thumb/v7e-m+fp/hard\libcr_semihost_nf.a(_cr_assert.o)
 .debug_ranges  0x00000be8       0x10 c:/nxp/mcuxpressoide_11.9.0_2144/ide/plugins/com.nxp.mcuxpresso.tools.win32_11.9.0.202307121226/tools/bin/../lib/gcc/arm-none-eabi/12.3.1/../../../../arm-none-eabi/lib/thumb/v7e-m+fp/hard\libcr_c.a(memset.o)
 .debug_ranges  0x00000bf8       0x38 c:/nxp/mcuxpressoide_11.9.0_2144/ide/plugins/com.nxp.mcuxpresso.tools.win32_11.9.0.202307121226/tools/bin/../lib/gcc/arm-none-eabi/12.3.1/../../../../arm-none-eabi/lib/thumb/v7e-m+fp/hard\libcr_c.a(_deferredlazyseek.o)
 .debug_ranges  0x00000c30       0x10 c:/nxp/mcuxpressoide_11.9.0_2144/ide/plugins/com.nxp.mcuxpresso.tools.win32_11.9.0.202307121226/tools/bin/../lib/gcc/arm-none-eabi/12.3.1/../../../../arm-none-eabi/lib/thumb/v7e-m+fp/hard\libcr_c.a(_fflush.o)
 .debug_ranges  0x00000c40       0x10 c:/nxp/mcuxpressoide_11.9.0_2144/ide/plugins/com.nxp.mcuxpresso.tools.win32_11.9.0.202307121226/tools/bin/../lib/gcc/arm-none-eabi/12.3.1/../../../../arm-none-eabi/lib/thumb/v7e-m+fp/hard\libcr_c.a(_writebuf.o)
 .debug_ranges  0x00000c50       0x48 c:/nxp/mcuxpressoide_11.9.0_2144/ide/plugins/com.nxp.mcuxpresso.tools.win32_11.9.0.202307121226/tools/bin/../lib/gcc/arm-none-eabi/12.3.1/../../../../arm-none-eabi/lib/thumb/v7e-m+fp/hard\libcr_c.a(alloc.o)
 .debug_ranges  0x00000c98       0x10 c:/nxp/mcuxpressoide_11.9.0_2144/ide/plugins/com.nxp.mcuxpresso.tools.win32_11.9.0.202307121226/tools/bin/../lib/gcc/arm-none-eabi/12.3.1/../../../../arm-none-eabi/lib/thumb/v7e-m+fp/hard\libcr_c.a(fputs.o)
 .debug_ranges  0x00000ca8       0x10 c:/nxp/mcuxpressoide_11.9.0_2144/ide/plugins/com.nxp.mcuxpresso.tools.win32_11.9.0.202307121226/tools/bin/../lib/gcc/arm-none-eabi/12.3.1/../../../../arm-none-eabi/lib/thumb/v7e-m+fp/hard\libcr_c.a(fseek.o)
 .debug_ranges  0x00000cb8       0x10 c:/nxp/mcuxpressoide_11.9.0_2144/ide/plugins/com.nxp.mcuxpresso.tools.win32_11.9.0.202307121226/tools/bin/../lib/gcc/arm-none-eabi/12.3.1/../../../../arm-none-eabi/lib/thumb/v7e-m+fp/hard\libcr_c.a(ftell.o)
 .debug_ranges  0x00000cc8       0x18 c:/nxp/mcuxpressoide_11.9.0_2144/ide/plugins/com.nxp.mcuxpresso.tools.win32_11.9.0.202307121226/tools/bin/../lib/gcc/arm-none-eabi/12.3.1/../../../../arm-none-eabi/lib/thumb/v7e-m+fp/hard\libcr_c.a(initio.o)
 .debug_ranges  0x00000ce0       0x10 c:/nxp/mcuxpressoide_11.9.0_2144/ide/plugins/com.nxp.mcuxpresso.tools.win32_11.9.0.202307121226/tools/bin/../lib/gcc/arm-none-eabi/12.3.1/../../../../arm-none-eabi/lib/thumb/v7e-m+fp/hard\libcr_c.a(setvbuf.o)
 .debug_ranges  0x00000cf0       0x10 c:/nxp/mcuxpressoide_11.9.0_2144/ide/plugins/com.nxp.mcuxpresso.tools.win32_11.9.0.202307121226/tools/bin/../lib/gcc/arm-none-eabi/12.3.1/../../../../arm-none-eabi/lib/thumb/v7e-m+fp/hard\libcr_c.a(strlen.o)
 .debug_ranges  0x00000d00       0x10 c:/nxp/mcuxpressoide_11.9.0_2144/ide/plugins/com.nxp.mcuxpresso.tools.win32_11.9.0.202307121226/tools/bin/../lib/gcc/arm-none-eabi/12.3.1/../../../../arm-none-eabi/lib/thumb/v7e-m+fp/hard\libcr_c.a(__init_alloc.o)
 .debug_ranges  0x00000d10       0x10 c:/nxp/mcuxpressoide_11.9.0_2144/ide/plugins/com.nxp.mcuxpresso.tools.win32_11.9.0.202307121226/tools/bin/../lib/gcc/arm-none-eabi/12.3.1/../../../../arm-none-eabi/lib/thumb/v7e-m+fp/hard\libcr_c.a(_cr_sbrk.o)
 .debug_ranges  0x00000d20       0x10 c:/nxp/mcuxpressoide_11.9.0_2144/ide/plugins/com.nxp.mcuxpresso.tools.win32_11.9.0.202307121226/tools/bin/../lib/gcc/arm-none-eabi/12.3.1/../../../../arm-none-eabi/lib/thumb/v7e-m+fp/hard\libcr_c.a(_fdopen.o)
 .debug_ranges  0x00000d30       0x10 c:/nxp/mcuxpressoide_11.9.0_2144/ide/plugins/com.nxp.mcuxpresso.tools.win32_11.9.0.202307121226/tools/bin/../lib/gcc/arm-none-eabi/12.3.1/../../../../arm-none-eabi/lib/thumb/v7e-m+fp/hard\libcr_c.a(fclose.o)
 .debug_ranges  0x00000d40       0x30 c:/nxp/mcuxpressoide_11.9.0_2144/ide/plugins/com.nxp.mcuxpresso.tools.win32_11.9.0.202307121226/tools/bin/../lib/gcc/arm-none-eabi/12.3.1/../../../../arm-none-eabi/lib/thumb/v7e-m+fp/hard\libcr_c.a(fflush.o)
 .debug_ranges  0x00000d70       0x18 c:/nxp/mcuxpressoide_11.9.0_2144/ide/plugins/com.nxp.mcuxpresso.tools.win32_11.9.0.202307121226/tools/bin/../lib/gcc/arm-none-eabi/12.3.1/../../../../arm-none-eabi/lib/thumb/v7e-m+fp/hard\libcr_c.a(remove.o)
 .debug_ranges  0x00000d88       0x10 c:/nxp/mcuxpressoide_11.9.0_2144/ide/plugins/com.nxp.mcuxpresso.tools.win32_11.9.0.202307121226/tools/bin/../lib/gcc/arm-none-eabi/12.3.1/../../../../arm-none-eabi/lib/thumb/v7e-m+fp/hard\libcr_c.a(_cr_check_heap.o)