C:\TaeMicros\SPI\testing_spi\drivers/fsl_pit.h:105:20:PIT_GetDefaultConfig	16	static
C:\TaeMicros\SPI\testing_spi\drivers/fsl_pit.h:159:20:PIT_EnableInterrupts	24	static
C:\TaeMicros\SPI\testing_spi\drivers/fsl_pit.h:220:20:PIT_ClearStatusFlags	24	static
C:\TaeMicros\SPI\testing_spi\drivers/fsl_pit.h:246:20:PIT_SetTimerPeriod	24	static
C:\TaeMicros\SPI\testing_spi\drivers/fsl_pit.h:288:20:PIT_StartTimer	16	static
../source/PIT.c:13:6:PIT0_IRQHandler	8	static
../source/PIT.c:28:6:PIT_clear_irq_status	16	static
../source/PIT.c:33:9:PIT_get_irq_status	16	static
../source/PIT.c:39:6:PIT_init	64	static
